09-25 00:50:12.632  6675  6675 E Launcher: Error start clone app: java.lang.NullPointerException: Attempt to invoke virtual method 'int java.lang.reflect.Field.getInt(java.lang.Object)' on a null object reference
09-25 00:50:12.923  3642  3817 E PowerManagerFlyme: getWakeLockInfo failed: java.lang.NoSuchMethodException: getWakeLockData []
09-25 00:50:12.928  3642  3817 E PowerManagerFlyme: getWakeLockInfo failed: java.lang.NoSuchMethodException: getWakeLockData []
09-25 00:50:15.955  3160  3160 W NfcControllerImpl: nfc adapter is not available.
09-25 00:50:15.955  3160  3160 W NfcControllerImpl: nfc adapter is not available.
09-25 00:50:15.966  2929  3347 W ContextImpl: Calling a method in the system process without a qualified user: android.app.ContextImpl.sendBroadcast:763 com.android.server.statusbar.StatusBarManagerService.sendFlymeEnterSystemUIBroadcast:-1 com.android.server.statusbar.StatusBarManagerService.onPanelRevealed:608 com.android.internal.statusbar.IStatusBarService$Stub.onTransact:230 com.android.server.statusbar.FlymeExtStatusBarManagerService.onTransact:33 
09-25 00:50:15.974  3160  3560 W NfcControllerImpl: nfc adapter is not available.
09-25 00:50:15.974  3160  3560 W NfcControllerImpl: nfc adapter is not available.
09-25 00:50:15.984  3160  3560 W NfcControllerImpl: nfc adapter is not available.
09-25 00:50:15.984  3160  3560 W NfcControllerImpl: nfc adapter is not available.
09-25 00:50:16.923  2929  3703 W ContextImpl: Calling a method in the system process without a qualified user: android.app.ContextImpl.sendBroadcast:763 com.android.server.statusbar.StatusBarManagerService.sendFlymeQuitSystemUIBroadcast:-1 com.android.server.statusbar.StatusBarManagerService.onPanelHidden:630 com.android.internal.statusbar.IStatusBarService$Stub.onTransact:237 com.android.server.statusbar.FlymeExtStatusBarManagerService.onTransact:33 
09-25 00:50:16.955  2929  2944 W InputMethodManagerService: Window already focused, ignoring focus gain of: com.android.internal.view.IInputMethodClient$Stub$Proxy@3e29cc3 attribute=android.view.inputmethod.EditorInfo@5125940, token = android.os.BinderProxy@e90a75d
09-25 00:50:17.936  3642  3817 E PowerManagerFlyme: getWakeLockInfo failed: java.lang.NoSuchMethodException: getWakeLockData []
09-25 00:50:17.940  3642  3817 E PowerManagerFlyme: getWakeLockInfo failed: java.lang.NoSuchMethodException: getWakeLockData []
09-25 00:50:22.945  3642  3817 E PowerManagerFlyme: getWakeLockInfo failed: java.lang.NoSuchMethodException: getWakeLockData []
09-25 00:50:22.948  3642  3817 E PowerManagerFlyme: getWakeLockInfo failed: java.lang.NoSuchMethodException: getWakeLockData []
09-25 00:50:27.955  3642  3817 E PowerManagerFlyme: getWakeLockInfo failed: java.lang.NoSuchMethodException: getWakeLockData []
09-25 00:50:27.962  3642  3817 E PowerManagerFlyme: getWakeLockInfo failed: java.lang.NoSuchMethodException: getWakeLockData []
09-25 00:50:32.970  3642  3817 E PowerManagerFlyme: getWakeLockInfo failed: java.lang.NoSuchMethodException: getWakeLockData []
09-25 00:50:32.975  3642  3817 E PowerManagerFlyme: getWakeLockInfo failed: java.lang.NoSuchMethodException: getWakeLockData []
09-25 00:50:37.982  3642  3817 E PowerManagerFlyme: getWakeLockInfo failed: java.lang.NoSuchMethodException: getWakeLockData []
09-25 00:50:37.985  3642  3817 E PowerManagerFlyme: getWakeLockInfo failed: java.lang.NoSuchMethodException: getWakeLockData []
09-25 00:50:42.991  3642  3817 E PowerManagerFlyme: getWakeLockInfo failed: java.lang.NoSuchMethodException: getWakeLockData []
09-25 00:50:42.995  3642  3817 E PowerManagerFlyme: getWakeLockInfo failed: java.lang.NoSuchMethodException: getWakeLockData []
09-25 00:50:47.218  2929  3029 E native  : do suspend true
09-25 00:50:47.257  4347  9745 W ContextImpl: Calling a method in the system process without a qualified user: android.app.ContextImpl.startService:-1 android.content.ContextWrapper.startService:581 com.meizu.networkmanager.c.p.a:25 com.meizu.networkmanager.boradcast.b$1$1.run:67 <bottom of call stack> 
09-25 00:50:47.266  6593  8967 W auto_update_AppAutoUpdateManager: --Screen off but update app size == 0
09-25 00:50:48.002  3642  3817 E PowerManagerFlyme: getWakeLockInfo failed: java.lang.NoSuchMethodException: getWakeLockData []
09-25 00:50:48.007  3642  3817 E PowerManagerFlyme: getWakeLockInfo failed: java.lang.NoSuchMethodException: getWakeLockData []
09-25 00:50:51.706  3160  3160 W NfcControllerImpl: nfc adapter is not available.
09-25 00:50:51.706  3160  3160 W NfcControllerImpl: nfc adapter is not available.
09-25 00:50:51.742  3160  3560 W NfcControllerImpl: nfc adapter is not available.
09-25 00:50:51.742  3160  3560 W NfcControllerImpl: nfc adapter is not available.
09-25 00:50:51.760  3160  3560 W NfcControllerImpl: nfc adapter is not available.
09-25 00:50:51.760  3160  3560 W NfcControllerImpl: nfc adapter is not available.
09-25 00:50:51.772  3160  3160 W View    : requestLayout() improperly called by android.widget.FrameLayout{d2bd26 V.E...... ......ID 0,1787-720,1787 #7f0f024a app:id/mz_dismiss_view} during layout: running second layout pass
09-25 00:50:51.983  3160  3160 W View    : requestLayout() improperly called by android.widget.FrameLayout{d2bd26 V.E...... ......ID 0,1246-720,1246 #7f0f024a app:id/mz_dismiss_view} during second layout pass: posting in next frame
09-25 00:50:53.014  3642  3817 E PowerManagerFlyme: getWakeLockInfo failed: java.lang.NoSuchMethodException: getWakeLockData []
09-25 00:50:53.018  3642  3817 E PowerManagerFlyme: getWakeLockInfo failed: java.lang.NoSuchMethodException: getWakeLockData []
09-25 00:50:58.025  3642  3817 E PowerManagerFlyme: getWakeLockInfo failed: java.lang.NoSuchMethodException: getWakeLockData []
09-25 00:50:58.029  3642  3817 E PowerManagerFlyme: getWakeLockInfo failed: java.lang.NoSuchMethodException: getWakeLockData []
09-25 00:51:03.036  3642  3817 E PowerManagerFlyme: getWakeLockInfo failed: java.lang.NoSuchMethodException: getWakeLockData []
09-25 00:51:03.043  3642  3817 E PowerManagerFlyme: getWakeLockInfo failed: java.lang.NoSuchMethodException: getWakeLockData []
09-25 00:51:08.053  3642  3817 E PowerManagerFlyme: getWakeLockInfo failed: java.lang.NoSuchMethodException: getWakeLockData []
09-25 00:51:08.058  3642  3817 E PowerManagerFlyme: getWakeLockInfo failed: java.lang.NoSuchMethodException: getWakeLockData []
09-25 00:51:13.066  3642  3817 E PowerManagerFlyme: getWakeLockInfo failed: java.lang.NoSuchMethodException: getWakeLockData []
09-25 00:51:13.071  3642  3817 E PowerManagerFlyme: getWakeLockInfo failed: java.lang.NoSuchMethodException: getWakeLockData []
09-25 00:51:18.078  3642  3817 E PowerManagerFlyme: getWakeLockInfo failed: java.lang.NoSuchMethodException: getWakeLockData []
09-25 00:51:18.085  3642  3817 E PowerManagerFlyme: getWakeLockInfo failed: java.lang.NoSuchMethodException: getWakeLockData []
09-25 00:51:23.093  3642  3817 E PowerManagerFlyme: getWakeLockInfo failed: java.lang.NoSuchMethodException: getWakeLockData []
09-25 00:51:23.098  3642  3817 E PowerManagerFlyme: getWakeLockInfo failed: java.lang.NoSuchMethodException: getWakeLockData []
09-25 00:51:24.240  2425  2912 E NetlinkEvent: NetlinkEvent::FindParam(): Parameter 'UID' not found
09-25 00:51:28.104  3642  3817 E PowerManagerFlyme: getWakeLockInfo failed: java.lang.NoSuchMethodException: getWakeLockData []
09-25 00:51:28.107  3642  3817 E PowerManagerFlyme: getWakeLockInfo failed: java.lang.NoSuchMethodException: getWakeLockData []
09-25 00:51:28.441  2425  2912 E NetlinkEvent: NetlinkEvent::FindParam(): Parameter 'UID' not found
09-25 00:51:33.114  3642  3817 E PowerManagerFlyme: getWakeLockInfo failed: java.lang.NoSuchMethodException: getWakeLockData []
09-25 00:51:33.118  3642  3817 E PowerManagerFlyme: getWakeLockInfo failed: java.lang.NoSuchMethodException: getWakeLockData []
09-25 00:51:38.125  3642  3817 E PowerManagerFlyme: getWakeLockInfo failed: java.lang.NoSuchMethodException: getWakeLockData []
09-25 00:51:38.129  3642  3817 E PowerManagerFlyme: getWakeLockInfo failed: java.lang.NoSuchMethodException: getWakeLockData []
09-25 00:51:43.135  3642  3817 E PowerManagerFlyme: getWakeLockInfo failed: java.lang.NoSuchMethodException: getWakeLockData []
09-25 00:51:43.138  3642  3817 E PowerManagerFlyme: getWakeLockInfo failed: java.lang.NoSuchMethodException: getWakeLockData []
09-25 00:51:44.732  4445  4457 E WifiManagerFlyme: disableScanInterface exception: java.lang.NoSuchMethodException
09-25 00:51:44.747  2929  3029 E native  : do suspend false
09-25 00:51:44.818  2929  3695 W ContextImpl: Calling a method in the system process without a qualified user: android.app.ContextImpl.sendBroadcast:763 com.android.server.statusbar.StatusBarManagerService.sendFlymeEnterSystemUIBroadcast:-1 com.android.server.statusbar.StatusBarManagerService.onPanelRevealed:608 com.android.internal.statusbar.IStatusBarService$Stub.onTransact:230 com.android.server.statusbar.FlymeExtStatusBarManagerService.onTransact:33 
09-25 00:51:45.429  4008  4008 E FlymeConfigUpdator: flyme get WhiteListConfigUpdator failed,config={"code":191001,"message":"not exists","value":null}
09-25 00:51:45.757  2929  3063 W ContextImpl: Calling a method in the system process without a qualified user: android.app.ContextImpl.sendBroadcast:763 com.android.server.statusbar.StatusBarManagerService.sendFlymeQuitSystemUIBroadcast:-1 com.android.server.statusbar.StatusBarManagerService.onPanelHidden:630 com.android.internal.statusbar.IStatusBarService$Stub.onTransact:237 com.android.server.statusbar.FlymeExtStatusBarManagerService.onTransact:33 
09-25 00:51:45.821  3160  3560 W NfcControllerImpl: nfc adapter is not available.
09-25 00:51:45.821  3160  3560 W NfcControllerImpl: nfc adapter is not available.
09-25 00:51:45.835  6675  6675 E Launcher: Error start clone app: java.lang.NullPointerException: Attempt to invoke virtual method 'int java.lang.reflect.Field.getInt(java.lang.Object)' on a null object reference
09-25 00:51:45.836  6675  6675 E Launcher: Error start clone app: java.lang.NullPointerException: Attempt to invoke virtual method 'int java.lang.reflect.Field.getInt(java.lang.Object)' on a null object reference
09-25 00:51:45.842  4347  9813 W ContextImpl: Calling a method in the system process without a qualified user: android.app.ContextImpl.startService:-1 android.content.ContextWrapper.startService:581 android.content.ContextWrapper.startService:581 com.meizu.networkmanager.c.p.a:25 com.meizu.networkmanager.boradcast.TrafficGlobalReceiver$2.run:244 
09-25 00:51:45.846  6593  8967 W auto_update_AppAutoUpdateManager: --Screen on and cancel scheduler download
09-25 00:51:45.860  2929  3688 W InputMethodManagerService: Window already focused, ignoring focus gain of: com.android.internal.view.IInputMethodClient$Stub$Proxy@1a2659c attribute=android.view.inputmethod.EditorInfo@fc2fba5, token = android.os.BinderProxy@e90a75d
09-25 00:51:48.144  3642  3817 E PowerManagerFlyme: getWakeLockInfo failed: java.lang.NoSuchMethodException: getWakeLockData []
09-25 00:51:48.149  3642  3817 E PowerManagerFlyme: getWakeLockInfo failed: java.lang.NoSuchMethodException: getWakeLockData []
09-25 00:51:48.269  3160  3160 W NfcControllerImpl: nfc adapter is not available.
09-25 00:51:48.269  3160  3160 W NfcControllerImpl: nfc adapter is not available.
09-25 00:51:48.281  2929  2945 W ContextImpl: Calling a method in the system process without a qualified user: android.app.ContextImpl.sendBroadcast:763 com.android.server.statusbar.StatusBarManagerService.sendFlymeEnterSystemUIBroadcast:-1 com.android.server.statusbar.StatusBarManagerService.onPanelRevealed:608 com.android.internal.statusbar.IStatusBarService$Stub.onTransact:230 com.android.server.statusbar.FlymeExtStatusBarManagerService.onTransact:33 
09-25 00:51:48.291  3160  3560 W NfcControllerImpl: nfc adapter is not available.
09-25 00:51:48.291  3160  3560 W NfcControllerImpl: nfc adapter is not available.
09-25 00:51:48.303  3160  3560 W NfcControllerImpl: nfc adapter is not available.
09-25 00:51:48.303  3160  3560 W NfcControllerImpl: nfc adapter is not available.
09-25 00:51:50.174  3160  3160 W PropertyValuesHolder: Method setImageAlpha() with type int not found on target class class android.widget.TextView
09-25 00:51:53.155  3642  3817 E PowerManagerFlyme: getWakeLockInfo failed: java.lang.NoSuchMethodException: getWakeLockData []
09-25 00:51:53.159  3642  3817 E PowerManagerFlyme: getWakeLockInfo failed: java.lang.NoSuchMethodException: getWakeLockData []
09-25 00:51:56.245  3160  3160 W View    : requestLayout() improperly called by android.widget.FrameLayout{d2bd26 V.E...... ......I. 0,1711-720,1711 #7f0f024a app:id/mz_dismiss_view} during layout: running second layout pass
09-25 00:51:56.255  3160  3160 W View    : requestLayout() improperly called by android.widget.FrameLayout{d2bd26 V.E...... ......ID 0,1741-720,1741 #7f0f024a app:id/mz_dismiss_view} during layout: running second layout pass
09-25 00:51:56.272  3160  3160 W View    : requestLayout() improperly called by android.widget.FrameLayout{d2bd26 V.E...... ......ID 0,1786-720,1786 #7f0f024a app:id/mz_dismiss_view} during layout: running second layout pass
09-25 00:51:56.289  3160  3160 W View    : requestLayout() improperly called by android.widget.FrameLayout{d2bd26 V.E...... ......ID 0,1839-720,1839 #7f0f024a app:id/mz_dismiss_view} during layout: running second layout pass
09-25 00:51:56.307  3160  3160 W View    : requestLayout() improperly called by android.widget.FrameLayout{d2bd26 V.E...... ......ID 0,1892-720,1892 #7f0f024a app:id/mz_dismiss_view} during layout: running second layout pass
09-25 00:51:56.322  3160  3160 W View    : requestLayout() improperly called by android.widget.FrameLayout{d2bd26 V.E...... ......ID 0,1935-720,1935 #7f0f024a app:id/mz_dismiss_view} during layout: running second layout pass
09-25 00:51:56.341  3160  3160 W View    : requestLayout() improperly called by android.widget.FrameLayout{d2bd26 V.E...... ......ID 0,1965-720,1965 #7f0f024a app:id/mz_dismiss_view} during layout: running second layout pass
09-25 00:51:56.358  3160  3160 W View    : requestLayout() improperly called by android.widget.FrameLayout{d2bd26 V.E...... ......ID 0,1990-720,1990 #7f0f024a app:id/mz_dismiss_view} during layout: running second layout pass
09-25 00:51:56.372  3160  3160 W View    : requestLayout() improperly called by android.widget.FrameLayout{d2bd26 V.E...... ......ID 0,2009-720,2009 #7f0f024a app:id/mz_dismiss_view} during layout: running second layout pass
09-25 00:51:56.388  3160  3160 W View    : requestLayout() improperly called by android.widget.FrameLayout{d2bd26 V.E...... ......ID 0,2025-720,2025 #7f0f024a app:id/mz_dismiss_view} during layout: running second layout pass
09-25 00:51:56.405  3160  3160 W View    : requestLayout() improperly called by android.widget.FrameLayout{d2bd26 V.E...... ......ID 0,2038-720,2038 #7f0f024a app:id/mz_dismiss_view} during layout: running second layout pass
09-25 00:51:56.422  3160  3160 W View    : requestLayout() improperly called by android.widget.FrameLayout{d2bd26 V.E...... ......ID 0,2048-720,2048 #7f0f024a app:id/mz_dismiss_view} during layout: running second layout pass
09-25 00:51:56.446  3160  3160 W View    : requestLayout() improperly called by android.widget.FrameLayout{d2bd26 V.E...... ......ID 0,2057-720,2057 #7f0f024a app:id/mz_dismiss_view} during layout: running second layout pass
09-25 00:51:56.458  3160  3160 W View    : requestLayout() improperly called by android.widget.FrameLayout{d2bd26 V.E...... ......ID 0,2064-720,2064 #7f0f024a app:id/mz_dismiss_view} during layout: running second layout pass
09-25 00:51:56.472  3160  3160 W View    : requestLayout() improperly called by android.widget.FrameLayout{d2bd26 V.E...... ......ID 0,2070-720,2070 #7f0f024a app:id/mz_dismiss_view} during layout: running second layout pass
09-25 00:51:56.488  3160  3160 W View    : requestLayout() improperly called by android.widget.FrameLayout{d2bd26 V.E...... ......ID 0,2074-720,2074 #7f0f024a app:id/mz_dismiss_view} during layout: running second layout pass
09-25 00:51:56.505  3160  3160 W View    : requestLayout() improperly called by android.widget.FrameLayout{d2bd26 V.E...... ......ID 0,2078-720,2078 #7f0f024a app:id/mz_dismiss_view} during layout: running second layout pass
09-25 00:51:56.522  3160  3160 W View    : requestLayout() improperly called by android.widget.FrameLayout{d2bd26 V.E...... ......ID 0,2081-720,2081 #7f0f024a app:id/mz_dismiss_view} during layout: running second layout pass
09-25 00:51:56.538  3160  3160 W View    : requestLayout() improperly called by android.widget.FrameLayout{d2bd26 V.E...... ......ID 0,2083-720,2083 #7f0f024a app:id/mz_dismiss_view} during layout: running second layout pass
09-25 00:51:56.555  3160  3160 W View    : requestLayout() improperly called by android.widget.FrameLayout{d2bd26 V.E...... ......ID 0,2084-720,2084 #7f0f024a app:id/mz_dismiss_view} during layout: running second layout pass
09-25 00:51:56.572  3160  3160 W View    : requestLayout() improperly called by android.widget.FrameLayout{d2bd26 V.E...... ......ID 0,2085-720,2085 #7f0f024a app:id/mz_dismiss_view} during layout: running second layout pass
09-25 00:51:56.955  3160  3160 W View    : requestLayout() improperly called by android.widget.FrameLayout{d2bd26 V.E...... ......I. 0,2086-720,2086 #7f0f024a app:id/mz_dismiss_view} during layout: running second layout pass
09-25 00:51:56.972  3160  3160 W View    : requestLayout() improperly called by android.widget.FrameLayout{d2bd26 V.E...... ......ID 0,2055-720,2055 #7f0f024a app:id/mz_dismiss_view} during layout: running second layout pass
09-25 00:51:56.989  3160  3160 W View    : requestLayout() improperly called by android.widget.FrameLayout{d2bd26 V.E...... ......ID 0,2013-720,2013 #7f0f024a app:id/mz_dismiss_view} during layout: running second layout pass
09-25 00:51:57.005  3160  3160 W View    : requestLayout() improperly called by android.widget.FrameLayout{d2bd26 V.E...... ......ID 0,1957-720,1957 #7f0f024a app:id/mz_dismiss_view} during layout: running second layout pass
09-25 00:51:57.022  3160  3160 W View    : requestLayout() improperly called by android.widget.FrameLayout{d2bd26 V.E...... ......ID 0,1904-720,1904 #7f0f024a app:id/mz_dismiss_view} during layout: running second layout pass
09-25 00:51:57.038  3160  3160 W View    : requestLayout() improperly called by android.widget.FrameLayout{d2bd26 V.E...... ......ID 0,1864-720,1864 #7f0f024a app:id/mz_dismiss_view} during layout: running second layout pass
09-25 00:51:57.055  3160  3160 W View    : requestLayout() improperly called by android.widget.FrameLayout{d2bd26 V.E...... ......ID 0,1831-720,1831 #7f0f024a app:id/mz_dismiss_view} during layout: running second layout pass
09-25 00:51:57.073  3160  3160 W View    : requestLayout() improperly called by android.widget.FrameLayout{d2bd26 V.E...... ......ID 0,1806-720,1806 #7f0f024a app:id/mz_dismiss_view} during layout: running second layout pass
09-25 00:51:57.089  3160  3160 W View    : requestLayout() improperly called by android.widget.FrameLayout{d2bd26 V.E...... ......ID 0,1788-720,1788 #7f0f024a app:id/mz_dismiss_view} during layout: running second layout pass
09-25 00:51:57.106  3160  3160 W View    : requestLayout() improperly called by android.widget.FrameLayout{d2bd26 V.E...... ......ID 0,1771-720,1771 #7f0f024a app:id/mz_dismiss_view} during layout: running second layout pass
09-25 00:51:57.122  3160  3160 W View    : requestLayout() improperly called by android.widget.FrameLayout{d2bd26 V.E...... ......ID 0,1758-720,1758 #7f0f024a app:id/mz_dismiss_view} during layout: running second layout pass
09-25 00:51:57.139  3160  3160 W View    : requestLayout() improperly called by android.widget.FrameLayout{d2bd26 V.E...... ......ID 0,1748-720,1748 #7f0f024a app:id/mz_dismiss_view} during layout: running second layout pass
09-25 00:51:57.156  3160  3160 W View    : requestLayout() improperly called by android.widget.FrameLayout{d2bd26 V.E...... ......ID 0,1739-720,1739 #7f0f024a app:id/mz_dismiss_view} during layout: running second layout pass
09-25 00:51:57.173  3160  3160 W View    : requestLayout() improperly called by android.widget.FrameLayout{d2bd26 V.E...... ......ID 0,1732-720,1732 #7f0f024a app:id/mz_dismiss_view} during layout: running second layout pass
09-25 00:51:57.189  3160  3160 W View    : requestLayout() improperly called by android.widget.FrameLayout{d2bd26 V.E...... ......ID 0,1727-720,1727 #7f0f024a app:id/mz_dismiss_view} during layout: running second layout pass
09-25 00:51:57.205  3160  3160 W View    : requestLayout() improperly called by android.widget.FrameLayout{d2bd26 V.E...... ......ID 0,1722-720,1722 #7f0f024a app:id/mz_dismiss_view} during layout: running second layout pass
09-25 00:51:57.222  3160  3160 W View    : requestLayout() improperly called by android.widget.FrameLayout{d2bd26 V.E...... ......ID 0,1718-720,1718 #7f0f024a app:id/mz_dismiss_view} during layout: running second layout pass
09-25 00:51:57.238  3160  3160 W View    : requestLayout() improperly called by android.widget.FrameLayout{d2bd26 V.E...... ......ID 0,1715-720,1715 #7f0f024a app:id/mz_dismiss_view} during layout: running second layout pass
09-25 00:51:57.255  3160  3160 W View    : requestLayout() improperly called by android.widget.FrameLayout{d2bd26 V.E...... ......ID 0,1713-720,1713 #7f0f024a app:id/mz_dismiss_view} during layout: running second layout pass
09-25 00:51:57.272  3160  3160 W View    : requestLayout() improperly called by android.widget.FrameLayout{d2bd26 V.E...... ......ID 0,1712-720,1712 #7f0f024a app:id/mz_dismiss_view} during layout: running second layout pass
09-25 00:51:58.005  3160  3160 W View    : requestLayout() improperly called by android.widget.FrameLayout{d2bd26 V.E...... ......I. 0,1711-720,1711 #7f0f024a app:id/mz_dismiss_view} during layout: running second layout pass
09-25 00:51:58.022  3160  3160 W View    : requestLayout() improperly called by android.widget.FrameLayout{d2bd26 V.E...... ......ID 0,1741-720,1741 #7f0f024a app:id/mz_dismiss_view} during layout: running second layout pass
09-25 00:51:58.038  3160  3160 W View    : requestLayout() improperly called by android.widget.FrameLayout{d2bd26 V.E...... ......ID 0,1783-720,1783 #7f0f024a app:id/mz_dismiss_view} during layout: running second layout pass
09-25 00:51:58.055  3160  3160 W View    : requestLayout() improperly called by android.widget.FrameLayout{d2bd26 V.E...... ......ID 0,1839-720,1839 #7f0f024a app:id/mz_dismiss_view} during layout: running second layout pass
09-25 00:51:58.072  3160  3160 W View    : requestLayout() improperly called by android.widget.FrameLayout{d2bd26 V.E...... ......ID 0,1892-720,1892 #7f0f024a app:id/mz_dismiss_view} during layout: running second layout pass
09-25 00:51:58.088  3160  3160 W View    : requestLayout() improperly called by android.widget.FrameLayout{d2bd26 V.E...... ......ID 0,1932-720,1932 #7f0f024a app:id/mz_dismiss_view} during layout: running second layout pass
09-25 00:51:58.105  3160  3160 W View    : requestLayout() improperly called by android.widget.FrameLayout{d2bd26 V.E...... ......ID 0,1965-720,1965 #7f0f024a app:id/mz_dismiss_view} during layout: running second layout pass
09-25 00:51:58.122  3160  3160 W View    : requestLayout() improperly called by android.widget.FrameLayout{d2bd26 V.E...... ......ID 0,1990-720,1990 #7f0f024a app:id/mz_dismiss_view} during layout: running second layout pass
09-25 00:51:58.138  3160  3160 W View    : requestLayout() improperly called by android.widget.FrameLayout{d2bd26 V.E...... ......ID 0,2008-720,2008 #7f0f024a app:id/mz_dismiss_view} during layout: running second layout pass
09-25 00:51:58.155  3160  3160 W View    : requestLayout() improperly called by android.widget.FrameLayout{d2bd26 V.E...... ......ID 0,2025-720,2025 #7f0f024a app:id/mz_dismiss_view} during layout: running second layout pass
09-25 00:51:58.164  3642  3817 E PowerManagerFlyme: getWakeLockInfo failed: java.lang.NoSuchMethodException: getWakeLockData []
09-25 00:51:58.168  3642  3817 E PowerManagerFlyme: getWakeLockInfo failed: java.lang.NoSuchMethodException: getWakeLockData []
09-25 00:51:58.172  3160  3160 W View    : requestLayout() improperly called by android.widget.FrameLayout{d2bd26 V.E...... ......ID 0,2038-720,2038 #7f0f024a app:id/mz_dismiss_view} during layout: running second layout pass
09-25 00:51:58.188  3160  3160 W View    : requestLayout() improperly called by android.widget.FrameLayout{d2bd26 V.E...... ......ID 0,2048-720,2048 #7f0f024a app:id/mz_dismiss_view} during layout: running second layout pass
09-25 00:51:58.205  3160  3160 W View    : requestLayout() improperly called by android.widget.FrameLayout{d2bd26 V.E...... ......ID 0,2057-720,2057 #7f0f024a app:id/mz_dismiss_view} during layout: running second layout pass
09-25 00:51:58.222  3160  3160 W View    : requestLayout() improperly called by android.widget.FrameLayout{d2bd26 V.E...... ......ID 0,2064-720,2064 #7f0f024a app:id/mz_dismiss_view} during layout: running second layout pass
09-25 00:51:58.238  3160  3160 W View    : requestLayout() improperly called by android.widget.FrameLayout{d2bd26 V.E...... ......ID 0,2069-720,2069 #7f0f024a app:id/mz_dismiss_view} during layout: running second layout pass
09-25 00:51:58.255  3160  3160 W View    : requestLayout() improperly called by android.widget.FrameLayout{d2bd26 V.E...... ......ID 0,2074-720,2074 #7f0f024a app:id/mz_dismiss_view} during layout: running second layout pass
09-25 00:51:58.272  3160  3160 W View    : requestLayout() improperly called by android.widget.FrameLayout{d2bd26 V.E...... ......ID 0,2078-720,2078 #7f0f024a app:id/mz_dismiss_view} during layout: running second layout pass
09-25 00:51:58.288  3160  3160 W View    : requestLayout() improperly called by android.widget.FrameLayout{d2bd26 V.E...... ......ID 0,2081-720,2081 #7f0f024a app:id/mz_dismiss_view} during layout: running second layout pass
09-25 00:51:58.305  3160  3160 W View    : requestLayout() improperly called by android.widget.FrameLayout{d2bd26 V.E...... ......ID 0,2083-720,2083 #7f0f024a app:id/mz_dismiss_view} during layout: running second layout pass
09-25 00:51:58.322  3160  3160 W View    : requestLayout() improperly called by android.widget.FrameLayout{d2bd26 V.E...... ......ID 0,2084-720,2084 #7f0f024a app:id/mz_dismiss_view} during layout: running second layout pass
09-25 00:51:58.340  3160  3160 W View    : requestLayout() improperly called by android.widget.FrameLayout{d2bd26 V.E...... ......ID 0,2085-720,2085 #7f0f024a app:id/mz_dismiss_view} during layout: running second layout pass
09-25 00:51:59.055  3160  3160 W View    : requestLayout() improperly called by android.widget.FrameLayout{d2bd26 V.E...... ......I. 0,2086-720,2086 #7f0f024a app:id/mz_dismiss_view} during layout: running second layout pass
09-25 00:51:59.072  3160  3160 W View    : requestLayout() improperly called by android.widget.FrameLayout{d2bd26 V.E...... ......ID 0,2055-720,2055 #7f0f024a app:id/mz_dismiss_view} during layout: running second layout pass
09-25 00:51:59.089  3160  3160 W View    : requestLayout() improperly called by android.widget.FrameLayout{d2bd26 V.E...... ......ID 0,2013-720,2013 #7f0f024a app:id/mz_dismiss_view} during layout: running second layout pass
09-25 00:51:59.106  3160  3160 W View    : requestLayout() improperly called by android.widget.FrameLayout{d2bd26 V.E...... ......ID 0,1957-720,1957 #7f0f024a app:id/mz_dismiss_view} during layout: running second layout pass
09-25 00:51:59.122  3160  3160 W View    : requestLayout() improperly called by android.widget.FrameLayout{d2bd26 V.E...... ......ID 0,1904-720,1904 #7f0f024a app:id/mz_dismiss_view} during layout: running second layout pass
09-25 00:51:59.138  3160  3160 W View    : requestLayout() improperly called by android.widget.FrameLayout{d2bd26 V.E...... ......ID 0,1864-720,1864 #7f0f024a app:id/mz_dismiss_view} during layout: running second layout pass
09-25 00:51:59.155  3160  3160 W View    : requestLayout() improperly called by android.widget.FrameLayout{d2bd26 V.E...... ......ID 0,1831-720,1831 #7f0f024a app:id/mz_dismiss_view} during layout: running second layout pass
09-25 00:51:59.172  3160  3160 W View    : requestLayout() improperly called by android.widget.FrameLayout{d2bd26 V.E...... ......ID 0,1806-720,1806 #7f0f024a app:id/mz_dismiss_view} during layout: running second layout pass
09-25 00:51:59.188  3160  3160 W View    : requestLayout() improperly called by android.widget.FrameLayout{d2bd26 V.E...... ......ID 0,1788-720,1788 #7f0f024a app:id/mz_dismiss_view} during layout: running second layout pass
09-25 00:51:59.205  3160  3160 W View    : requestLayout() improperly called by android.widget.FrameLayout{d2bd26 V.E...... ......ID 0,1771-720,1771 #7f0f024a app:id/mz_dismiss_view} during layout: running second layout pass
09-25 00:51:59.222  3160  3160 W View    : requestLayout() improperly called by android.widget.FrameLayout{d2bd26 V.E...... ......ID 0,1758-720,1758 #7f0f024a app:id/mz_dismiss_view} during layout: running second layout pass
09-25 00:51:59.238  3160  3160 W View    : requestLayout() improperly called by android.widget.FrameLayout{d2bd26 V.E...... ......ID 0,1748-720,1748 #7f0f024a app:id/mz_dismiss_view} during layout: running second layout pass
09-25 00:51:59.255  3160  3160 W View    : requestLayout() improperly called by android.widget.FrameLayout{d2bd26 V.E...... ......ID 0,1739-720,1739 #7f0f024a app:id/mz_dismiss_view} during layout: running second layout pass
09-25 00:51:59.272  3160  3160 W View    : requestLayout() improperly called by android.widget.FrameLayout{d2bd26 V.E...... ......ID 0,1732-720,1732 #7f0f024a app:id/mz_dismiss_view} during layout: running second layout pass
09-25 00:51:59.288  3160  3160 W View    : requestLayout() improperly called by android.widget.FrameLayout{d2bd26 V.E...... ......ID 0,1727-720,1727 #7f0f024a app:id/mz_dismiss_view} during layout: running second layout pass
09-25 00:51:59.305  3160  3160 W View    : requestLayout() improperly called by android.widget.FrameLayout{d2bd26 V.E...... ......ID 0,1722-720,1722 #7f0f024a app:id/mz_dismiss_view} during layout: running second layout pass
09-25 00:51:59.322  3160  3160 W View    : requestLayout() improperly called by android.widget.FrameLayout{d2bd26 V.E...... ......ID 0,1718-720,1718 #7f0f024a app:id/mz_dismiss_view} during layout: running second layout pass
09-25 00:51:59.339  3160  3160 W View    : requestLayout() improperly called by android.widget.FrameLayout{d2bd26 V.E...... ......ID 0,1715-720,1715 #7f0f024a app:id/mz_dismiss_view} during layout: running second layout pass
09-25 00:51:59.355  3160  3160 W View    : requestLayout() improperly called by android.widget.FrameLayout{d2bd26 V.E...... ......ID 0,1713-720,1713 #7f0f024a app:id/mz_dismiss_view} during layout: running second layout pass
09-25 00:51:59.372  3160  3160 W View    : requestLayout() improperly called by android.widget.FrameLayout{d2bd26 V.E...... ......ID 0,1712-720,1712 #7f0f024a app:id/mz_dismiss_view} during layout: running second layout pass
09-25 00:52:00.103  4008  4008 E FlymeConfigUpdator: flyme get WhiteListConfigUpdator failed,config={"code":191001,"message":"not exists","value":null}
09-25 00:52:00.802  2929  2965 W libprocessgroup: failed to open /acct/uid_10043/pid_6715/cgroup.procs: No such file or directory
09-25 00:52:01.470  6675  6675 E Launcher: Error start clone app: java.lang.NullPointerException: Attempt to invoke virtual method 'int java.lang.reflect.Field.getInt(java.lang.Object)' on a null object reference
09-25 00:52:01.470  6675  6675 E Launcher: Error start clone app: java.lang.NullPointerException: Attempt to invoke virtual method 'int java.lang.reflect.Field.getInt(java.lang.Object)' on a null object reference
09-25 00:52:01.641  6675  6675 E Launcher: Error start clone app: java.lang.NullPointerException: Attempt to invoke virtual method 'int java.lang.reflect.Field.getInt(java.lang.Object)' on a null object reference
09-25 00:52:01.641  6675  6675 E Launcher: Error start clone app: java.lang.NullPointerException: Attempt to invoke virtual method 'int java.lang.reflect.Field.getInt(java.lang.Object)' on a null object reference
09-25 00:52:01.794  2929  3666 W ContextImpl: Calling a method in the system process without a qualified user: android.app.ContextImpl.sendBroadcast:763 com.android.server.statusbar.StatusBarManagerService.sendFlymeQuitSystemUIBroadcast:-1 com.android.server.statusbar.StatusBarManagerService.onPanelHidden:630 com.android.internal.statusbar.IStatusBarService$Stub.onTransact:237 com.android.server.statusbar.FlymeExtStatusBarManagerService.onTransact:33 
09-25 00:52:01.811  2929  3348 W InputMethodManagerService: Window already focused, ignoring focus gain of: com.android.internal.view.IInputMethodClient$Stub$Proxy@70cdf59 attribute=null, token = android.os.BinderProxy@e90a75d
09-25 00:52:03.172  3642  3817 E PowerManagerFlyme: getWakeLockInfo failed: java.lang.NoSuchMethodException: getWakeLockData []
09-25 00:52:03.175  3642  3817 E PowerManagerFlyme: getWakeLockInfo failed: java.lang.NoSuchMethodException: getWakeLockData []
09-25 00:52:05.107  6754  9609 W MzUpdate: QueryUpdateService: hasUpdate packageName = com.android.settings hasUpdate = false
09-25 00:52:06.875  6754  6765 W MzUpdate: QueryUpdateService: hasUpdate packageName = com.android.settings hasUpdate = false
09-25 00:52:06.964  6754  6754 W System.err: java.lang.NoSuchMethodException: setNavigationBarIconColor [boolean]
09-25 00:52:06.965  6754  6754 W System.err: 	at java.lang.Class.getMethod(Class.java:624)
09-25 00:52:06.965  6754  6754 W System.err: 	at java.lang.Class.getMethod(Class.java:603)
09-25 00:52:06.965  6754  6754 W System.err: 	at com.meizu.flyme.update.common.c.g.a(SourceFile:40)
09-25 00:52:06.965  6754  6754 W System.err: 	at com.meizu.flyme.update.common.view.BaseActivity.a(SourceFile:40)
09-25 00:52:06.965  6754  6754 W System.err: 	at com.meizu.flyme.update.common.view.BaseActivity.onCreate(SourceFile:28)
09-25 00:52:06.965  6754  6754 W System.err: 	at com.meizu.flyme.update.SystemUpgradeListActivity.onCreate(SourceFile:36)
09-25 00:52:06.965  6754  6754 W System.err: 	at android.app.Activity.performCreate(Activity.java:6251)
09-25 00:52:06.965  6754  6754 W System.err: 	at android.app.Instrumentation.callActivityOnCreate(Instrumentation.java:1107)
09-25 00:52:06.965  6754  6754 W System.err: 	at android.app.ActivityThread.performLaunchActivity(ActivityThread.java:2369)
09-25 00:52:06.965  6754  6754 W System.err: 	at android.app.ActivityThread.handleLaunchActivity(ActivityThread.java:2476)
09-25 00:52:06.965  6754  6754 W System.err: 	at android.app.ActivityThread.-wrap11(ActivityThread.java)
09-25 00:52:06.965  6754  6754 W System.err: 	at android.app.ActivityThread$H.handleMessage(ActivityThread.java)
09-25 00:52:06.965  6754  6754 W System.err: 	at android.os.Handler.dispatchMessage(Handler.java:102)
09-25 00:52:06.965  6754  6754 W System.err: 	at android.os.Looper.loop(Looper.java:148)
09-25 00:52:06.965  6754  6754 W System.err: 	at android.app.ActivityThread.main(ActivityThread.java:5417)
09-25 00:52:06.965  6754  6754 W System.err: 	at java.lang.reflect.Method.invoke(Native Method)
09-25 00:52:06.965  6754  6754 W System.err: 	at com.android.internal.os.ZygoteInit$MethodAndArgsCaller.run(ZygoteInit.java:726)
09-25 00:52:06.965  6754  6754 W System.err: 	at com.android.internal.os.ZygoteInit.main(ZygoteInit.java:616)
09-25 00:52:07.038  6754  6754 W MzUpdateComponent:2.4.3: Self check and current System is not support app Upgrade! Start check...
09-25 00:52:07.046  6754  9848 E MzUpdateComponent:2.4.3: check interval interrupt
09-25 00:52:07.376  6754  6754 W ContextImpl: Calling a method in the system process without a qualified user: android.app.ContextImpl.bindService:1285 android.content.ContextWrapper.bindService:604 com.meizu.flyme.update.fragment.SystemUpgradeMainFragment.i:514 com.meizu.flyme.update.fragment.SystemUpgradeMainFragment.onStart:276 android.app.Fragment.performStart:2244 
09-25 00:52:07.427  6754  6754 W MzUpdate: FwCheckAndDownloader: onReceive network available
09-25 00:52:07.431  6754  6754 W MzUpdate: MissedFirmwaresChecker: onReceive network available
09-25 00:52:07.438  6754  6754 W MzUpdate: SystemUpgradeMainFragment: onCheckFirmwareStart hasCache = false
09-25 00:52:07.443  6754  6754 W MzUpdate: SystemUpgradeMainFragment: onCheckFirmwareStart hasCache = false
09-25 00:52:07.444  6754  6754 W AppUpgrade: SystemUpgradeMainFragment: onServiceConnected
09-25 00:52:07.444  6754  9851 W AppUpgrade: ManualUpgradeService: handleMessage : msg = 10086
09-25 00:52:07.875  6754  9851 W AppUpgrade: ManualUpgradeService: handleMessage : msg = 10087
09-25 00:52:07.930  6754  9851 E MzUpdateComponent:2.4.3: Build version code error! versionName = 4.4.20-beta
09-25 00:52:08.180  3642  3817 E PowerManagerFlyme: getWakeLockInfo failed: java.lang.NoSuchMethodException: getWakeLockData []
09-25 00:52:08.185  3642  3817 E PowerManagerFlyme: getWakeLockInfo failed: java.lang.NoSuchMethodException: getWakeLockData []
09-25 00:52:09.648  5897  5897 W art     : Before Android 4.1, method void com.meizu.common.preference.SwitchPreference.syncSummaryView(android.view.View) would have incorrectly overridden the package-private method in android.preference.TwoStatePreference
09-25 00:52:13.192  3642  3817 E PowerManagerFlyme: getWakeLockInfo failed: java.lang.NoSuchMethodException: getWakeLockData []
09-25 00:52:13.196  3642  3817 E PowerManagerFlyme: getWakeLockInfo failed: java.lang.NoSuchMethodException: getWakeLockData []
09-25 00:52:13.505  5897  5897 W Settings: Setting bugreport_in_power_menu has moved from android.provider.Settings.Secure to android.provider.Settings.Global.
09-25 00:52:13.553  5897  5897 W Settings: Setting bugreport_in_power_menu has moved from android.provider.Settings.Secure to android.provider.Settings.Global.
09-25 00:52:18.204  3642  3817 E PowerManagerFlyme: getWakeLockInfo failed: java.lang.NoSuchMethodException: getWakeLockData []
09-25 00:52:18.208  3642  3817 E PowerManagerFlyme: getWakeLockInfo failed: java.lang.NoSuchMethodException: getWakeLockData []
09-25 00:52:23.214  3642  3817 E PowerManagerFlyme: getWakeLockInfo failed: java.lang.NoSuchMethodException: getWakeLockData []
09-25 00:52:23.218  3642  3817 E PowerManagerFlyme: getWakeLockInfo failed: java.lang.NoSuchMethodException: getWakeLockData []
09-25 00:52:24.491  9871  9871 W System  : ClassLoader referenced unknown path: /system/priv-app/PerfUI/lib/arm64
09-25 00:52:24.647  9871  9871 W art     : Before Android 4.1, method void com.meizu.common.preference.SwitchPreference.syncSummaryView(android.view.View) would have incorrectly overridden the package-private method in android.preference.TwoStatePreference
09-25 00:52:25.745  9871  9871 W ContextImpl: Calling a method in the system process without a qualified user: android.app.ContextImpl.stopService:-1 android.content.ContextWrapper.stopService:586 com.meizu.perfui.wukong.WukongMonitorFragment.startWukongMonitorService:264 com.meizu.perfui.wukong.WukongMonitorFragment.updateMonitorSwitchOptions:189 com.meizu.perfui.wukong.WukongMonitorFragment.updateMonitorStatus:96 
09-25 00:52:25.751  9871  9871 W ContextImpl: Calling a method in the system process without a qualified user: android.app.ContextImpl.stopService:-1 android.content.ContextWrapper.stopService:586 com.meizu.perfui.wukong.WukongMonitorFragment.startWukongMonitorService:264 com.meizu.perfui.wukong.WukongMonitorFragment.updateMonitorProcessMemOptions:197 com.meizu.perfui.wukong.WukongMonitorFragment.updateMonitorStatus:98 
09-25 00:52:25.755  9871  9871 W ContextImpl: Calling a method in the system process without a qualified user: android.app.ContextImpl.stopService:-1 android.content.ContextWrapper.stopService:586 com.meizu.perfui.wukong.WukongMonitorFragment.startWukongMonitorService:264 com.meizu.perfui.wukong.WukongMonitorFragment.updateMonitorProcessPidOptions:207 com.meizu.perfui.wukong.WukongMonitorFragment.updateMonitorStatus:100 
09-25 00:52:25.759  9871  9871 W ContextImpl: Calling a method in the system process without a qualified user: android.app.ContextImpl.stopService:-1 android.content.ContextWrapper.stopService:586 com.meizu.perfui.wukong.WukongMonitorFragment.startWukongMonitorService:264 com.meizu.perfui.wukong.WukongMonitorFragment.updateMonitorProcessCpusetOptions:217 com.meizu.perfui.wukong.WukongMonitorFragment.updateMonitorStatus:102 
09-25 00:52:25.764  9871  9871 W ContextImpl: Calling a method in the system process without a qualified user: android.app.ContextImpl.stopService:-1 android.content.ContextWrapper.stopService:586 com.meizu.perfui.wukong.WukongMonitorFragment.startWukongMonitorService:264 com.meizu.perfui.wukong.WukongMonitorFragment.updateMonitorRefreshIntervalOptions:251 com.meizu.perfui.wukong.WukongMonitorFragment.updateMonitorStatus:105 
09-25 00:52:25.769  9871  9871 W ContextImpl: Calling a method in the system process without a qualified user: android.app.ContextImpl.stopService:-1 android.content.ContextWrapper.stopService:586 com.meizu.perfui.wukong.WukongMonitorFragment.startWukongMonitorService:264 com.meizu.perfui.wukong.WukongMonitorFragment.updateMonitorStateOptions:177 com.meizu.perfui.wukong.WukongMonitorFragment.updateMonitorStatus:107 
09-25 00:52:25.774  9871  9871 W ContextImpl: Calling a method in the system process without a qualified user: android.app.ContextImpl.stopService:-1 android.content.ContextWrapper.stopService:586 com.meizu.perfui.wukong.WukongMonitorFragment.startWukongMonitorService:264 com.meizu.perfui.wukong.WukongMonitorFragment.updateMonitorModeOptions:239 com.meizu.perfui.wukong.WukongMonitorFragment.updateMonitorStatus:109 
09-25 00:52:27.076  9871  9871 W ContextImpl: Calling a method in the system process without a qualified user: android.app.ContextImpl.startService:-1 android.content.ContextWrapper.startService:581 com.meizu.perfui.wukong.WukongMonitorFragment.startWukongMonitorService:261 com.meizu.perfui.wukong.WukongMonitorFragment.updateMonitorSwitchOptions:189 com.meizu.perfui.wukong.WukongMonitorFragment.onPreferenceTreeClick:115 
09-25 00:52:27.079  9871  9871 W ContextImpl: Calling a method in the system process without a qualified user: android.app.ContextImpl.stopService:-1 android.content.ContextWrapper.stopService:586 com.meizu.perfui.wukong.WukongMonitorFragment.stopMemoryMonitorService:274 com.meizu.perfui.wukong.WukongMonitorFragment.startWukongMonitorService:262 com.meizu.perfui.wukong.WukongMonitorFragment.updateMonitorSwitchOptions:189 
09-25 00:52:27.170  9871  9898 E TempTracker: IOException: /sys/class/meizu/pcb_temp/temp: open failed: ENOENT (No such file or directory)
09-25 00:52:27.171  9871  9898 E TempTracker: IOException: /sys/class/meizu/cpu_temp/temp: open failed: ENOENT (No such file or directory)
09-25 00:52:27.174  9871  9899 E FreqTracker: get cpu freq fail, path=/sys/devices/system/cpu/cpu5/cpufreq/scaling_cur_freq
09-25 00:52:27.175  9871  9899 E FreqTracker: get cpu freq fail, path=/sys/devices/system/cpu/cpu4/cpufreq/scaling_cur_freq
09-25 00:52:27.176  9871  9899 E FreqTracker: get cpu freq fail, path=/sys/devices/system/cpu/cpu7/cpufreq/scaling_cur_freq
09-25 00:52:27.176  9871  9899 E FreqTracker: get cpu freq fail, path=/sys/devices/system/cpu/cpu6/cpufreq/scaling_cur_freq
09-25 00:52:27.223  9871  9904 E CpuTracker: read file fail, path=null
09-25 00:52:27.225  9871  9904 E CpuTracker: read file fail, path=null
09-25 00:52:27.226  9871  9904 E CpuTracker: read file fail, path=null
09-25 00:52:27.227  9871  9904 E CpuTracker: read file fail, path=null
09-25 00:52:27.227  9871  9904 E CpuTracker: read file fail, path=null
09-25 00:52:27.228  9871  9904 E CpuTracker: read file fail, path=null
09-25 00:52:27.229  9871  9904 E CpuTracker: read file fail, path=null
09-25 00:52:27.230  9871  9904 E CpuTracker: read file fail, path=null
09-25 00:52:27.231  9871  9904 E CpuTracker: read file fail, path=null
09-25 00:52:27.232  9871  9904 E CpuTracker: read file fail, path=null
09-25 00:52:27.233  9871  9904 E CpuTracker: read file fail, path=null
09-25 00:52:27.234  9871  9904 E CpuTracker: read file fail, path=null
09-25 00:52:27.235  9871  9904 E CpuTracker: read file fail, path=null
09-25 00:52:27.236  9871  9904 E CpuTracker: read file fail, path=null
09-25 00:52:27.237  9871  9904 E CpuTracker: read file fail, path=null
09-25 00:52:27.238  9871  9904 E CpuTracker: read file fail, path=null
09-25 00:52:27.239  9871  9904 E CpuTracker: read file fail, path=null
09-25 00:52:27.241  9871  9904 E CpuTracker: read file fail, path=null
09-25 00:52:27.242  9871  9904 E CpuTracker: read file fail, path=null
09-25 00:52:27.243  9871  9904 E CpuTracker: read file fail, path=null
09-25 00:52:27.243  9871  9904 E CpuTracker: read file fail, path=null
09-25 00:52:27.244  9871  9904 E CpuTracker: read file fail, path=null
09-25 00:52:27.245  9871  9904 E CpuTracker: read file fail, path=null
09-25 00:52:27.246  9871  9904 E CpuTracker: read file fail, path=null
09-25 00:52:27.247  9871  9904 E CpuTracker: read file fail, path=null
09-25 00:52:27.248  9871  9904 E CpuTracker: read file fail, path=null
09-25 00:52:27.249  9871  9904 E CpuTracker: read file fail, path=null
09-25 00:52:27.250  9871  9904 E CpuTracker: read file fail, path=null
09-25 00:52:27.251  9871  9904 E CpuTracker: read file fail, path=null
09-25 00:52:27.252  9871  9904 E CpuTracker: read file fail, path=null
09-25 00:52:27.253  9871  9904 E CpuTracker: read file fail, path=null
09-25 00:52:27.253  9871  9904 E CpuTracker: read file fail, path=null
09-25 00:52:27.254  9871  9904 E CpuTracker: read file fail, path=null
09-25 00:52:27.255  9871  9904 E CpuTracker: read file fail, path=null
09-25 00:52:27.256  9871  9904 E CpuTracker: read file fail, path=null
09-25 00:52:27.257  9871  9904 E CpuTracker: read file fail, path=null
09-25 00:52:27.257  9871  9904 E CpuTracker: read file fail, path=null
09-25 00:52:27.258  9871  9904 E CpuTracker: read file fail, path=null
09-25 00:52:27.259  9871  9904 E CpuTracker: read file fail, path=null
09-25 00:52:27.262  9871  9904 E CpuTracker: read file fail, path=null
09-25 00:52:27.263  9871  9904 E CpuTracker: read file fail, path=null
09-25 00:52:27.264  9871  9904 E CpuTracker: read file fail, path=null
09-25 00:52:27.265  9871  9904 E CpuTracker: read file fail, path=null
09-25 00:52:27.266  9871  9904 E CpuTracker: read file fail, path=null
09-25 00:52:27.266  9871  9904 E CpuTracker: read file fail, path=null
09-25 00:52:27.267  9871  9904 E CpuTracker: read file fail, path=null
09-25 00:52:27.268  9871  9904 E CpuTracker: read file fail, path=null
09-25 00:52:27.269  9871  9904 E CpuTracker: read file fail, path=null
09-25 00:52:27.270  9871  9904 E CpuTracker: read file fail, path=null
09-25 00:52:27.271  9871  9904 E CpuTracker: read file fail, path=null
09-25 00:52:27.272  9871  9904 E CpuTracker: read file fail, path=null
09-25 00:52:27.273  9871  9904 E CpuTracker: read file fail, path=null
09-25 00:52:27.274  9871  9904 E CpuTracker: read file fail, path=null
09-25 00:52:27.275  9871  9904 E CpuTracker: read file fail, path=null
09-25 00:52:27.276  9871  9904 E CpuTracker: read file fail, path=null
09-25 00:52:27.277  9871  9904 E CpuTracker: read file fail, path=null
09-25 00:52:27.278  9871  9904 E CpuTracker: read file fail, path=null
09-25 00:52:27.279  9871  9904 E CpuTracker: read file fail, path=null
09-25 00:52:27.279  9871  9904 E CpuTracker: read file fail, path=null
09-25 00:52:27.281  9871  9904 E CpuTracker: read file fail, path=null
09-25 00:52:27.284  9871  9904 E CpuTracker: read file fail, path=null
09-25 00:52:27.285  9871  9904 E CpuTracker: read file fail, path=null
09-25 00:52:27.286  9871  9879 E System  : Uncaught exception thrown by finalizer
09-25 00:52:27.286  9871  9904 E CpuTracker: read file fail, path=null
09-25 00:52:27.287  9871  9904 E CpuTracker: read file fail, path=null
09-25 00:52:27.288  9871  9904 E CpuTracker: read file fail, path=null
09-25 00:52:27.289  9871  9904 E CpuTracker: read file fail, path=null
09-25 00:52:27.289  9871  9904 E CpuTracker: read file fail, path=null
09-25 00:52:27.290  9871  9904 E CpuTracker: read file fail, path=null
09-25 00:52:27.291  9871  9904 E CpuTracker: read file fail, path=null
09-25 00:52:27.293  9871  9904 E CpuTracker: read file fail, path=null
09-25 00:52:27.294  9871  9904 E CpuTracker: read file fail, path=null
09-25 00:52:27.295  9871  9904 E CpuTracker: read file fail, path=null
09-25 00:52:27.296  9871  9904 E CpuTracker: read file fail, path=null
09-25 00:52:27.298  9871  9904 E CpuTracker: read file fail, path=null
09-25 00:52:27.299  9871  9904 E CpuTracker: read file fail, path=null
09-25 00:52:27.300  9871  9904 E CpuTracker: read file fail, path=null
09-25 00:52:27.301  9871  9904 E CpuTracker: read file fail, path=null
09-25 00:52:27.302  9871  9904 E CpuTracker: read file fail, path=null
09-25 00:52:27.303  9871  9904 E CpuTracker: read file fail, path=null
09-25 00:52:27.304  9871  9904 E CpuTracker: read file fail, path=null
09-25 00:52:27.305  9871  9904 E CpuTracker: read file fail, path=null
09-25 00:52:27.306  9871  9904 E CpuTracker: read file fail, path=null
09-25 00:52:27.307  9871  9904 E CpuTracker: read file fail, path=null
09-25 00:52:27.308  9871  9904 E CpuTracker: read file fail, path=null
09-25 00:52:27.308  9871  9904 E CpuTracker: read file fail, path=null
09-25 00:52:27.309  9871  9904 E CpuTracker: read file fail, path=null
09-25 00:52:27.310  9871  9904 E CpuTracker: read file fail, path=null
09-25 00:52:27.311  9871  9904 E CpuTracker: read file fail, path=null
09-25 00:52:27.312  9871  9904 E CpuTracker: read file fail, path=null
