09-25 00:39:16.748  2929  3021 W PackageManager: Unknown permission com.meizu.compaign.permission.READ_SDK_INFO in package com.meizu.flyme.gamecenter
09-25 00:39:16.748  2929  3021 W PackageManager: Unknown permission com.meizu.compaign.permission.SEND_NOTIFICATION in package com.meizu.flyme.gamecenter
09-25 00:39:16.748  2929  3021 W PackageManager: Unknown permission android.permission.ACCESS_ALL_EXTERNAL_STORAGE in package com.android.systemui
09-25 00:39:16.749  2929  3021 W PackageManager: Unknown permission android.permission.ROOT_RECOVERY_STATE in package com.android.systemui
09-25 00:39:16.749  2929  3021 W PackageManager: Unknown permission android.Manifest.permission.READ_PRIVILEGED_PHONE_STATE in package com.android.systemui
09-25 00:39:16.749  2929  3021 W PackageManager: Unknown permission android.permission.SET_APPLICATION_ERROR_LISTENER in package com.meizu.experiencedatasync
09-25 00:39:16.749  2929  3021 W PackageManager: Unknown permission com.android.usagestats.permission.READ_USAGESTATS in package com.meizu.experiencedatasync
09-25 00:39:16.749  2929  3021 W PackageManager: Unknown permission com.android.usagestats.permission.WRITE_USAGESTATS in package com.meizu.experiencedatasync
09-25 00:39:16.749  2929  3021 W PackageManager: Unknown permission android.permission.ROOT_RECOVERY_STATE in package com.meizu.experiencedatasync
09-25 00:39:16.749  2929  3021 W PackageManager: Unknown permission com.android.voicemail.permission.READ_WRITE_ALL_VOICEMAIL in package com.meizu.callsetting
09-25 00:39:16.749  2929  3021 W PackageManager: Unknown permission com.android.usagestats.permission.READ_USAGESTATS in package com.meizu.callsetting
09-25 00:39:16.749  2929  3021 W PackageManager: Unknown permission com.android.usagestats.permission.WRITE_USAGESTATS in package com.meizu.callsetting
09-25 00:39:16.749  2929  3021 W PackageManager: Unknown permission meizu.permission.FLYME_TELECOM in package com.meizu.callsetting
09-25 00:39:16.749  2929  3021 W PackageManager: Unknown permission meizu.permission.FLYME_TELECOM_PROVIDER_READ in package com.meizu.callsetting
09-25 00:39:16.749  2929  3021 W PackageManager: Unknown permission com.meizu.cloud.permission.CLOUD_PROVIDER_WRITE in package com.meizu.callsetting
09-25 00:39:16.749  2929  3021 W PackageManager: Unknown permission android.permission.ROOT_RECOVERY_STATE in package com.meizu.callsetting
09-25 00:39:16.749  2929  3021 W PackageManager: Unknown permission flyme.permission.ROOT_RECOVERY_STATE in package com.meizu.callsetting
09-25 00:39:16.750  2929  3021 W PackageManager: Unknown permission com.meizu.flyme.push.permission.RECEIVE in package com.meizu.netcontactservice
09-25 00:39:16.750  2929  3021 W PackageManager: Unknown permission meizu.permission.FLYME_TELECOM in package com.meizu.netcontactservice
09-25 00:39:16.750  2929  3021 W PackageManager: Unknown permission android.permission.ROOT_RECOVERY_STATE in package com.meizu.netcontactservice
09-25 00:39:16.750  2929  3021 W PackageManager: Unknown permission android.permission.install_packages in package com.meizu.flyme.flymebbs
09-25 00:39:16.751  2929  3021 W PackageManager: Unknown permission com.meizu.c2dm.permission.RECEIVE in package com.meizu.flyme.flymebbs
09-25 00:39:16.751  2929  3021 W PackageManager: Unknown permission com.meizu.flyme.push.permission.RECEIVE in package com.meizu.flyme.flymebbs
09-25 00:39:16.751  2929  3021 W PackageManager: Unknown permission android.permission.ROOT_RECOVERY_STATE in package com.meizu.flyme.flymebbs
09-25 00:39:16.751  2929  3021 W PackageManager: Unknown permission com.google.android.gallery3d.permission.GALLERY_PROVIDER in package com.android.bluetooth
09-25 00:39:16.751  2929  3021 W PackageManager: Unknown permission com.android.gallery3d.permission.GALLERY_PROVIDER in package com.android.bluetooth
09-25 00:39:16.751  2929  3021 W PackageManager: Unknown permission android.permission.ROOT_RECOVERY_STATE in package com.meizu.media.life
09-25 00:39:16.751  2929  3021 W PackageManager: Unknown permission flyme.permission.ROOT_RECOVERY_STATE in package com.meizu.media.life
09-25 00:39:16.751  2929  3021 W PackageManager: Not granting permission android.permission.CHANGE_CONFIGURATION to package com.meizu.media.life (protectionLevel=50 flags=0x38483e45)
09-25 00:39:16.751  2929  3021 W PackageManager: Not granting permission com.meizu.flyme.permission.UPDATE to package com.meizu.media.life (protectionLevel=18 flags=0x38483e45)
09-25 00:39:16.751  2929  3021 W PackageManager: Unknown permission com.meizu.flyme.push.permission.RECEIVE in package com.meizu.media.life
09-25 00:39:16.751  2929  3021 W PackageManager: Not granting permission android.permission.INSTALL_PACKAGES to package com.meizu.media.life (protectionLevel=18 flags=0x38483e45)
09-25 00:39:16.751  2929  3021 W PackageManager: Not granting permission android.permission.WRITE_SECURE_SETTINGS to package com.meizu.media.life (protectionLevel=50 flags=0x38483e45)
09-25 00:39:16.751  2929  3021 W PackageManager: Not granting permission android.permission.START_ANY_ACTIVITY to package com.meizu.media.life (protectionLevel=2 flags=0x38483e45)
09-25 00:39:16.752  2929  3021 W PackageManager: Not granting permission android.permission.PEERS_MAC_ADDRESS to package com.meizu.media.life (protectionLevel=2 flags=0x38483e45)
09-25 00:39:16.752  2929  3021 W PackageManager: Not granting permission android.permission.READ_PRIVILEGED_PHONE_STATE to package com.meizu.media.life (protectionLevel=18 flags=0x38483e45)
09-25 00:39:16.752  2929  3021 W PackageManager: Not granting permission android.permission.STATUS_BAR to package com.meizu.media.life (protectionLevel=18 flags=0x38483e45)
09-25 00:39:16.752  2929  3021 W PackageManager: Not granting permission android.permission.REAL_GET_TASKS to package com.meizu.media.life (protectionLevel=18 flags=0x38483e45)
09-25 00:39:16.752  2929  3021 W PackageManager: Not granting permission android.permission.INTERACT_ACROSS_USERS_FULL to package com.meizu.media.life (protectionLevel=258 flags=0x38483e45)
09-25 00:39:16.752  2929  3021 W PackageManager: Not granting permission android.permission.WRITE_MEDIA_STORAGE to package com.meizu.media.life (protectionLevel=18 flags=0x38483e45)
09-25 00:39:16.752  2929  3021 W PackageManager: Not granting permission android.permission.MANAGE_NETWORK_POLICY to package com.meizu.media.life (protectionLevel=2 flags=0x38483e45)
09-25 00:39:16.752  2929  3021 W PackageManager: Not granting permission android.permission.MOUNT_UNMOUNT_FILESYSTEMS to package com.meizu.media.life (protectionLevel=18 flags=0x38483e45)
09-25 00:39:16.752  2929  3021 W PackageManager: Not granting permission com.meizu.stats.permission.READ_USAGESTATS to package com.meizu.media.life (protectionLevel=18 flags=0x38483e45)
09-25 00:39:16.752  2929  3021 W PackageManager: Not granting permission android.permission.LOCAL_MAC_ADDRESS to package com.meizu.media.life (protectionLevel=18 flags=0x38483e45)
09-25 00:39:16.752  2929  3021 W PackageManager: Unknown permission flyme.permission.ROOT_RECOVERY_STATE in package com.meizu.flyme.weather
09-25 00:39:16.752  2929  3021 W PackageManager: Unknown permission android.permission.ROOT_RECOVERY_STATE in package com.meizu.flyme.weather
09-25 00:39:16.900  2929  3021 W MountService: No primary storage mounted!
09-25 00:39:16.933  2929  2929 W TextServicesManagerService: no available spell checker services found
09-25 00:39:17.273  2929  2929 W ContextImpl: Calling a method in the system process without a qualified user: android.app.ContextImpl.bindService:1285 com.android.server.notification.NotificationFirewallImpl.startService:86 com.android.server.notification.NotificationFirewallImpl.initialize:79 com.android.server.notification.NotificationManagerService.initFlymeExtraFields:-1 com.android.server.notification.NotificationManagerService.onStart:977 
09-25 00:39:17.297  2929  2929 W WallpaperManagerService: no current wallpaper -- first boot?
09-25 00:39:17.331  2929  2929 W DockObserver: This kernel does not have dock station support
09-25 00:39:17.334  2929  2929 W WiredAccessoryManager: This kernel does not have usb audio support
09-25 00:39:17.335  2929  2929 W WiredAccessoryManager: This kernel does not have HDMI audio support
09-25 00:39:17.411  2929  2929 W FingerprintService: fingerprint service not available
09-25 00:39:17.438  2929  2929 W FlymeWallpaperService: failed parsing /data/system/users/0/lock_wallpaper_info.xml java.io.FileNotFoundException: /data/system/users/0/lock_wallpaper_info.xml: open failed: ENOENT (No such file or directory)
09-25 00:39:17.515  2929  2929 E LockSettingsStorage: Cannot read file java.io.FileNotFoundException: /data/system/gatekeeper.password.key: open failed: ENOENT (No such file or directory)
09-25 00:39:17.515  2929  2929 E LockSettingsStorage: Cannot read file java.io.FileNotFoundException: /data/system/password.key: open failed: ENOENT (No such file or directory)
09-25 00:39:17.515  2929  2929 E LockSettingsStorage: Cannot read file java.io.FileNotFoundException: /data/system/gatekeeper.pattern.key: open failed: ENOENT (No such file or directory)
09-25 00:39:17.515  2929  2929 E LockSettingsStorage: Cannot read file java.io.FileNotFoundException: /data/system/gatekeeper.gesture.key: open failed: ENOENT (No such file or directory)
09-25 00:39:17.516  2929  2929 E LockSettingsStorage: Cannot read file java.io.FileNotFoundException: /data/system/gesture.key: open failed: ENOENT (No such file or directory)
09-25 00:39:17.658  2929  2929 W BackupManagerService: Proposed transport ComponentInfo{android/com.android.internal.backup.LocalTransportService} not whitelisted; ignoring
09-25 00:39:17.682  2929  2986 W KeyguardServiceDelegate: onScreenTurningOn(): no keyguard service!
09-25 00:39:17.683  2929  2929 W VoiceInteractionManagerService: no available voice interaction services found for user 0
09-25 00:39:17.684  2929  2929 W VoiceInteractionManagerService: no available voice recognition services found for user 0
09-25 00:39:18.683  2929  2968 W WindowManager: Keyguard drawn timeout. Setting mKeyguardDrawComplete
09-25 00:39:19.034  2405  2518 W vold    : Failed to read manufacturer from /sys//devices/hi_mci.1/mmc_host/mmc1/mmc1:1234/block/mmcblk1/device/manfid: No such file or directory
09-25 00:39:19.265  2929  2929 W ContextImpl: Calling a method in the system process without a qualified user: android.app.ContextImpl.startService:-1 android.content.ContextWrapper.startService:581 com.android.server.telecom.components.TelecomService.initializeTelecomSystem:111 com.android.server.telecom.components.TelecomService.onBind:47 android.app.ActivityThread.handleBindService:2904 
09-25 00:39:19.368  2929  2929 W ContextImpl: Calling a method in the system process without a qualified user: android.app.ContextImpl.sendBroadcast:763 com.android.internal.telephony.SmsApplication.sendFlymeExtraBroadcast:-1 com.android.internal.telephony.SmsApplication.setDefaultApplicationInternal:454 com.android.internal.telephony.SmsApplication.getApplication:348 com.android.internal.telephony.SmsApplication.getDefaultSmsApplication:624 
09-25 00:39:20.468  2929  2966 E NetdConnector: NDC Command {3 strict enable} took too long (839ms)
09-25 00:39:20.701  2929  2966 E InputMethodManagerService: Ignoring updateSystemUiLocked due to an invalid token. uid:1000 token:null
09-25 00:39:20.709  2929  2966 W InputMethodManagerService: Reset the default IME as "Resource" is ready here.
09-25 00:39:20.730  2929  2929 W InputMethodManagerService: Illegal subtype state: old subtype = null, new subtype = android.view.inputmethod.InputMethodSubtype@6b6dbdec
09-25 00:39:20.790  2929  2966 E LocationManagerService: FLP HAL not supported
09-25 00:39:20.801  2929  2966 E LocationManagerService: Unable to bind FLP Geofence proxy.
09-25 00:39:20.806  2929  2966 E LocationManagerService: Hardware Activity-Recognition not supported.
09-25 00:39:20.813  2929  2966 E LocationManagerService: Unable to bind ActivityRecognitionProxy.
09-25 00:39:22.180  3460  3460 W ActivityThread: ClassLoader.loadClass: The class loader returned by Thread.getContextClassLoader() may fail for processes that host multiple applications. You should explicitly specify a context class loader. For example: Thread.setContextClassLoader(getClass().getClassLoader());
09-25 00:39:24.128  2929  3063 W ActivityManager: Unable to start service Intent { cmp=com.android.email/.service.AttachmentDownloadService } U=0: not found
09-25 00:39:28.944  2405  2518 E Vold    : Failed to find mounted volume for /dev/null/Android/data/com.meizu.netcontactservice/files/
09-25 00:39:28.944  2929  3021 E VoldConnector: NDC Command {6 volume mount public:179,129 2 0} took too long (9799ms)
09-25 00:39:28.944  2929  2966 E VoldConnector: NDC Command {7 volume user_started 0} took too long (8100ms)
09-25 00:39:28.945  2929  2944 E VoldConnector: NDC Command {8 volume mkdirs /dev/null/Android/data/com.meizu.netcontactservice/files/} took too long (6216ms)
09-25 00:39:28.959  2929  2966 W VoiceInteractionManagerService: no available voice interaction services found for user 0
09-25 00:39:28.959  2929  2966 W VoiceInteractionManagerService: no available voice recognition services found for user 0
09-25 00:39:29.160  2929  2929 W AppWidgetServiceImpl: Failed to read state: java.io.FileNotFoundException: /data/system/users/0/appwidgets.xml: open failed: ENOENT (No such file or directory)
09-25 00:39:29.284  2929  3188 E ActivityThread: Failed to find provider info for com.meizu.flyme.telecom.provider
09-25 00:39:29.795  3642  3781 W ActivityThread: ClassLoader.getResourceAsStream: The class loader returned by Thread.getContextClassLoader() may fail for processes that host multiple applications. You should explicitly specify a context class loader. For example: Thread.setContextClassLoader(getClass().getClassLoader());
09-25 00:39:30.305  2929  3667 E WifiService: Invoking mWifiStateMachine.setWifiEnabled
09-25 00:39:30.788  2929  3031 E ConnectivityService: Failed to find Messenger in unregisterNetworkFactory
09-25 00:39:31.599  3658  3658 E ActivityThread: Failed to find provider info for com.meizu.cloud
09-25 00:39:31.616  3658  3658 E ActivityThread: Failed to find provider info for com.meizu.cloud
09-25 00:39:31.617  3658  3658 E ActivityThread: Failed to find provider info for com.meizu.cloud
09-25 00:39:34.183  2929  2929 E NotificationService: Not posting notification without small icon: Notification(pri=-2 contentView=com.flyme.systemuitools/0x2030053 vibrate=null sound=null defaults=0x0 flags=0x62 color=0xff607d8b vis=PRIVATE)
09-25 00:39:34.183  2929  2929 E NotificationService: WARNING: In a future release this will crash the app: com.flyme.systemuitools
09-25 00:39:36.934  3977  4064 E ActivityThread: Failed to find provider info for com.meizu.cloud
09-25 00:39:41.411  3658  3904 E ActivityThread: Failed to find provider info for com.meizu.cloud
09-25 00:39:41.412  3658  3904 E ActivityThread: Failed to find provider info for com.meizu.flyme.telecom.provider
09-25 00:39:44.917  4445  4445 W ContextImpl: Calling a method in the system process without a qualified user: android.app.ContextImpl.startService:-1 android.content.ContextWrapper.startService:581 com.meizu.battery.BatteryApplication.a:64 com.meizu.battery.BatteryApplication.attachBaseContext:58 android.app.Application.attach:187 
09-25 00:39:45.392  4347  4381 W ContextImpl: Calling a method in the system process without a qualified user: android.app.ContextImpl.startService:-1 android.content.ContextWrapper.startService:581 com.meizu.networkmanager.c.p.a:25 com.meizu.networkmanager.a.b:97 com.meizu.networkmanager.a.a:85 
09-25 00:39:45.396  4347  4381 W ContextImpl: Calling a method in the system process without a qualified user: android.app.ContextImpl.sendBroadcast:-1 android.content.ContextWrapper.sendBroadcast:401 com.meizu.safe.alphame.h.b:137 com.meizu.safe.SafeApplication$1.run:153 <bottom of call stack> 
09-25 00:39:45.535  4347  4381 W ContextImpl: Calling a method in the system process without a qualified user: android.app.ContextImpl.bindService:1285 android.content.ContextWrapper.bindService:604 com.meizu.safe.blockService.a.e:64 com.meizu.safe.blockService.a.b:39 com.meizu.safe.SafeApplication$1.run:155 
09-25 00:39:45.536  4347  4477 W ContextImpl: Calling a method in the system process without a qualified user: android.app.ContextImpl.startService:-1 android.content.ContextWrapper.startService:581 com.meizu.networkmanager.monitor.s.a:118 com.meizu.networkmanager.monitor.s.a:62 com.meizu.networkmanager.monitor.s$1.run:69 
09-25 00:39:45.711  4347  4479 W ContextImpl: Calling a method in the system process without a qualified user: android.app.ContextImpl.startService:-1 android.content.ContextWrapper.startService:581 com.meizu.networkmanager.monitor.s.a:118 com.meizu.networkmanager.monitor.s.a:62 com.meizu.networkmanager.monitor.e.a:35 
09-25 00:39:46.052  4347  4479 W ContextImpl: Calling a method in the system process without a qualified user: android.app.ContextImpl.startService:-1 android.content.ContextWrapper.startService:581 com.meizu.networkmanager.monitor.s.a:118 com.meizu.networkmanager.monitor.s.a:62 com.meizu.networkmanager.monitor.e.a:36 
09-25 00:39:46.226  4445  4504 W ContextImpl: Calling a method in the system process without a qualified user: android.app.ContextImpl.bindService:1285 android.content.ContextWrapper.bindService:604 com.meizu.power.apps.b.k:491 com.meizu.power.apps.b.c:79 com.meizu.power.apps.b.<init>:67 
09-25 00:39:46.467  4445  4504 W ContextImpl: Calling a method in the system process without a qualified user: android.app.ContextImpl.startService:-1 android.content.ContextWrapper.startService:581 com.meizu.power.apps.appnotification.a.b:53 com.meizu.power.apps.appnotification.a.<init>:33 com.meizu.power.apps.appnotification.a.a:38 
09-25 00:39:47.163  2929  2965 E libprocessgroup: failed to kill 1 processes for processgroup 3803
09-25 00:39:49.742  4484  4484 W ContextImpl: Calling a method in the system process without a qualified user: android.app.ContextImpl.startService:-1 android.content.ContextWrapper.startService:581 android.content.ContextWrapper.startService:581 tmsdk.common.TMSDKContext.start:-1 tmsdk.common.TMSDKContext.init:-1 
09-25 00:39:49.881  4484  4484 W ContextImpl: Calling a method in the system process without a qualified user: android.app.ContextImpl.startService:-1 android.content.ContextWrapper.startService:581 com.meizu.safe.urlDownload.v2.HmService.a:206 com.meizu.safe.SafeApplication.h:184 com.meizu.safe.SafeApplication.onCreate:137 
09-25 00:39:51.352  2929  2929 W ContextImpl: Calling a method in the system process without a qualified user: android.app.ContextImpl.bindService:1285 android.content.ContextWrapper.bindService:604 com.meizu.server.telecom.MzTelecomSystem.initTelephonyService:192 com.meizu.server.telecom.MzTelecomSystem.-wrap1:-1 com.meizu.server.telecom.MzTelecomSystem$3.run:102 
09-25 00:39:54.405  4445  4504 W ContextImpl: Calling a method in the system process without a qualified user: android.app.ContextImpl.startActivity:-1 android.content.ContextWrapper.startActivity:331 com.meizu.power.c.a:190 com.meizu.power.c.a:175 com.meizu.power.c.b:117 
09-25 00:39:54.405  4445  4504 W ContextImpl: Calling a method in the system process without a qualified user: android.app.ContextImpl.startActivity:-1 android.app.ContextImpl.startActivity:-1 android.content.ContextWrapper.startActivity:331 com.meizu.power.c.a:190 com.meizu.power.c.a:175 
09-25 00:39:54.407  4445  4504 W ContextImpl: Calling a method in the system process without a qualified user: android.app.ContextImpl.startActivity:-1 android.content.ContextWrapper.startActivity:331 com.meizu.power.c.a:190 com.meizu.power.c.d:184 com.meizu.power.c.b:119 
09-25 00:39:54.408  4445  4504 W ContextImpl: Calling a method in the system process without a qualified user: android.app.ContextImpl.startActivity:-1 android.app.ContextImpl.startActivity:-1 android.content.ContextWrapper.startActivity:331 com.meizu.power.c.a:190 com.meizu.power.c.d:184 
09-25 00:39:58.457  4347  4472 W ContextImpl: Calling a method in the system process without a qualified user: android.app.ContextImpl.sendBroadcast:763 android.content.ContextWrapper.sendBroadcast:396 com.meizu.safe.SafeApplication$5.run:307 <bottom of call stack> <bottom of call stack> 
09-25 00:39:59.492  2929  2965 W libprocessgroup: failed to open /acct/uid_10013/pid_3704/cgroup.procs: No such file or directory
09-25 00:40:00.681  2929  3347 W ActivityManager: Unable to start service Intent { cmp=com.android.email/.service.AttachmentDownloadService } U=0: not found
09-25 00:40:00.781  4908  4908 W ActivityThread: ClassLoader.loadClass: The class loader returned by Thread.getContextClassLoader() may fail for processes that host multiple applications. You should explicitly specify a context class loader. For example: Thread.setContextClassLoader(getClass().getClassLoader());
09-25 00:40:01.664  4954  4983 W ContextImpl: Calling a method in the system process without a qualified user: android.app.ContextImpl.startService:-1 android.content.ContextWrapper.startService:581 android.content.ContextWrapper.startService:581 com.meizu.cloud.pushsdk.SystemReceiver.a:56 com.meizu.cloud.pushsdk.SystemReceiver.a:90 
09-25 00:40:07.543  5173  5173 W ContextImpl: Calling a method in the system process without a qualified user: android.app.ContextImpl.startService:-1 android.content.ContextWrapper.startService:581 com.meizu.backup.compontent.a.a:182 com.meizu.backup.compontent.a.a:194 com.meizu.backup.c.b.a:64 
09-25 00:40:09.512  2929  2965 W libprocessgroup: failed to open /acct/uid_10029/pid_4329/cgroup.procs: No such file or directory
09-25 00:40:11.064  4445  5349 W ContextImpl: Calling a method in the system process without a qualified user: android.app.ContextImpl.startService:-1 android.content.ContextWrapper.startService:581 android.content.ContextWrapper.startService:581 com.meizu.cloud.pushsdk.SystemReceiver.a:56 com.meizu.cloud.pushsdk.SystemReceiver.a:90 
09-25 00:40:11.178  4347  5368 W ContextImpl: Calling a method in the system process without a qualified user: android.app.ContextImpl.startService:-1 android.content.ContextWrapper.startService:581 android.content.ContextWrapper.startService:581 com.meizu.cloud.pushsdk.SystemReceiver.a:56 com.meizu.cloud.pushsdk.SystemReceiver.a:90 
09-25 00:40:11.619  5376  5402 W ContextImpl: Calling a method in the system process without a qualified user: android.app.ContextImpl.startService:-1 android.content.ContextWrapper.startService:581 android.content.ContextWrapper.startService:581 com.meizu.cloud.pushsdk.SystemReceiver.a:56 com.meizu.cloud.pushsdk.SystemReceiver.a:90 
09-25 00:40:15.163  2929  3030 E WiFiServiceImpl : SAVE nid=0 uid=1000 name=android.uid.system:1000
09-25 00:40:15.165  2929  3030 E WiFiServiceImpl : CONNECT  nid=-1 uid=1000 name=android.uid.system:1000
09-25 00:40:16.978  3160  3160 W StatusBar: updateNotification for unknown pkg: android
09-25 00:40:18.384  5173  5621 W ActivityThread: ClassLoader.loadClass: The class loader returned by Thread.getContextClassLoader() may fail for processes that host multiple applications. You should explicitly specify a context class loader. For example: Thread.setContextClassLoader(getClass().getClassLoader());
09-25 00:40:18.580  5173  5173 W ContextImpl: Calling a method in the system process without a qualified user: android.app.ContextImpl.sendBroadcast:763 android.content.ContextWrapper.sendBroadcast:396 com.meizu.cloud.pushsdk.platform.PlatformMessageSender.sendMessageFromBroadcast:229 com.meizu.cloud.pushsdk.platform.PlatformMessageSender.sendPlatformStatus:149 com.meizu.cloud.pushsdk.platform.PlatformMessageSender.sendRegisterStatus:59 
09-25 00:40:18.613  5173  5173 W ContextImpl: Calling a method in the system process without a qualified user: android.app.ContextImpl.sendBroadcast:763 android.content.ContextWrapper.sendBroadcast:396 com.meizu.cloud.pushsdk.platform.PlatformMessageSender.sendMessageFromBroadcast:229 com.meizu.cloud.pushsdk.platform.PlatformMessageSender.sendPlatformStatus:151 com.meizu.cloud.pushsdk.platform.PlatformMessageSender.sendRegisterStatus:59 
09-25 00:40:19.910  2929  2944 W ActivityManager: Unable to start service Intent { cmp=com.android.email/.service.AttachmentDownloadService } U=0: not found
09-25 00:40:20.190  5684  5684 E ActivityThread: Failed to find provider info for com.android.launcher3.settings
09-25 00:40:23.449  2929  3695 W AppOps  : Bad call: specified package null under uid 1000 but it is really -1
09-25 00:40:23.449  2929  3695 W BroadcastQueue: Appop Denial: broadcasting Intent { act=android.intent.action.BOOT_COMPLETED flg=0x8000010 (has extras) } from null (pid=2929, uid=1000) requires appop android:send_sms due to registered receiver com.android.mms/.transaction.SmsReceiver
09-25 00:40:23.450  2929  2966 W BroadcastQueue: Permission Denial: receiving Intent { act=android.intent.action.BOOT_COMPLETED flg=0x8000010 (has extras) } to com.android.musicfx/.Compatibility$Receiver requires android.permission.RECEIVE_BOOT_COMPLETED due to sender null (uid 1000)
09-25 00:40:23.739  5863  5878 E ActivityThread: Failed to find provider info for com.android.launcher2.settings
09-25 00:40:24.246  5897  5897 W ContextImpl: Calling a method in the system process without a qualified user: android.app.ContextImpl.stopService:-1 android.content.ContextWrapper.stopService:586 android.content.ContextWrapper.stopService:586 com.meizu.settings.drivemode.MzDriveModeUtils.stopDirverMode:34 com.meizu.settings.drivemode.MzDriveModeUtils.initDirverMode:25 
09-25 00:40:24.613  2929  2966 W ProcessCpuTracker: Skipping unknown process pid 5929
09-25 00:40:24.614  2929  2966 W ProcessCpuTracker: Skipping unknown process pid 5931
09-25 00:40:24.893  2929  2944 W InputMethodManagerService: Window already focused, ignoring focus gain of: com.android.internal.view.IInputMethodClient$Stub$Proxy@80850ea attribute=null, token = android.os.BinderProxy@c3ef8e9
09-25 00:40:25.852  2929  2965 W libprocessgroup: failed to open /acct/uid_1000/pid_4954/cgroup.procs: No such file or directory
09-25 00:40:25.898  2929  2965 W libprocessgroup: failed to open /acct/uid_10009/pid_4908/cgroup.procs: No such file or directory
09-25 00:40:28.383  2929  2965 E libprocessgroup: failed to kill 1 processes for processgroup 5406
09-25 00:40:28.958  4347  6110 W ContextImpl: Calling a method in the system process without a qualified user: android.app.ContextImpl.startService:-1 android.content.ContextWrapper.startService:581 android.content.ContextWrapper.startService:581 com.meizu.networkmanager.monitor.s.a:118 com.meizu.networkmanager.monitor.s.a:62 
09-25 00:40:28.961  4347  4347 W ContextImpl: Calling a method in the system process without a qualified user: android.app.ContextImpl.startService:-1 android.content.ContextWrapper.startService:581 android.content.ContextWrapper.startService:581 com.meizu.safe.blockService.receiver.PowerConnectionReceiver.onReceive:33 android.app.ActivityThread.handleReceiver:2723 
09-25 00:40:28.967  4484  6112 W ActivityThread: ClassLoader.loadClass: The class loader returned by Thread.getContextClassLoader() may fail for processes that host multiple applications. You should explicitly specify a context class loader. For example: Thread.setContextClassLoader(getClass().getClassLoader());
09-25 00:40:28.973  4347  4347 W ContextImpl: Calling a method in the system process without a qualified user: android.app.ContextImpl.startService:-1 android.content.ContextWrapper.startService:581 android.content.ContextWrapper.startService:581 com.meizu.safe.service.MzSecMainService.a:85 com.meizu.safe.blockService.service.BootReceiver.a:26 
09-25 00:40:29.339  6115  6115 W ContextImpl: Calling a method in the system process without a qualified user: android.app.ContextImpl.bindService:1285 android.content.ContextWrapper.bindService:604 com.meizu.cloud.download.service.DownloadService.a:151 com.meizu.flyme.update.AppApplication.onCreate:31 android.app.Instrumentation.callApplicationOnCreate:1013 
09-25 00:40:29.348  6115  6115 W ContextImpl: Calling a method in the system process without a qualified user: android.app.ContextImpl.bindService:1285 android.content.ContextWrapper.bindService:604 com.meizu.flyme.update.appupgrade.download.AppDownloadService.b:107 com.meizu.flyme.update.appupgrade.c.a.a:83 com.meizu.flyme.update.AppApplication.onCreate:33 
09-25 00:40:29.562  2929  2965 W libprocessgroup: failed to open /acct/uid_10047/pid_5304/cgroup.procs: No such file or directory
09-25 00:40:31.996  6199  6199 W ActivityThread: ClassLoader.loadClass: The class loader returned by Thread.getContextClassLoader() may fail for processes that host multiple applications. You should explicitly specify a context class loader. For example: Thread.setContextClassLoader(getClass().getClassLoader());
09-25 00:40:33.663  2929  2965 E libprocessgroup: failed to kill 1 processes for processgroup 5607
09-25 00:40:33.710  5956  6010 E ActivityThread: Failed to find provider info for com.meizu.cloud
09-25 00:40:38.999  2929  2965 E libprocessgroup: failed to kill 1 processes for processgroup 5841
09-25 00:40:39.646  2929  2965 W libprocessgroup: failed to open /acct/uid_10043/pid_6070/cgroup.procs: No such file or directory
09-25 00:40:39.646  2929  2965 W libprocessgroup: failed to open /acct/uid_1000/pid_6084/cgroup.procs: No such file or directory
09-25 00:40:39.646  2929  2965 W libprocessgroup: failed to open /acct/uid_10043/pid_6033/cgroup.procs: No such file or directory
09-25 00:40:41.738  3689  3689 W ContextImpl: Calling a method in the system process without a qualified user: android.app.ContextImpl.sendBroadcast:763 android.content.ContextWrapper.sendBroadcast:396 ma.d:273 ma.a:79 com.meizu.setup.activity.SetupServiceActivity.a:55 
09-25 00:40:41.739  3689  3689 W ContextImpl: Calling a method in the system process without a qualified user: android.app.ContextImpl.sendBroadcast:763 android.content.ContextWrapper.sendBroadcast:396 ma.e:279 ma.a:80 com.meizu.setup.activity.SetupServiceActivity.a:55 
09-25 00:40:41.740  3689  3689 W ContextImpl: Calling a method in the system process without a qualified user: android.app.ContextImpl.sendBroadcast:763 android.content.ContextWrapper.sendBroadcast:396 ma.c:155 ma.a:84 com.meizu.setup.activity.SetupServiceActivity.a:55 
09-25 00:40:41.756  3689  3689 W ContextImpl: Calling a method in the system process without a qualified user: android.app.ContextImpl.sendBroadcast:763 android.content.ContextWrapper.sendBroadcast:396 ma.j:223 ma.b:163 ma.a:88 
09-25 00:40:41.771  3689  3689 W ContextImpl: Calling a method in the system process without a qualified user: android.app.ContextImpl.startService:-1 android.content.ContextWrapper.startService:581 ma.a:250 ma.a:107 com.meizu.setup.activity.SetupServiceActivity.a:55 
09-25 00:40:41.835  2929  2944 W ActivityManager: Duplicate finish request for ActivityRecord{1055c8d u0 com.meizu.setup/.activity.SetupServiceActivity t1 f}
09-25 00:40:43.352  4347  6704 W ContextImpl: Calling a method in the system process without a qualified user: android.app.ContextImpl.startService:-1 android.content.ContextWrapper.startService:581 com.meizu.networkmanager.c.p.a:25 com.meizu.networkmanager.i.y.a:101 com.meizu.networkmanager.i.y.a:91 
09-25 00:40:43.869  2929  3703 W SettingsProvider: You shouldn't keep your settings in the secure settings. This will soon become an error.
09-25 00:40:43.972  6754  6754 W ContextImpl: Calling a method in the system process without a qualified user: android.app.ContextImpl.bindService:1285 android.content.ContextWrapper.bindService:604 com.meizu.cloud.download.service.DownloadService.a:151 com.meizu.flyme.update.AppApplication.onCreate:31 android.app.Instrumentation.callApplicationOnCreate:1013 
09-25 00:40:43.977  6754  6754 W ContextImpl: Calling a method in the system process without a qualified user: android.app.ContextImpl.bindService:1285 android.content.ContextWrapper.bindService:604 com.meizu.flyme.update.appupgrade.download.AppDownloadService.b:107 com.meizu.flyme.update.appupgrade.c.a.a:83 com.meizu.flyme.update.AppApplication.onCreate:33 
09-25 00:40:44.979  4347  6814 W ContextImpl: Calling a method in the system process without a qualified user: android.app.ContextImpl.startService:-1 android.content.ContextWrapper.startService:581 android.content.ContextWrapper.startService:581 com.meizu.networkmanager.c.p.a:25 com.meizu.networkmanager.boradcast.TrafficGlobalReceiver$2.run:244 
09-25 00:40:46.127  2929  3063 E VoldConnector: NDC Command {12 volume mkdirs /storage/C678-1709/Android/data/com.meizu.net.search/files/} took too long (542ms)
09-25 00:40:50.485  4347  6704 W ContextImpl: Calling a method in the system process without a qualified user: android.app.ContextImpl.startService:-1 android.content.ContextWrapper.startService:581 com.meizu.networkmanager.c.p.a:25 com.meizu.networkmanager.i.y.a:101 com.meizu.networkmanager.i.y.a:91 
09-25 00:40:54.723  2929  3063 W ContextImpl: Calling a method in the system process without a qualified user: android.app.ContextImpl.sendBroadcast:763 com.android.server.statusbar.StatusBarManagerService.sendFlymeEnterSystemUIBroadcast:-1 com.android.server.statusbar.StatusBarManagerService.onPanelRevealed:608 com.android.internal.statusbar.IStatusBarService$Stub.onTransact:230 com.android.server.statusbar.FlymeExtStatusBarManagerService.onTransact:33 
09-25 00:41:04.190  2929  3667 W ContextImpl: Calling a method in the system process without a qualified user: android.app.ContextImpl.sendBroadcast:763 com.android.server.statusbar.StatusBarManagerService.sendFlymeQuitSystemUIBroadcast:-1 com.android.server.statusbar.StatusBarManagerService.onPanelHidden:630 com.android.internal.statusbar.IStatusBarService$Stub.onTransact:237 com.android.server.statusbar.FlymeExtStatusBarManagerService.onTransact:33 
09-25 00:41:04.207  2929  2944 W InputMethodManagerService: Window already focused, ignoring focus gain of: com.android.internal.view.IInputMethodClient$Stub$Proxy@30523c7 attribute=null, token = android.os.BinderProxy@e90a75d
09-25 00:41:09.257  7103  7139 E ActivityThread: Failed to find provider info for com.google.settings
09-25 00:41:09.260  7103  7139 E ActivityThread: Failed to find provider info for com.google.settings
09-25 00:41:09.262  7103  7139 E ActivityThread: Failed to find provider info for com.google.settings
09-25 00:41:09.266  7103  7139 E ActivityThread: Failed to find provider info for com.google.settings
09-25 00:41:18.049  2929  3348 W ContextImpl: Calling a method in the system process without a qualified user: android.app.ContextImpl.sendBroadcast:763 com.android.server.statusbar.StatusBarManagerService.sendFlymeEnterSystemUIBroadcast:-1 com.android.server.statusbar.StatusBarManagerService.onPanelRevealed:608 com.android.internal.statusbar.IStatusBarService$Stub.onTransact:230 com.android.server.statusbar.FlymeExtStatusBarManagerService.onTransact:33 
09-25 00:41:27.025  7402  7402 W ContextImpl: Calling a method in the system process without a qualified user: android.app.ContextImpl.startService:-1 android.content.ContextWrapper.startService:581 android.content.ContextWrapper.startService:581 com.meizu.connectivitysettings.bluetooth.DockEventReceiver.beginStartingService:133 com.meizu.connectivitysettings.bluetooth.DockEventReceiver.onReceive:114 
09-25 00:41:34.776  2929  3030 E WiFiServiceImpl : CONNECT  nid=0 uid=10033 name=android.uid.systemui:10033
09-25 00:41:43.289  2929  2945 W ContextImpl: Calling a method in the system process without a qualified user: android.app.ContextImpl.sendBroadcast:763 com.android.server.statusbar.StatusBarManagerService.sendFlymeQuitSystemUIBroadcast:-1 com.android.server.statusbar.StatusBarManagerService.onPanelHidden:630 com.android.internal.statusbar.IStatusBarService$Stub.onTransact:237 com.android.server.statusbar.FlymeExtStatusBarManagerService.onTransact:33 
09-25 00:41:46.648  2929  3030 E WiFiServiceImpl : CONNECT  nid=-1 uid=1000 name=android.uid.system:1000
09-25 00:41:56.106  2929  3679 W InputMethodManagerService: Window already focused, ignoring focus gain of: com.android.internal.view.IInputMethodClient$Stub$Proxy@b649c53 attribute=null, token = android.os.BinderProxy@be65292
09-25 00:41:56.306  2929  2983 W AppOps  : Finishing op nesting under-run: uid 10025 pkg com.meizu.flyme.input code 24 time=0 duration=0 nesting=0
09-25 00:42:00.947  2929  3030 E WiFiServiceImpl : SAVE nid=0 uid=1000 name=android.uid.system:1000
09-25 00:42:00.948  2929  3030 E WiFiServiceImpl : CONNECT  nid=-1 uid=1000 name=android.uid.system:1000
09-25 00:42:03.936  2929  3695 W ContextImpl: Calling a method in the system process without a qualified user: android.app.ContextImpl.sendBroadcast:763 com.android.server.statusbar.StatusBarManagerService.sendFlymeEnterSystemUIBroadcast:-1 com.android.server.statusbar.StatusBarManagerService.onPanelRevealed:608 com.android.internal.statusbar.IStatusBarService$Stub.onTransact:230 com.android.server.statusbar.FlymeExtStatusBarManagerService.onTransact:33 
09-25 00:42:05.180  7402  7402 W ContextImpl: Calling a method in the system process without a qualified user: android.app.ContextImpl.startService:-1 android.content.ContextWrapper.startService:581 android.content.ContextWrapper.startService:581 com.meizu.connectivitysettings.bluetooth.DockEventReceiver.beginStartingService:133 com.meizu.connectivitysettings.bluetooth.DockEventReceiver.onReceive:114 
09-25 00:42:05.283  7402  7402 W ContextImpl: Calling a method in the system process without a qualified user: android.app.ContextImpl.startService:-1 android.content.ContextWrapper.startService:581 android.content.ContextWrapper.startService:581 com.meizu.connectivitysettings.bluetooth.DockEventReceiver.beginStartingService:133 com.meizu.connectivitysettings.bluetooth.DockEventReceiver.onReceive:114 
09-25 00:42:06.206  2929  3679 W ContextImpl: Calling a method in the system process without a qualified user: android.app.ContextImpl.sendBroadcast:763 com.android.server.statusbar.StatusBarManagerService.sendFlymeQuitSystemUIBroadcast:-1 com.android.server.statusbar.StatusBarManagerService.onPanelHidden:630 com.android.internal.statusbar.IStatusBarService$Stub.onTransact:237 com.android.server.statusbar.FlymeExtStatusBarManagerService.onTransact:33 
09-25 00:42:06.227  2929  3703 W InputMethodManagerService: Window already focused, ignoring focus gain of: com.android.internal.view.IInputMethodClient$Stub$Proxy@326577f attribute=null, token = android.os.BinderProxy@2e25f3d
09-25 00:42:06.617  2929  3031 E ConnectivityService: Unexpected mtu value: 0, wlan0
09-25 00:42:06.782  4347  4347 W ContextImpl: Calling a method in the system process without a qualified user: android.app.ContextImpl.startService:-1 android.content.ContextWrapper.startService:581 android.content.ContextWrapper.startService:581 com.meizu.cloud.pushsdk.PushManager.register:59 com.meizu.update.push.b.d:135 
09-25 00:42:06.793  4347  7641 W ContextImpl: Calling a method in the system process without a qualified user: android.app.ContextImpl.bindService:1285 android.content.ContextWrapper.bindService:604 com.meizu.safe.common.e.m.c:108 com.meizu.safe.common.e.m.a:75 com.meizu.safe.viruscleaner.utils.VirusLibUpdater$3.run:225 
09-25 00:42:06.803  4347  4347 W ContextImpl: Calling a method in the system process without a qualified user: android.app.ContextImpl.startService:-1 android.content.ContextWrapper.startService:581 com.meizu.safe.urlDownload.v2.HmService.a:206 com.meizu.safe.viruscleaner.utils.VirusLibUpdater.onReceive:124 android.app.ActivityThread.handleReceiver:2723 
09-25 00:42:07.114  6754  7674 W ActivityThread: ClassLoader.loadClass: The class loader returned by Thread.getContextClassLoader() may fail for processes that host multiple applications. You should explicitly specify a context class loader. For example: Thread.setContextClassLoader(getClass().getClassLoader());
09-25 00:42:08.719  3658  7756 W ActivityThread: ClassLoader.loadClass: The class loader returned by Thread.getContextClassLoader() may fail for processes that host multiple applications. You should explicitly specify a context class loader. For example: Thread.setContextClassLoader(getClass().getClassLoader());
09-25 00:42:10.991  2929  3703 W SettingsProvider: You shouldn't keep your settings in the secure settings. This will soon become an error.
09-25 00:42:12.069  2929  3347 W ActivityManager: Unable to start service Intent { cmp=com.autonavi.minimap/com.amap.api.service.AMapService (has extras) } U=0: not found
09-25 00:42:12.072  2929  2945 W ActivityManager: Unable to start service Intent { cmp=com.autonavi.minimap/.LBSConnectionService (has extras) } U=0: not found
09-25 00:42:15.027  4347  7935 W ContextImpl: Calling a method in the system process without a qualified user: android.app.ContextImpl.startService:-1 android.content.ContextWrapper.startService:581 com.meizu.update.service.MzUpdateComponentService.b:317 com.meizu.update.push.b.a:76 com.meizu.update.c.a:110 
09-25 00:42:15.325  7916  7916 W ActivityThread: ClassLoader.loadClass: The class loader returned by Thread.getContextClassLoader() may fail for processes that host multiple applications. You should explicitly specify a context class loader. For example: Thread.setContextClassLoader(getClass().getClassLoader());
09-25 00:42:20.181  8068  8093 W ActivityThread: ClassLoader.loadClass: The class loader returned by Thread.getContextClassLoader() may fail for processes that host multiple applications. You should explicitly specify a context class loader. For example: Thread.setContextClassLoader(getClass().getClassLoader());
09-25 00:42:23.303  2929  3688 W ContextImpl: Calling a method in the system process without a qualified user: android.app.ContextImpl.sendBroadcast:763 com.android.server.statusbar.StatusBarManagerService.sendFlymeEnterSystemUIBroadcast:-1 com.android.server.statusbar.StatusBarManagerService.onPanelRevealed:608 com.android.internal.statusbar.IStatusBarService$Stub.onTransact:230 com.android.server.statusbar.FlymeExtStatusBarManagerService.onTransact:33 
09-25 00:42:26.444  2929  2944 W ContextImpl: Calling a method in the system process without a qualified user: android.app.ContextImpl.sendBroadcast:763 com.android.server.statusbar.StatusBarManagerService.sendFlymeQuitSystemUIBroadcast:-1 com.android.server.statusbar.StatusBarManagerService.onPanelHidden:630 com.android.internal.statusbar.IStatusBarService$Stub.onTransact:237 com.android.server.statusbar.FlymeExtStatusBarManagerService.onTransact:33 
09-25 00:42:26.459  2929  3688 W InputMethodManagerService: Window already focused, ignoring focus gain of: com.android.internal.view.IInputMethodClient$Stub$Proxy@7483a6d attribute=null, token = android.os.BinderProxy@e61989
09-25 00:42:32.558  2929  3348 W ContextImpl: Calling a method in the system process without a qualified user: android.app.ContextImpl.sendBroadcast:763 com.android.server.statusbar.StatusBarManagerService.sendFlymeEnterSystemUIBroadcast:-1 com.android.server.statusbar.StatusBarManagerService.onPanelRevealed:608 com.android.internal.statusbar.IStatusBarService$Stub.onTransact:230 com.android.server.statusbar.FlymeExtStatusBarManagerService.onTransact:33 
09-25 00:42:34.930  2929  3666 W ContextImpl: Calling a method in the system process without a qualified user: android.app.ContextImpl.sendBroadcast:763 com.android.server.statusbar.StatusBarManagerService.sendFlymeQuitSystemUIBroadcast:-1 com.android.server.statusbar.StatusBarManagerService.onPanelHidden:630 com.android.internal.statusbar.IStatusBarService$Stub.onTransact:237 com.android.server.statusbar.FlymeExtStatusBarManagerService.onTransact:33 
09-25 00:42:34.951  2929  3703 W InputMethodManagerService: Window already focused, ignoring focus gain of: com.android.internal.view.IInputMethodClient$Stub$Proxy@4408e6d attribute=null, token = android.os.BinderProxy@bbb1069
--------- beginning of main
09-25 00:42:35.499  2929  3679 W ContextImpl: Calling a method in the system process without a qualified user: android.app.ContextImpl.sendBroadcast:763 com.android.server.statusbar.StatusBarManagerService.sendFlymeEnterSystemUIBroadcast:-1 com.android.server.statusbar.StatusBarManagerService.onPanelRevealed:608 com.android.internal.statusbar.IStatusBarService$Stub.onTransact:230 com.android.server.statusbar.FlymeExtStatusBarManagerService.onTransact:33 
09-25 00:42:35.532  7916  8017 W CursorWindow: Window is full: requested allocation 69064 bytes, free space 52999 bytes, window size 2097152 bytes
09-25 00:42:36.082  8094  8109 E h       : Unable to connect to socket
09-25 00:42:36.082  8094  8109 E h       : java.io.IOException: Connection refused
09-25 00:42:36.082  8094  8109 E h       : 	at android.net.LocalSocketImpl.connectLocal(Native Method)
09-25 00:42:36.082  8094  8109 E h       : 	at android.net.LocalSocketImpl.connect(LocalSocketImpl.java:290)
09-25 00:42:36.082  8094  8109 E h       : 	at android.net.LocalSocket.connect(LocalSocket.java:130)
09-25 00:42:36.082  8094  8109 E h       : 	at com.android.flyme.bridge.softsim.h.b(Unknown Source)
09-25 00:42:36.082  8094  8109 E h       : 	at com.android.flyme.bridge.softsim.h.run(Unknown Source)
09-25 00:42:36.082  8094  8109 E h       : 	at java.lang.Thread.run(Thread.java:818)
09-25 00:42:36.111  6272  6278 W art     : Suspending all threads took: 8.024ms
09-25 00:42:36.728  7916  7916 E ActivityThread: Service com.meizu.netcontactservice.UpdateService has leaked IntentReceiver com.squareup.picasso.h$c@95d5395 that was originally registered here. Are you missing a call to unregisterReceiver()?
09-25 00:42:36.728  7916  7916 E ActivityThread: android.app.IntentReceiverLeaked: Service com.meizu.netcontactservice.UpdateService has leaked IntentReceiver com.squareup.picasso.h$c@95d5395 that was originally registered here. Are you missing a call to unregisterReceiver()?
09-25 00:42:36.728  7916  7916 E ActivityThread: 	at android.app.LoadedApk$ReceiverDispatcher.<init>(LoadedApk.java:918)
09-25 00:42:36.728  7916  7916 E ActivityThread: 	at android.app.LoadedApk.getReceiverDispatcher(LoadedApk.java:719)
09-25 00:42:36.728  7916  7916 E ActivityThread: 	at android.app.ContextImpl.registerReceiverInternal(ContextImpl.java:1172)
09-25 00:42:36.728  7916  7916 E ActivityThread: 	at android.app.ContextImpl.registerReceiver(ContextImpl.java:1152)
09-25 00:42:36.728  7916  7916 E ActivityThread: 	at android.app.ContextImpl.registerReceiver(ContextImpl.java:1146)
09-25 00:42:36.728  7916  7916 E ActivityThread: 	at android.content.ContextWrapper.registerReceiver(ContextWrapper.java:554)
09-25 00:42:36.728  7916  7916 E ActivityThread: 	at com.squareup.picasso.h$c.a(SourceFile:560)
09-25 00:42:36.728  7916  7916 E ActivityThread: 	at com.squareup.picasso.h.<init>(SourceFile:120)
09-25 00:42:36.728  7916  7916 E ActivityThread: 	at com.squareup.picasso.Picasso$Builder.a(SourceFile:857)
09-25 00:42:36.728  7916  7916 E ActivityThread: 	at com.squareup.picasso.Picasso.a(SourceFile:669)
09-25 00:42:36.728  7916  7916 E ActivityThread: 	at com.meizu.netcontactservice.utils.p.a(SourceFile:26)
09-25 00:42:36.728  7916  7916 E ActivityThread: 	at com.meizu.netcontactservice.utils.s.a(SourceFile:150)
09-25 00:42:36.728  7916  7916 E ActivityThread: 	at com.meizu.netcontactservice.utils.x.a(SourceFile:172)
09-25 00:42:36.728  7916  7916 E ActivityThread: 	at com.meizu.netcontactservice.utils.x.a(SourceFile:98)
09-25 00:42:36.728  7916  7916 E ActivityThread: 	at com.meizu.netcontactservice.utils.v.b(SourceFile:910)
09-25 00:42:36.728  7916  7916 E ActivityThread: 	at com.meizu.netcontactservice.synchronize.StaticListSynchronizeHandler.d(SourceFile:75)
09-25 00:42:36.728  7916  7916 E ActivityThread: 	at com.meizu.netcontactservice.synchronize.SynchronizeHandler.f(SourceFile:39)
09-25 00:42:36.728  7916  7916 E ActivityThread: 	at com.meizu.netcontactservice.synchronize.SynchronizeHandler.g(SourceFile:60)
09-25 00:42:36.728  7916  7916 E ActivityThread: 	at com.meizu.netcontactservice.synchronize.SynchronizeHandler.f(SourceFile:40)
09-25 00:42:36.728  7916  7916 E ActivityThread: 	at com.meizu.netcontactservice.synchronize.SynchronizeHandler.g(SourceFile:60)
09-25 00:42:36.728  7916  7916 E ActivityThread: 	at com.meizu.netcontactservice.synchronize.SynchronizeHandler.f(SourceFile:40)
09-25 00:42:36.728  7916  7916 E ActivityThread: 	at com.meizu.netcontactservice.UpdateService.a(SourceFile:89)
09-25 00:42:36.728  7916  7916 E ActivityThread: 	at com.meizu.netcontactservice.UpdateService.onHandleIntent(SourceFile:46)
09-25 00:42:36.728  7916  7916 E ActivityThread: 	at android.app.IntentService$ServiceHandler.handleMessage(IntentService.java:66)
09-25 00:42:36.728  7916  7916 E ActivityThread: 	at android.os.Handler.dispatchMessage(Handler.java:102)
09-25 00:42:36.728  7916  7916 E ActivityThread: 	at android.os.Looper.loop(Looper.java:148)
09-25 00:42:36.728  7916  7916 E ActivityThread: 	at android.os.HandlerThread.run(HandlerThread.java:61)
09-25 00:42:37.617  3160  3160 W StatusBar: updateNotification for unknown pkg: com.meizu.cloud
09-25 00:42:37.622  3160  3160 W StatusBar: removeFakeNotificationViews()---removeNotification for unknown pkg: com.meizu.media.ebook
09-25 00:42:37.629  2929  3347 W ContextImpl: Calling a method in the system process without a qualified user: android.app.ContextImpl.sendBroadcast:763 com.android.server.statusbar.StatusBarManagerService.sendFlymeQuitSystemUIBroadcast:-1 com.android.server.statusbar.StatusBarManagerService.onPanelHidden:630 com.android.internal.statusbar.IStatusBarService$Stub.onTransact:237 com.android.server.statusbar.FlymeExtStatusBarManagerService.onTransact:33 
