09-25 00:44:45.931  3960  5835 W ExifInterface: Skip the tag entry since tag number is not defined: 269
09-25 00:44:45.931  3960  5835 W ExifInterface: Skip the tag entry since tag number is not defined: 2
09-25 00:44:45.936  3960  5835 W ExifInterface: Skip the tag entry since tag number is not defined: 269
09-25 00:44:45.936  3960  5835 W ExifInterface: Skip the tag entry since tag number is not defined: 2
09-25 00:44:45.942  3960  5835 W ExifInterface: Skip the tag entry since tag number is not defined: 269
09-25 00:44:45.942  3960  5835 W ExifInterface: Skip the tag entry since tag number is not defined: 2
09-25 00:44:45.948  3960  5835 W ExifInterface: Skip the tag entry since tag number is not defined: 269
09-25 00:44:45.948  3960  5835 W ExifInterface: Skip the tag entry since tag number is not defined: 2
09-25 00:44:45.955  3960  5835 W ExifInterface: Skip the tag entry since tag number is not defined: 269
09-25 00:44:45.955  3960  5835 W ExifInterface: Skip the tag entry since tag number is not defined: 2
09-25 00:44:45.972  3960  5835 W ExifInterface: Skip the tag entry since tag number is not defined: 269
09-25 00:44:45.973  3960  5835 W ExifInterface: Skip the tag entry since tag number is not defined: 2
09-25 00:44:45.980  3960  5835 W ExifInterface: Skip the tag entry since tag number is not defined: 269
09-25 00:44:45.980  3960  5835 W ExifInterface: Skip the tag entry since tag number is not defined: 2
09-25 00:44:45.988  3960  5835 W ExifInterface: Skip the tag entry since tag number is not defined: 269
09-25 00:44:45.988  3960  5835 W ExifInterface: Skip the tag entry since tag number is not defined: 2
09-25 00:44:45.993  3960  5835 W ExifInterface: Skip the tag entry since tag number is not defined: 269
09-25 00:44:45.994  3960  5835 W ExifInterface: Skip the tag entry since tag number is not defined: 2
09-25 00:44:46.001  3960  5835 W ExifInterface: Skip the tag entry since tag number is not defined: 269
09-25 00:44:46.001  3960  5835 W ExifInterface: Skip the tag entry since tag number is not defined: 2
09-25 00:44:46.007  3960  5835 W ExifInterface: Skip the tag entry since tag number is not defined: 269
09-25 00:44:46.007  3960  5835 W ExifInterface: Skip the tag entry since tag number is not defined: 2
09-25 00:44:46.014  3960  5835 W ExifInterface: Skip the tag entry since tag number is not defined: 269
09-25 00:44:46.014  3960  5835 W ExifInterface: Skip the tag entry since tag number is not defined: 2
09-25 00:44:46.020  3960  5835 W ExifInterface: Skip the tag entry since tag number is not defined: 269
09-25 00:44:46.021  3960  5835 W ExifInterface: Skip the tag entry since tag number is not defined: 2
09-25 00:44:46.027  3960  5835 W ExifInterface: Skip the tag entry since tag number is not defined: 269
09-25 00:44:46.027  3960  5835 W ExifInterface: Skip the tag entry since tag number is not defined: 2
09-25 00:44:46.045  3960  5835 W ExifInterface: Skip the tag entry since tag number is not defined: 269
09-25 00:44:46.045  3960  5835 W ExifInterface: Skip the tag entry since tag number is not defined: 2
09-25 00:44:46.051  3960  5835 W ExifInterface: Skip the tag entry since tag number is not defined: 269
09-25 00:44:46.051  3960  5835 W ExifInterface: Skip the tag entry since tag number is not defined: 2
09-25 00:44:46.057  3960  5835 W ExifInterface: Skip the tag entry since tag number is not defined: 269
09-25 00:44:46.058  3960  5835 W ExifInterface: Skip the tag entry since tag number is not defined: 2
09-25 00:44:46.064  3960  5835 W ExifInterface: Skip the tag entry since tag number is not defined: 269
09-25 00:44:46.064  3960  5835 W ExifInterface: Skip the tag entry since tag number is not defined: 2
09-25 00:44:46.070  3960  5835 W ExifInterface: Skip the tag entry since tag number is not defined: 269
09-25 00:44:46.070  3960  5835 W ExifInterface: Skip the tag entry since tag number is not defined: 2
09-25 00:44:46.087  3960  5835 W ExifInterface: Skip the tag entry since tag number is not defined: 269
09-25 00:44:46.087  3960  5835 W ExifInterface: Skip the tag entry since tag number is not defined: 2
09-25 00:44:46.087  3960  5835 W ExifInterface: Skip the tag entry since tag number is not defined: 41995
09-25 00:44:46.101  3960  5835 W ExifInterface: Skip the tag entry since tag number is not defined: 269
09-25 00:44:46.102  3960  5835 W ExifInterface: Skip the tag entry since tag number is not defined: 2
09-25 00:44:46.102  3960  5835 W ExifInterface: Skip the tag entry since tag number is not defined: 41995
09-25 00:44:46.120  3960  5835 W ExifInterface: Skip the tag entry since tag number is not defined: 269
09-25 00:44:46.120  3960  5835 W ExifInterface: Skip the tag entry since tag number is not defined: 2
09-25 00:44:46.121  3960  5835 W ExifInterface: Skip the tag entry since tag number is not defined: 41995
09-25 00:44:46.157  3960  5835 W ExifInterface: Skip the tag entry since tag number is not defined: 269
09-25 00:44:46.157  3960  5835 W ExifInterface: Skip the tag entry since tag number is not defined: 2
09-25 00:44:46.157  3960  5835 W ExifInterface: Skip the tag entry since tag number is not defined: 41995
09-25 00:44:46.168  3960  5835 W ExifInterface: Skip the tag entry since tag number is not defined: 269
09-25 00:44:46.169  3960  5835 W ExifInterface: Skip the tag entry since tag number is not defined: 2
09-25 00:44:46.169  3960  5835 W ExifInterface: Skip the tag entry since tag number is not defined: 41995
09-25 00:44:46.181  3960  5835 W ExifInterface: Skip the tag entry since tag number is not defined: 269
09-25 00:44:46.181  3960  5835 W ExifInterface: Skip the tag entry since tag number is not defined: 2
09-25 00:44:46.181  3960  5835 W ExifInterface: Skip the tag entry since tag number is not defined: 41995
09-25 00:44:46.193  3960  5835 W ExifInterface: Skip the tag entry since tag number is not defined: 269
09-25 00:44:46.193  3960  5835 W ExifInterface: Skip the tag entry since tag number is not defined: 2
09-25 00:44:46.193  3960  5835 W ExifInterface: Skip the tag entry since tag number is not defined: 41995
09-25 00:44:46.205  3960  5835 W ExifInterface: Skip the tag entry since tag number is not defined: 269
09-25 00:44:46.206  3960  5835 W ExifInterface: Skip the tag entry since tag number is not defined: 2
09-25 00:44:46.206  3960  5835 W ExifInterface: Skip the tag entry since tag number is not defined: 41995
09-25 00:44:46.219  3960  5835 W ExifInterface: Skip the tag entry since tag number is not defined: 269
09-25 00:44:46.219  3960  5835 W ExifInterface: Skip the tag entry since tag number is not defined: 2
09-25 00:44:46.219  3960  5835 W ExifInterface: Skip the tag entry since tag number is not defined: 41995
09-25 00:44:46.231  3960  5835 W ExifInterface: Skip the tag entry since tag number is not defined: 269
09-25 00:44:46.232  3960  5835 W ExifInterface: Skip the tag entry since tag number is not defined: 2
09-25 00:44:46.232  3960  5835 W ExifInterface: Skip the tag entry since tag number is not defined: 41995
09-25 00:44:46.251  3960  5835 W ExifInterface: Skip the tag entry since tag number is not defined: 269
09-25 00:44:46.251  3960  5835 W ExifInterface: Skip the tag entry since tag number is not defined: 2
09-25 00:44:46.251  3960  5835 W ExifInterface: Skip the tag entry since tag number is not defined: 41995
09-25 00:44:46.263  3960  5835 W ExifInterface: Skip the tag entry since tag number is not defined: 269
09-25 00:44:46.264  3960  5835 W ExifInterface: Skip the tag entry since tag number is not defined: 2
09-25 00:44:46.264  3960  5835 W ExifInterface: Skip the tag entry since tag number is not defined: 41995
09-25 00:44:46.276  3960  5835 W ExifInterface: Skip the tag entry since tag number is not defined: 269
09-25 00:44:46.276  3960  5835 W ExifInterface: Skip the tag entry since tag number is not defined: 2
09-25 00:44:46.277  3960  5835 W ExifInterface: Skip the tag entry since tag number is not defined: 41995
09-25 00:44:46.289  3960  5835 W ExifInterface: Skip the tag entry since tag number is not defined: 269
09-25 00:44:46.289  3960  5835 W ExifInterface: Skip the tag entry since tag number is not defined: 2
09-25 00:44:46.290  3960  5835 W ExifInterface: Skip the tag entry since tag number is not defined: 41995
09-25 00:44:46.305  3960  5835 W ExifInterface: Skip the tag entry since tag number is not defined: 269
09-25 00:44:46.306  3960  5835 W ExifInterface: Skip the tag entry since tag number is not defined: 2
09-25 00:44:46.306  3960  5835 W ExifInterface: Skip the tag entry since tag number is not defined: 41995
09-25 00:44:46.323  3960  5835 W ExifInterface: Skip the tag entry since tag number is not defined: 269
09-25 00:44:46.323  3960  5835 W ExifInterface: Skip the tag entry since tag number is not defined: 2
09-25 00:44:46.323  3960  5835 W ExifInterface: Skip the tag entry since tag number is not defined: 41995
09-25 00:44:46.341  3960  5835 W ExifInterface: Skip the tag entry since tag number is not defined: 269
09-25 00:44:46.341  3960  5835 W ExifInterface: Skip the tag entry since tag number is not defined: 2
09-25 00:44:46.341  3960  5835 W ExifInterface: Skip the tag entry since tag number is not defined: 41995
09-25 00:44:46.372  3960  5835 W ExifInterface: Skip the tag entry since tag number is not defined: 269
09-25 00:44:46.373  3960  5835 W ExifInterface: Skip the tag entry since tag number is not defined: 2
09-25 00:44:46.373  3960  5835 W ExifInterface: Skip the tag entry since tag number is not defined: 41995
09-25 00:44:46.384  3960  5835 W ExifInterface: Skip the tag entry since tag number is not defined: 269
09-25 00:44:46.384  3960  5835 W ExifInterface: Skip the tag entry since tag number is not defined: 2
09-25 00:44:46.384  3960  5835 W ExifInterface: Skip the tag entry since tag number is not defined: 41995
09-25 00:44:46.398  3960  5835 W ExifInterface: Skip the tag entry since tag number is not defined: 269
09-25 00:44:46.398  3960  5835 W ExifInterface: Skip the tag entry since tag number is not defined: 2
09-25 00:44:46.406  3960  5835 W ExifInterface: Skip the tag entry since tag number is not defined: 269
09-25 00:44:46.407  3960  5835 W ExifInterface: Skip the tag entry since tag number is not defined: 2
09-25 00:44:46.414  3960  5835 W ExifInterface: Skip the tag entry since tag number is not defined: 269
09-25 00:44:46.414  3960  5835 W ExifInterface: Skip the tag entry since tag number is not defined: 2
09-25 00:44:46.422  3960  5835 W ExifInterface: Skip the tag entry since tag number is not defined: 269
09-25 00:44:46.422  3960  5835 W ExifInterface: Skip the tag entry since tag number is not defined: 2
09-25 00:44:46.430  3960  5835 W ExifInterface: Skip the tag entry since tag number is not defined: 269
09-25 00:44:46.430  3960  5835 W ExifInterface: Skip the tag entry since tag number is not defined: 2
09-25 00:44:46.438  3960  5835 W ExifInterface: Skip the tag entry since tag number is not defined: 269
09-25 00:44:46.438  3960  5835 W ExifInterface: Skip the tag entry since tag number is not defined: 2
09-25 00:44:46.447  3960  5835 W ExifInterface: Skip the tag entry since tag number is not defined: 269
09-25 00:44:46.447  3960  5835 W ExifInterface: Skip the tag entry since tag number is not defined: 2
09-25 00:44:46.463  3960  5835 W ExifInterface: Skip the tag entry since tag number is not defined: 269
09-25 00:44:46.463  3960  5835 W ExifInterface: Skip the tag entry since tag number is not defined: 2
09-25 00:44:46.471  3960  5835 W ExifInterface: Skip the tag entry since tag number is not defined: 269
09-25 00:44:46.472  3960  5835 W ExifInterface: Skip the tag entry since tag number is not defined: 2
09-25 00:44:46.482  3960  5835 W ExifInterface: Skip the tag entry since tag number is not defined: 269
09-25 00:44:46.482  3960  5835 W ExifInterface: Skip the tag entry since tag number is not defined: 2
09-25 00:44:46.491  3960  5835 W ExifInterface: Skip the tag entry since tag number is not defined: 269
09-25 00:44:46.491  3960  5835 W ExifInterface: Skip the tag entry since tag number is not defined: 2
09-25 00:44:46.501  3960  5835 W ExifInterface: Skip the tag entry since tag number is not defined: 269
09-25 00:44:46.501  3960  5835 W ExifInterface: Skip the tag entry since tag number is not defined: 2
09-25 00:44:46.520  3960  5835 W ExifInterface: Skip the tag entry since tag number is not defined: 269
09-25 00:44:46.521  3960  5835 W ExifInterface: Skip the tag entry since tag number is not defined: 2
09-25 00:44:46.530  3960  5835 W ExifInterface: Skip the tag entry since tag number is not defined: 269
09-25 00:44:46.530  3960  5835 W ExifInterface: Skip the tag entry since tag number is not defined: 2
09-25 00:44:46.538  3960  5835 W ExifInterface: Skip the tag entry since tag number is not defined: 269
09-25 00:44:46.538  3960  5835 W ExifInterface: Skip the tag entry since tag number is not defined: 2
09-25 00:44:46.548  3960  5835 W ExifInterface: Skip the tag entry since tag number is not defined: 41995
09-25 00:44:46.548  3960  5835 W ExifInterface: Skip the tag entry since tag number is not defined: 269
09-25 00:44:46.548  3960  5835 W ExifInterface: Skip the tag entry since tag number is not defined: 2
09-25 00:44:46.563  3960  5835 W ExifInterface: Skip the tag entry since tag number is not defined: 41995
09-25 00:44:46.564  3960  5835 W ExifInterface: Skip the tag entry since tag number is not defined: 269
09-25 00:44:46.564  3960  5835 W ExifInterface: Skip the tag entry since tag number is not defined: 2
09-25 00:44:46.569  3960  5835 W ExifInterface: Skip the tag entry since tag number is not defined: 41995
09-25 00:44:46.569  3960  5835 W ExifInterface: Skip the tag entry since tag number is not defined: 269
09-25 00:44:46.569  3960  5835 W ExifInterface: Skip the tag entry since tag number is not defined: 2
09-25 00:44:46.576  3960  5835 W ExifInterface: Skip the tag entry since tag number is not defined: 41995
09-25 00:44:46.576  3960  5835 W ExifInterface: Skip the tag entry since tag number is not defined: 269
09-25 00:44:46.576  3960  5835 W ExifInterface: Skip the tag entry since tag number is not defined: 2
09-25 00:44:46.582  3960  5835 W ExifInterface: Skip the tag entry since tag number is not defined: 41995
09-25 00:44:46.582  3960  5835 W ExifInterface: Skip the tag entry since tag number is not defined: 269
09-25 00:44:46.582  3960  5835 W ExifInterface: Skip the tag entry since tag number is not defined: 2
09-25 00:44:46.596  3960  5835 W ExifInterface: Skip the tag entry since tag number is not defined: 269
09-25 00:44:46.596  3960  5835 W ExifInterface: Skip the tag entry since tag number is not defined: 2
09-25 00:44:46.596  3960  5835 W ExifInterface: Skip the tag entry since tag number is not defined: 41995
09-25 00:44:46.605  3960  5835 W ExifInterface: Skip the tag entry since tag number is not defined: 269
09-25 00:44:46.605  3960  5835 W ExifInterface: Skip the tag entry since tag number is not defined: 2
09-25 00:44:46.605  3960  5835 W ExifInterface: Skip the tag entry since tag number is not defined: 41995
09-25 00:44:46.615  3960  5835 W ExifInterface: Skip the tag entry since tag number is not defined: 41995
09-25 00:44:46.615  3960  5835 W ExifInterface: Skip the tag entry since tag number is not defined: 269
09-25 00:44:46.615  3960  5835 W ExifInterface: Skip the tag entry since tag number is not defined: 2
09-25 00:44:46.620  3960  5835 W ExifInterface: Skip the tag entry since tag number is not defined: 41995
09-25 00:44:46.621  3960  5835 W ExifInterface: Skip the tag entry since tag number is not defined: 269
09-25 00:44:46.621  3960  5835 W ExifInterface: Skip the tag entry since tag number is not defined: 2
09-25 00:44:46.627  3960  5835 W ExifInterface: Skip the tag entry since tag number is not defined: 41995
09-25 00:44:46.627  3960  5835 W ExifInterface: Skip the tag entry since tag number is not defined: 269
09-25 00:44:46.635  3960  5835 W ExifInterface: Skip the tag entry since tag number is not defined: 2
09-25 00:44:46.641  3960  5835 W ExifInterface: Skip the tag entry since tag number is not defined: 41995
09-25 00:44:46.641  3960  5835 W ExifInterface: Skip the tag entry since tag number is not defined: 269
09-25 00:44:46.641  3960  5835 W ExifInterface: Skip the tag entry since tag number is not defined: 2
09-25 00:44:46.651  3960  5835 W ExifInterface: Skip the tag entry since tag number is not defined: 269
09-25 00:44:46.651  3960  5835 W ExifInterface: Skip the tag entry since tag number is not defined: 2
09-25 00:44:46.651  3960  5835 W ExifInterface: Skip the tag entry since tag number is not defined: 41995
09-25 00:44:46.664  3960  5835 W ExifInterface: Skip the tag entry since tag number is not defined: 269
09-25 00:44:46.664  3960  5835 W ExifInterface: Skip the tag entry since tag number is not defined: 2
09-25 00:44:46.664  3960  5835 W ExifInterface: Skip the tag entry since tag number is not defined: 41995
09-25 00:44:46.674  3960  5835 W ExifInterface: Skip the tag entry since tag number is not defined: 269
09-25 00:44:46.674  3960  5835 W ExifInterface: Skip the tag entry since tag number is not defined: 2
09-25 00:44:46.675  3960  5835 W ExifInterface: Skip the tag entry since tag number is not defined: 41995
09-25 00:44:46.688  3960  5835 W ExifInterface: Skip the tag entry since tag number is not defined: 269
09-25 00:44:46.688  3960  5835 W ExifInterface: Skip the tag entry since tag number is not defined: 2
09-25 00:44:46.689  3960  5835 W ExifInterface: Skip the tag entry since tag number is not defined: 41995
09-25 00:44:46.703  3960  5835 W ExifInterface: Skip the tag entry since tag number is not defined: 269
09-25 00:44:46.704  3960  5835 W ExifInterface: Skip the tag entry since tag number is not defined: 2
09-25 00:44:46.704  3960  5835 W ExifInterface: Skip the tag entry since tag number is not defined: 41995
09-25 00:44:46.731  3960  5835 W ExifInterface: Skip the tag entry since tag number is not defined: 269
09-25 00:44:46.731  3960  5835 W ExifInterface: Skip the tag entry since tag number is not defined: 2
09-25 00:44:46.731  3960  5835 W ExifInterface: Skip the tag entry since tag number is not defined: 41995
09-25 00:44:46.740  3960  5835 W ExifInterface: Skip the tag entry since tag number is not defined: 269
09-25 00:44:46.740  3960  5835 W ExifInterface: Skip the tag entry since tag number is not defined: 2
09-25 00:44:46.740  3960  5835 W ExifInterface: Skip the tag entry since tag number is not defined: 41995
09-25 00:44:46.750  3960  5835 W ExifInterface: Skip the tag entry since tag number is not defined: 269
09-25 00:44:46.750  3960  5835 W ExifInterface: Skip the tag entry since tag number is not defined: 2
09-25 00:44:46.750  3960  5835 W ExifInterface: Skip the tag entry since tag number is not defined: 41995
09-25 00:44:46.795  3960  5835 W ExifInterface: Skip the tag entry since tag number is not defined: 269
09-25 00:44:46.795  3960  5835 W ExifInterface: Skip the tag entry since tag number is not defined: 2
09-25 00:44:46.803  3960  5835 W ExifInterface: Skip the tag entry since tag number is not defined: 269
09-25 00:44:46.803  3960  5835 W ExifInterface: Skip the tag entry since tag number is not defined: 2
09-25 00:44:46.811  3960  5835 W ExifInterface: Skip the tag entry since tag number is not defined: 269
09-25 00:44:46.811  3960  5835 W ExifInterface: Skip the tag entry since tag number is not defined: 2
09-25 00:44:46.834  3960  5835 W ExifInterface: Skip the tag entry since tag number is not defined: 269
09-25 00:44:46.834  3960  5835 W ExifInterface: Skip the tag entry since tag number is not defined: 2
09-25 00:44:46.846  3960  5835 W ExifInterface: Skip the tag entry since tag number is not defined: 269
09-25 00:44:46.846  3960  5835 W ExifInterface: Skip the tag entry since tag number is not defined: 2
09-25 00:44:46.855  3960  5835 W ExifInterface: Skip the tag entry since tag number is not defined: 269
09-25 00:44:46.855  3960  5835 W ExifInterface: Skip the tag entry since tag number is not defined: 2
09-25 00:44:46.873  3960  5835 W ExifInterface: Skip the tag entry since tag number is not defined: 269
09-25 00:44:46.873  3960  5835 W ExifInterface: Skip the tag entry since tag number is not defined: 2
09-25 00:44:46.873  3960  5835 W ExifInterface: Skip the tag entry since tag number is not defined: 41995
09-25 00:44:47.069  3960  5835 W ExifInterface: Skip the tag entry since tag number is not defined: 269
09-25 00:44:47.069  3960  5835 W ExifInterface: Skip the tag entry since tag number is not defined: 2
09-25 00:44:47.069  3960  5835 W ExifInterface: Skip the tag entry since tag number is not defined: 41995
09-25 00:44:47.151  3960  5835 E MediaScannerJNI: An error occurred while scanning file '/mnt/media_rw/C678-1709///420156/+4/CET-4 5/Model Test 1.MP3'.
09-25 00:44:49.022  4347  8965 W ContextImpl: Calling a method in the system process without a qualified user: android.app.ContextImpl.startService:-1 android.content.ContextWrapper.startService:581 com.meizu.networkmanager.c.p.a:25 com.meizu.networkmanager.boradcast.b$1$1.run:67 <bottom of call stack> 
09-25 00:44:49.096  6593  8967 W auto_update_AppAutoUpdateManager: Competitive Installed: false
09-25 00:44:49.163  6593  8967 W auto_update_AppAutoUpdateManager: --Screen off but update app size == 0
09-25 00:45:01.520  2425  2912 E NetlinkEvent: NetlinkEvent::FindParam(): Parameter 'UID' not found
09-25 00:45:04.268  2929  3348 W ContextImpl: Calling a method in the system process without a qualified user: android.app.ContextImpl.sendBroadcast:763 com.android.server.statusbar.StatusBarManagerService.sendFlymeEnterSystemUIBroadcast:-1 com.android.server.statusbar.StatusBarManagerService.onPanelRevealed:608 com.android.internal.statusbar.IStatusBarService$Stub.onTransact:230 com.android.server.statusbar.FlymeExtStatusBarManagerService.onTransact:33 
09-25 00:45:04.332  2425  2912 E NetlinkEvent: NetlinkEvent::FindParam(): Parameter 'UID' not found
09-25 00:45:05.178  2929  3666 W ContextImpl: Calling a method in the system process without a qualified user: android.app.ContextImpl.sendBroadcast:763 com.android.server.statusbar.StatusBarManagerService.sendFlymeQuitSystemUIBroadcast:-1 com.android.server.statusbar.StatusBarManagerService.onPanelHidden:630 com.android.internal.statusbar.IStatusBarService$Stub.onTransact:237 com.android.server.statusbar.FlymeExtStatusBarManagerService.onTransact:33 
09-25 00:45:05.284  6593  8967 W auto_update_AppAutoUpdateManager: --Screen on and cancel scheduler download
09-25 00:45:05.286  4347  8996 W ContextImpl: Calling a method in the system process without a qualified user: android.app.ContextImpl.startService:-1 android.content.ContextWrapper.startService:581 android.content.ContextWrapper.startService:581 com.meizu.networkmanager.c.p.a:25 com.meizu.networkmanager.boradcast.TrafficGlobalReceiver$2.run:244 
09-25 00:45:05.320  2929  3695 W InputMethodManagerService: Window already focused, ignoring focus gain of: com.android.internal.view.IInputMethodClient$Stub$Proxy@42a1562 attribute=android.view.inputmethod.EditorInfo@43b26f3, token = android.os.BinderProxy@e88ac90
09-25 00:45:05.453  8999  8999 W System  : ClassLoader referenced unknown path: /system/app/PrivacyController/lib/arm64
09-25 00:45:05.728  7519  8997 E MyScan  : ScanThread a scan cost time : 440, path = /storage/emulated/0/
09-25 00:45:06.272  3160  3160 W NfcControllerImpl: nfc adapter is not available.
09-25 00:45:06.272  3160  3160 W NfcControllerImpl: nfc adapter is not available.
09-25 00:45:06.285  2929  2944 W ContextImpl: Calling a method in the system process without a qualified user: android.app.ContextImpl.sendBroadcast:763 com.android.server.statusbar.StatusBarManagerService.sendFlymeEnterSystemUIBroadcast:-1 com.android.server.statusbar.StatusBarManagerService.onPanelRevealed:608 com.android.internal.statusbar.IStatusBarService$Stub.onTransact:230 com.android.server.statusbar.FlymeExtStatusBarManagerService.onTransact:33 
09-25 00:45:06.289  3160  3560 W NfcControllerImpl: nfc adapter is not available.
09-25 00:45:06.289  3160  3560 W NfcControllerImpl: nfc adapter is not available.
09-25 00:45:06.297  3160  3560 W NfcControllerImpl: nfc adapter is not available.
09-25 00:45:06.297  3160  3560 W NfcControllerImpl: nfc adapter is not available.
09-25 00:45:09.327  3642  3817 E PowerManagerFlyme: getWakeLockInfo failed: java.lang.NoSuchMethodException: getWakeLockData []
09-25 00:45:09.330  3642  3817 E PowerManagerFlyme: getWakeLockInfo failed: java.lang.NoSuchMethodException: getWakeLockData []
09-25 00:45:11.550  7402  7402 E ConnectivitySettings: start switching fragment: null
09-25 00:45:11.551  7402  7402 E ConnectivitySettings: getStartingFragmentClass(): com.meizu.connectivitysettings.MobileNetworkSettings
09-25 00:45:11.551  7402  7402 E ConnectivitySettings: fragmentName is com.meizu.connectivitysettings.MobileNetworkSettings
09-25 00:45:11.551  7402  7402 E ConnectivitySettings: title is 
09-25 00:45:11.551  7402  7402 E ConnectivitySettings: title is -1
09-25 00:45:11.856  2929  3666 W ContextImpl: Calling a method in the system process without a qualified user: android.app.ContextImpl.sendBroadcast:763 com.android.server.statusbar.StatusBarManagerService.sendFlymeQuitSystemUIBroadcast:-1 com.android.server.statusbar.StatusBarManagerService.onPanelHidden:630 com.android.internal.statusbar.IStatusBarService$Stub.onTransact:237 com.android.server.statusbar.FlymeExtStatusBarManagerService.onTransact:33 
09-25 00:45:14.334  3642  3817 E PowerManagerFlyme: getWakeLockInfo failed: java.lang.NoSuchMethodException: getWakeLockData []
09-25 00:45:14.337  3642  3817 E PowerManagerFlyme: getWakeLockInfo failed: java.lang.NoSuchMethodException: getWakeLockData []
09-25 00:45:14.525  7402  7402 E ConnectivitySettings: onPreferenceStartFragment
09-25 00:45:14.533  7402  7402 E ConnectivitySettings.Utils: startWithFragment: com.meizu.connectivitysettings.NetworkSetting
09-25 00:45:14.533  7402  7402 E ConnectivitySettings: END
09-25 00:45:14.597  7402  7402 E ConnectivitySettings: start switching fragment: com.meizu.connectivitysettings.NetworkSetting
09-25 00:45:14.597  7402  7402 E ConnectivitySettings: fragmentName is com.meizu.connectivitysettings.NetworkSetting
09-25 00:45:14.597  7402  7402 E ConnectivitySettings: title is 
09-25 00:45:14.597  7402  7402 E ConnectivitySettings: title is -1
09-25 00:45:14.636  7402  7402 W ContextImpl: Calling a method in the system process without a qualified user: android.app.ContextImpl.startService:-1 android.content.ContextWrapper.startService:581 com.meizu.connectivitysettings.NetworkSetting.onCreate:419 android.app.Fragment.performCreate:2198 android.app.FragmentManagerImpl.moveToState:942 
09-25 00:45:14.639  7402  7402 W ContextImpl: Calling a method in the system process without a qualified user: android.app.ContextImpl.bindService:1285 android.content.ContextWrapper.bindService:604 com.meizu.connectivitysettings.NetworkSetting.onCreate:420 android.app.Fragment.performCreate:2198 android.app.FragmentManagerImpl.moveToState:942 
09-25 00:45:14.655  3658  3658 W System  : ClassLoader referenced unknown path: /system/app/ConnectivitySettings/lib/arm64
09-25 00:45:15.126  2419  2419 W SurfaceFlinger: couldn't log to binary event log: overflow.
09-25 00:45:17.565  7402  7402 E ConnectivitySettings: onPreferenceStartFragment
09-25 00:45:17.574  7402  7402 E ConnectivitySettings.Utils: startWithFragment: com.meizu.connectivitysettings.NetworkSetting
09-25 00:45:17.574  7402  7402 E ConnectivitySettings: END
09-25 00:45:17.607  7402  7402 E ConnectivitySettings: start switching fragment: com.meizu.connectivitysettings.NetworkSetting
09-25 00:45:17.607  7402  7402 E ConnectivitySettings: fragmentName is com.meizu.connectivitysettings.NetworkSetting
09-25 00:45:17.607  7402  7402 E ConnectivitySettings: title is 
09-25 00:45:17.607  7402  7402 E ConnectivitySettings: title is -1
09-25 00:45:17.612  7402  7402 W ContextImpl: Calling a method in the system process without a qualified user: android.app.ContextImpl.startService:-1 android.content.ContextWrapper.startService:581 com.meizu.connectivitysettings.NetworkSetting.onCreate:419 android.app.Fragment.performCreate:2198 android.app.FragmentManagerImpl.moveToState:942 
09-25 00:45:17.614  7402  7402 W ContextImpl: Calling a method in the system process without a qualified user: android.app.ContextImpl.bindService:1285 android.content.ContextWrapper.bindService:604 com.meizu.connectivitysettings.NetworkSetting.onCreate:420 android.app.Fragment.performCreate:2198 android.app.FragmentManagerImpl.moveToState:942 
09-25 00:45:17.972  2419  2419 W SurfaceFlinger: couldn't log to binary event log: overflow.
09-25 00:45:19.342  3642  3817 E PowerManagerFlyme: getWakeLockInfo failed: java.lang.NoSuchMethodException: getWakeLockData []
09-25 00:45:19.344  3642  3817 E PowerManagerFlyme: getWakeLockInfo failed: java.lang.NoSuchMethodException: getWakeLockData []
09-25 00:45:24.348  3642  3817 E PowerManagerFlyme: getWakeLockInfo failed: java.lang.NoSuchMethodException: getWakeLockData []
09-25 00:45:24.351  3642  3817 E PowerManagerFlyme: getWakeLockInfo failed: java.lang.NoSuchMethodException: getWakeLockData []
09-25 00:45:29.355  3642  3817 E PowerManagerFlyme: getWakeLockInfo failed: java.lang.NoSuchMethodException: getWakeLockData []
09-25 00:45:29.358  3642  3817 E PowerManagerFlyme: getWakeLockInfo failed: java.lang.NoSuchMethodException: getWakeLockData []
09-25 00:45:32.439  7519  8998 E MyScan  : ScanThread a scan cost time : 27150, path = /storage/C678-1709/
09-25 00:45:34.363  3642  3817 E PowerManagerFlyme: getWakeLockInfo failed: java.lang.NoSuchMethodException: getWakeLockData []
09-25 00:45:34.366  3642  3817 E PowerManagerFlyme: getWakeLockInfo failed: java.lang.NoSuchMethodException: getWakeLockData []
09-25 00:45:36.320  2425  2912 E NetlinkEvent: NetlinkEvent::FindParam(): Parameter 'UID' not found
09-25 00:45:37.856  2425  2912 E NetlinkEvent: NetlinkEvent::FindParam(): Parameter 'UID' not found
09-25 00:45:39.372  3642  3817 E PowerManagerFlyme: getWakeLockInfo failed: java.lang.NoSuchMethodException: getWakeLockData []
09-25 00:45:39.376  3642  3817 E PowerManagerFlyme: getWakeLockInfo failed: java.lang.NoSuchMethodException: getWakeLockData []
09-25 00:45:44.383  3642  3817 E PowerManagerFlyme: getWakeLockInfo failed: java.lang.NoSuchMethodException: getWakeLockData []
09-25 00:45:44.387  3642  3817 E PowerManagerFlyme: getWakeLockInfo failed: java.lang.NoSuchMethodException: getWakeLockData []
09-25 00:45:46.581  2929  3679 W Telecom : : No account found for the calling user
09-25 00:45:47.453  2929  2965 E libgps  : LIBGPS: Cannot communicate (write) with a GPSD
09-25 00:45:47.453  2929  2965 E libgps  : IPC Communication Error, ../../../../tmp/14477502_250069/proprietary/deliverables/android/gps_interface/gpsi_client/GpsiClient.cpp:1584 agps_set_server
09-25 00:45:48.458  2929  2965 E libgps  : LIBGPS: Cannot communicate (write) with a GPSD
09-25 00:45:48.458  2929  2965 E libgps  : IPC Communication Error 1, ../../../../tmp/14477502_250069/proprietary/deliverables/android/gps_interface/gpsi_client/GpsiClient.cpp:2213 configuration_update
09-25 00:45:49.393  3642  3817 E PowerManagerFlyme: getWakeLockInfo failed: java.lang.NoSuchMethodException: getWakeLockData []
09-25 00:45:49.396  3642  3817 E PowerManagerFlyme: getWakeLockInfo failed: java.lang.NoSuchMethodException: getWakeLockData []
09-25 00:45:49.417  2929  3029 E native  : do suspend true
09-25 00:45:49.439  4347  9103 W ContextImpl: Calling a method in the system process without a qualified user: android.app.ContextImpl.startService:-1 android.content.ContextWrapper.startService:581 com.meizu.networkmanager.c.p.a:25 com.meizu.networkmanager.boradcast.b$1$1.run:67 <bottom of call stack> 
09-25 00:45:49.448  6593  8967 W auto_update_AppAutoUpdateManager: --Screen off but update app size == 0
09-25 00:45:53.973  3160  3160 W NfcControllerImpl: nfc adapter is not available.
09-25 00:45:53.973  3160  3160 W NfcControllerImpl: nfc adapter is not available.
09-25 00:45:54.024  3160  3560 W NfcControllerImpl: nfc adapter is not available.
09-25 00:45:54.024  3160  3560 W NfcControllerImpl: nfc adapter is not available.
09-25 00:45:54.068  3160  3560 W NfcControllerImpl: nfc adapter is not available.
09-25 00:45:54.068  3160  3560 W NfcControllerImpl: nfc adapter is not available.
09-25 00:45:54.077  3160  3160 W View    : requestLayout() improperly called by android.widget.FrameLayout{d2bd26 V.E...... ......ID 0,1787-720,1787 #7f0f024a app:id/mz_dismiss_view} during layout: running second layout pass
09-25 00:45:54.252  3160  3160 W View    : requestLayout() improperly called by android.widget.FrameLayout{d2bd26 V.E...... ......ID 0,1246-720,1246 #7f0f024a app:id/mz_dismiss_view} during second layout pass: posting in next frame
09-25 00:45:54.401  3642  3817 E PowerManagerFlyme: getWakeLockInfo failed: java.lang.NoSuchMethodException: getWakeLockData []
09-25 00:45:54.404  3642  3817 E PowerManagerFlyme: getWakeLockInfo failed: java.lang.NoSuchMethodException: getWakeLockData []
09-25 00:45:59.410  3642  3817 E PowerManagerFlyme: getWakeLockInfo failed: java.lang.NoSuchMethodException: getWakeLockData []
09-25 00:45:59.415  3642  3817 E PowerManagerFlyme: getWakeLockInfo failed: java.lang.NoSuchMethodException: getWakeLockData []
09-25 00:45:59.880  2425  2912 E NetlinkEvent: NetlinkEvent::FindParam(): Parameter 'UID' not found
09-25 00:46:01.055  2425  2912 E NetlinkEvent: NetlinkEvent::FindParam(): Parameter 'UID' not found
09-25 00:46:04.422  3642  3817 E PowerManagerFlyme: getWakeLockInfo failed: java.lang.NoSuchMethodException: getWakeLockData []
09-25 00:46:04.426  3642  3817 E PowerManagerFlyme: getWakeLockInfo failed: java.lang.NoSuchMethodException: getWakeLockData []
09-25 00:46:09.434  3642  3817 E PowerManagerFlyme: getWakeLockInfo failed: java.lang.NoSuchMethodException: getWakeLockData []
09-25 00:46:09.438  3642  3817 E PowerManagerFlyme: getWakeLockInfo failed: java.lang.NoSuchMethodException: getWakeLockData []
09-25 00:46:14.446  3642  3817 E PowerManagerFlyme: getWakeLockInfo failed: java.lang.NoSuchMethodException: getWakeLockData []
09-25 00:46:14.451  3642  3817 E PowerManagerFlyme: getWakeLockInfo failed: java.lang.NoSuchMethodException: getWakeLockData []
09-25 00:46:16.954  2929  3347 W Telecom : : No account found for the calling user
09-25 00:46:17.017  2929  2944 W Telecom : : No account found for the calling user
09-25 00:46:17.881  2929  2965 E libgps  : LIBGPS: Cannot communicate (write) with a GPSD
09-25 00:46:17.881  2929  2965 E libgps  : IPC Communication Error, ../../../../tmp/14477502_250069/proprietary/deliverables/android/gps_interface/gpsi_client/GpsiClient.cpp:1584 agps_set_server
09-25 00:46:18.885  2929  2965 E libgps  : LIBGPS: Cannot communicate (write) with a GPSD
09-25 00:46:18.885  2929  2965 E libgps  : IPC Communication Error 1, ../../../../tmp/14477502_250069/proprietary/deliverables/android/gps_interface/gpsi_client/GpsiClient.cpp:2213 configuration_update
09-25 00:46:19.457  3642  3817 E PowerManagerFlyme: getWakeLockInfo failed: java.lang.NoSuchMethodException: getWakeLockData []
09-25 00:46:19.461  3642  3817 E PowerManagerFlyme: getWakeLockInfo failed: java.lang.NoSuchMethodException: getWakeLockData []
09-25 00:46:24.468  3642  3817 E PowerManagerFlyme: getWakeLockInfo failed: java.lang.NoSuchMethodException: getWakeLockData []
09-25 00:46:24.476  3642  3817 E PowerManagerFlyme: getWakeLockInfo failed: java.lang.NoSuchMethodException: getWakeLockData []
09-25 00:46:29.482  3642  3817 E PowerManagerFlyme: getWakeLockInfo failed: java.lang.NoSuchMethodException: getWakeLockData []
09-25 00:46:29.486  3642  3817 E PowerManagerFlyme: getWakeLockInfo failed: java.lang.NoSuchMethodException: getWakeLockData []
09-25 00:46:29.960  2425  2912 E NetlinkEvent: NetlinkEvent::FindParam(): Parameter 'UID' not found
09-25 00:46:34.492  3642  3817 E PowerManagerFlyme: getWakeLockInfo failed: java.lang.NoSuchMethodException: getWakeLockData []
09-25 00:46:34.495  3642  3817 E PowerManagerFlyme: getWakeLockInfo failed: java.lang.NoSuchMethodException: getWakeLockData []
09-25 00:46:34.979  2425  2912 E NetlinkEvent: NetlinkEvent::FindParam(): Parameter 'UID' not found
09-25 00:46:39.499  3642  3817 E PowerManagerFlyme: getWakeLockInfo failed: java.lang.NoSuchMethodException: getWakeLockData []
09-25 00:46:39.503  3642  3817 E PowerManagerFlyme: getWakeLockInfo failed: java.lang.NoSuchMethodException: getWakeLockData []
09-25 00:46:44.509  3642  3817 E PowerManagerFlyme: getWakeLockInfo failed: java.lang.NoSuchMethodException: getWakeLockData []
09-25 00:46:44.514  3642  3817 E PowerManagerFlyme: getWakeLockInfo failed: java.lang.NoSuchMethodException: getWakeLockData []
09-25 00:46:49.522  3642  3817 E PowerManagerFlyme: getWakeLockInfo failed: java.lang.NoSuchMethodException: getWakeLockData []
09-25 00:46:49.526  3642  3817 E PowerManagerFlyme: getWakeLockInfo failed: java.lang.NoSuchMethodException: getWakeLockData []
09-25 00:46:50.000  2425  2912 E NetlinkEvent: NetlinkEvent::FindParam(): Parameter 'UID' not found
09-25 00:46:54.141  6593  8967 W auto_update_AppAutoUpdateManager: reset download size and time
09-25 00:46:54.142  6593  8967 W auto_update_AppAutoUpdateManager: >>Power connected but update app size == 0
09-25 00:46:54.536  3642  3817 E PowerManagerFlyme: getWakeLockInfo failed: java.lang.NoSuchMethodException: getWakeLockData []
09-25 00:46:54.551  3642  3817 E PowerManagerFlyme: getWakeLockInfo failed: java.lang.NoSuchMethodException: getWakeLockData []
09-25 00:46:59.557  3642  3817 E PowerManagerFlyme: getWakeLockInfo failed: java.lang.NoSuchMethodException: getWakeLockData []
09-25 00:46:59.562  3642  3817 E PowerManagerFlyme: getWakeLockInfo failed: java.lang.NoSuchMethodException: getWakeLockData []
09-25 00:47:04.567  3642  3817 E PowerManagerFlyme: getWakeLockInfo failed: java.lang.NoSuchMethodException: getWakeLockData []
09-25 00:47:04.571  3642  3817 E PowerManagerFlyme: getWakeLockInfo failed: java.lang.NoSuchMethodException: getWakeLockData []
09-25 00:47:07.021  2425  2912 E NetlinkEvent: NetlinkEvent::FindParam(): Parameter 'UID' not found
09-25 00:47:09.579  3642  3817 E PowerManagerFlyme: getWakeLockInfo failed: java.lang.NoSuchMethodException: getWakeLockData []
09-25 00:47:09.586  3642  3817 E PowerManagerFlyme: getWakeLockInfo failed: java.lang.NoSuchMethodException: getWakeLockData []
09-25 00:47:11.232  4445  4457 E WifiManagerFlyme: disableScanInterface exception: java.lang.NoSuchMethodException
09-25 00:47:11.236  2929  3029 E native  : do suspend false
09-25 00:47:11.299  2929  2944 W ContextImpl: Calling a method in the system process without a qualified user: android.app.ContextImpl.sendBroadcast:763 com.android.server.statusbar.StatusBarManagerService.sendFlymeEnterSystemUIBroadcast:-1 com.android.server.statusbar.StatusBarManagerService.onPanelRevealed:608 com.android.internal.statusbar.IStatusBarService$Stub.onTransact:230 com.android.server.statusbar.FlymeExtStatusBarManagerService.onTransact:33 
09-25 00:47:11.831  4008  4008 E FlymeConfigUpdator: flyme get WhiteListConfigUpdator failed,config={"code":191001,"message":"not exists","value":null}
09-25 00:47:12.477  2929  3703 W ContextImpl: Calling a method in the system process without a qualified user: android.app.ContextImpl.sendBroadcast:763 com.android.server.statusbar.StatusBarManagerService.sendFlymeQuitSystemUIBroadcast:-1 com.android.server.statusbar.StatusBarManagerService.onPanelHidden:630 com.android.internal.statusbar.IStatusBarService$Stub.onTransact:237 com.android.server.statusbar.FlymeExtStatusBarManagerService.onTransact:33 
09-25 00:47:12.533  3160  3560 W NfcControllerImpl: nfc adapter is not available.
09-25 00:47:12.533  3160  3560 W NfcControllerImpl: nfc adapter is not available.
09-25 00:47:12.549  4347  9209 W ContextImpl: Calling a method in the system process without a qualified user: android.app.ContextImpl.startService:-1 android.content.ContextWrapper.startService:581 android.content.ContextWrapper.startService:581 com.meizu.networkmanager.c.p.a:25 com.meizu.networkmanager.boradcast.TrafficGlobalReceiver$2.run:244 
09-25 00:47:12.557  6593  8967 W auto_update_AppAutoUpdateManager: --Screen on and cancel scheduler download
09-25 00:47:12.588  2929  3666 W InputMethodManagerService: Window already focused, ignoring focus gain of: com.android.internal.view.IInputMethodClient$Stub$Proxy@eb9c2fb attribute=android.view.inputmethod.EditorInfo@7a2af18, token = android.os.BinderProxy@4a7ecc2
09-25 00:47:14.592  3642  3817 E PowerManagerFlyme: getWakeLockInfo failed: java.lang.NoSuchMethodException: getWakeLockData []
09-25 00:47:14.595  3642  3817 E PowerManagerFlyme: getWakeLockInfo failed: java.lang.NoSuchMethodException: getWakeLockData []
09-25 00:47:18.885  2929  3666 W InputMethodManagerService: Window already focused, ignoring focus gain of: com.android.internal.view.IInputMethodClient$Stub$Proxy@4ff9a9 attribute=null, token = android.os.BinderProxy@4a7ecc2
09-25 00:47:19.080  2419  2419 W SurfaceFlinger: couldn't log to binary event log: overflow.
09-25 00:47:19.601  3642  3817 E PowerManagerFlyme: getWakeLockInfo failed: java.lang.NoSuchMethodException: getWakeLockData []
09-25 00:47:19.606  3642  3817 E PowerManagerFlyme: getWakeLockInfo failed: java.lang.NoSuchMethodException: getWakeLockData []
09-25 00:47:22.093  7402  7402 E ConnectivitySettings: onPreferenceStartFragment
09-25 00:47:22.101  7402  7402 E ConnectivitySettings.Utils: startWithFragment: com.meizu.connectivitysettings.NetworkSetting
09-25 00:47:22.101  7402  7402 E ConnectivitySettings: END
09-25 00:47:22.136  7402  7402 E ConnectivitySettings: start switching fragment: com.meizu.connectivitysettings.NetworkSetting
09-25 00:47:22.136  7402  7402 E ConnectivitySettings: fragmentName is com.meizu.connectivitysettings.NetworkSetting
09-25 00:47:22.136  7402  7402 E ConnectivitySettings: title is 
09-25 00:47:22.136  7402  7402 E ConnectivitySettings: title is -1
09-25 00:47:22.144  7402  7402 W ContextImpl: Calling a method in the system process without a qualified user: android.app.ContextImpl.startService:-1 android.content.ContextWrapper.startService:581 com.meizu.connectivitysettings.NetworkSetting.onCreate:419 android.app.Fragment.performCreate:2198 android.app.FragmentManagerImpl.moveToState:942 
09-25 00:47:22.146  7402  7402 W ContextImpl: Calling a method in the system process without a qualified user: android.app.ContextImpl.bindService:1285 android.content.ContextWrapper.bindService:604 com.meizu.connectivitysettings.NetworkSetting.onCreate:420 android.app.Fragment.performCreate:2198 android.app.FragmentManagerImpl.moveToState:942 
09-25 00:47:22.522  2419  2419 W SurfaceFlinger: couldn't log to binary event log: overflow.
09-25 00:47:24.613  3642  3817 E PowerManagerFlyme: getWakeLockInfo failed: java.lang.NoSuchMethodException: getWakeLockData []
09-25 00:47:24.617  3642  3817 E PowerManagerFlyme: getWakeLockInfo failed: java.lang.NoSuchMethodException: getWakeLockData []
09-25 00:47:27.028  3160  3160 W NfcControllerImpl: nfc adapter is not available.
09-25 00:47:27.028  3160  3160 W NfcControllerImpl: nfc adapter is not available.
09-25 00:47:27.039  2929  2945 W ContextImpl: Calling a method in the system process without a qualified user: android.app.ContextImpl.sendBroadcast:763 com.android.server.statusbar.StatusBarManagerService.sendFlymeEnterSystemUIBroadcast:-1 com.android.server.statusbar.StatusBarManagerService.onPanelRevealed:608 com.android.internal.statusbar.IStatusBarService$Stub.onTransact:230 com.android.server.statusbar.FlymeExtStatusBarManagerService.onTransact:33 
09-25 00:47:27.045  3160  3560 W NfcControllerImpl: nfc adapter is not available.
09-25 00:47:27.045  3160  3560 W NfcControllerImpl: nfc adapter is not available.
09-25 00:47:27.054  3160  3560 W NfcControllerImpl: nfc adapter is not available.
09-25 00:47:27.055  3160  3560 W NfcControllerImpl: nfc adapter is not available.
09-25 00:47:28.756  2929  3063 W ContextImpl: Calling a method in the system process without a qualified user: android.app.ContextImpl.sendBroadcast:763 com.android.server.statusbar.StatusBarManagerService.sendFlymeQuitSystemUIBroadcast:-1 com.android.server.statusbar.StatusBarManagerService.onPanelHidden:630 com.android.internal.statusbar.IStatusBarService$Stub.onTransact:237 com.android.server.statusbar.FlymeExtStatusBarManagerService.onTransact:33 
09-25 00:47:28.771  2929  2945 W InputMethodManagerService: Window already focused, ignoring focus gain of: com.android.internal.view.IInputMethodClient$Stub$Proxy@a5187ea attribute=null, token = android.os.BinderProxy@9154206
09-25 00:47:29.386  3160  3160 W NfcControllerImpl: nfc adapter is not available.
09-25 00:47:29.386  3160  3160 W NfcControllerImpl: nfc adapter is not available.
09-25 00:47:29.399  2929  3666 W ContextImpl: Calling a method in the system process without a qualified user: android.app.ContextImpl.sendBroadcast:763 com.android.server.statusbar.StatusBarManagerService.sendFlymeEnterSystemUIBroadcast:-1 com.android.server.statusbar.StatusBarManagerService.onPanelRevealed:608 com.android.internal.statusbar.IStatusBarService$Stub.onTransact:230 com.android.server.statusbar.FlymeExtStatusBarManagerService.onTransact:33 
09-25 00:47:29.405  3160  3560 W NfcControllerImpl: nfc adapter is not available.
09-25 00:47:29.405  3160  3560 W NfcControllerImpl: nfc adapter is not available.
09-25 00:47:29.414  3160  3560 W NfcControllerImpl: nfc adapter is not available.
09-25 00:47:29.414  3160  3560 W NfcControllerImpl: nfc adapter is not available.
09-25 00:47:29.622  3642  3817 E PowerManagerFlyme: getWakeLockInfo failed: java.lang.NoSuchMethodException: getWakeLockData []
09-25 00:47:29.625  3642  3817 E PowerManagerFlyme: getWakeLockInfo failed: java.lang.NoSuchMethodException: getWakeLockData []
09-25 00:47:32.273  2929  2944 W ContextImpl: Calling a method in the system process without a qualified user: android.app.ContextImpl.sendBroadcast:763 com.android.server.statusbar.StatusBarManagerService.sendFlymeQuitSystemUIBroadcast:-1 com.android.server.statusbar.StatusBarManagerService.onPanelHidden:630 com.android.internal.statusbar.IStatusBarService$Stub.onTransact:237 com.android.server.statusbar.FlymeExtStatusBarManagerService.onTransact:33 
09-25 00:47:32.296  2929  2945 W InputMethodManagerService: Window already focused, ignoring focus gain of: com.android.internal.view.IInputMethodClient$Stub$Proxy@2c7e88d attribute=null, token = android.os.BinderProxy@9154206
09-25 00:47:34.632  3642  3817 E PowerManagerFlyme: getWakeLockInfo failed: java.lang.NoSuchMethodException: getWakeLockData []
09-25 00:47:34.636  3642  3817 E PowerManagerFlyme: getWakeLockInfo failed: java.lang.NoSuchMethodException: getWakeLockData []
09-25 00:47:39.640  3642  3817 E PowerManagerFlyme: getWakeLockInfo failed: java.lang.NoSuchMethodException: getWakeLockData []
09-25 00:47:39.643  3642  3817 E PowerManagerFlyme: getWakeLockInfo failed: java.lang.NoSuchMethodException: getWakeLockData []
09-25 00:47:44.648  3642  3817 E PowerManagerFlyme: getWakeLockInfo failed: java.lang.NoSuchMethodException: getWakeLockData []
09-25 00:47:44.652  3642  3817 E PowerManagerFlyme: getWakeLockInfo failed: java.lang.NoSuchMethodException: getWakeLockData []
09-25 00:47:49.659  3642  3817 E PowerManagerFlyme: getWakeLockInfo failed: java.lang.NoSuchMethodException: getWakeLockData []
09-25 00:47:49.663  3642  3817 E PowerManagerFlyme: getWakeLockInfo failed: java.lang.NoSuchMethodException: getWakeLockData []
09-25 00:47:53.269  2929  3695 W Telecom : : No account found for the calling user
09-25 00:47:53.609  2929  3348 W Telecom : : No account found for the calling user
09-25 00:47:53.667  2929  3688 W Telecom : : No account found for the calling user
09-25 00:47:54.202  2929  2965 E libgps  : LIBGPS: Cannot communicate (write) with a GPSD
09-25 00:47:54.202  2929  2965 E libgps  : IPC Communication Error, ../../../../tmp/14477502_250069/proprietary/deliverables/android/gps_interface/gpsi_client/GpsiClient.cpp:1584 agps_set_server
09-25 00:47:54.669  3642  3817 E PowerManagerFlyme: getWakeLockInfo failed: java.lang.NoSuchMethodException: getWakeLockData []
09-25 00:47:54.674  3642  3817 E PowerManagerFlyme: getWakeLockInfo failed: java.lang.NoSuchMethodException: getWakeLockData []
09-25 00:47:55.206  2929  2965 E libgps  : LIBGPS: Cannot communicate (write) with a GPSD
09-25 00:47:55.206  2929  2965 E libgps  : IPC Communication Error 1, ../../../../tmp/14477502_250069/proprietary/deliverables/android/gps_interface/gpsi_client/GpsiClient.cpp:2213 configuration_update
09-25 00:47:56.297  2929  2965 E libgps  : LIBGPS: Cannot communicate (write) with a GPSD
09-25 00:47:56.297  2929  2965 E libgps  : IPC Communication Error, ../../../../tmp/14477502_250069/proprietary/deliverables/android/gps_interface/gpsi_client/GpsiClient.cpp:1584 agps_set_server
09-25 00:47:57.303  2929  2965 E libgps  : LIBGPS: Cannot communicate (write) with a GPSD
09-25 00:47:57.303  2929  2965 E libgps  : IPC Communication Error 1, ../../../../tmp/14477502_250069/proprietary/deliverables/android/gps_interface/gpsi_client/GpsiClient.cpp:2213 configuration_update
09-25 00:47:59.679  3642  3817 E PowerManagerFlyme: getWakeLockInfo failed: java.lang.NoSuchMethodException: getWakeLockData []
09-25 00:47:59.682  3642  3817 E PowerManagerFlyme: getWakeLockInfo failed: java.lang.NoSuchMethodException: getWakeLockData []
09-25 00:48:00.129  4008  4008 E FlymeConfigUpdator: flyme get WhiteListConfigUpdator failed,config={"code":191001,"message":"not exists","value":null}
