09-25 00:42:37.659  2929  3063 W InputMethodManagerService: Window already focused, ignoring focus gain of: com.android.internal.view.IInputMethodClient$Stub$Proxy@6e1d929 attribute=null, token = android.os.BinderProxy@bbb1069
09-25 00:42:37.672  3160  3160 W StatusBar: updateNotification for unknown pkg: com.meizu.cloud
09-25 00:42:37.686  3160  3160 W StatusBar: removeFakeNotificationViews()---removeNotification for unknown pkg: com.meizu.account
09-25 00:42:37.689  3160  3160 W StatusBar: removeFakeNotificationViews()---removeNotification for unknown pkg: com.android.systemui
09-25 00:42:38.431  7916  8017 W CursorWindow: Window is full: requested allocation 68419 bytes, free space 65655 bytes, window size 2097152 bytes
09-25 00:42:38.562  7916  8017 W CursorWindow: Window is full: requested allocation 68419 bytes, free space 67419 bytes, window size 2097152 bytes
09-25 00:42:38.696  7916  8017 W CursorWindow: Window is full: requested allocation 62572 bytes, free space 47463 bytes, window size 2097152 bytes
09-25 00:42:39.659  7916  8017 W CursorWindow: Window is full: requested allocation 60597 bytes, free space 21919 bytes, window size 2097152 bytes
09-25 00:42:40.050  7916  8017 W CursorWindow: Window is full: requested allocation 60328 bytes, free space 53307 bytes, window size 2097152 bytes
09-25 00:42:40.083  8094  8109 E h       : Unable to connect to socket
09-25 00:42:40.083  8094  8109 E h       : java.io.IOException: Connection refused
09-25 00:42:40.083  8094  8109 E h       : 	at android.net.LocalSocketImpl.connectLocal(Native Method)
09-25 00:42:40.083  8094  8109 E h       : 	at android.net.LocalSocketImpl.connect(LocalSocketImpl.java:290)
09-25 00:42:40.083  8094  8109 E h       : 	at android.net.LocalSocket.connect(LocalSocket.java:130)
09-25 00:42:40.083  8094  8109 E h       : 	at com.android.flyme.bridge.softsim.h.b(Unknown Source)
09-25 00:42:40.083  8094  8109 E h       : 	at com.android.flyme.bridge.softsim.h.run(Unknown Source)
09-25 00:42:40.083  8094  8109 E h       : 	at java.lang.Thread.run(Thread.java:818)
09-25 00:42:40.280  2929  3063 W ContextImpl: Calling a method in the system process without a qualified user: android.app.ContextImpl.sendBroadcast:763 com.android.server.statusbar.StatusBarManagerService.sendFlymeEnterSystemUIBroadcast:-1 com.android.server.statusbar.StatusBarManagerService.onPanelRevealed:608 com.android.internal.statusbar.IStatusBarService$Stub.onTransact:230 com.android.server.statusbar.FlymeExtStatusBarManagerService.onTransact:33 
09-25 00:42:40.737  7916  8017 W CursorWindow: Window is full: requested allocation 60597 bytes, free space 22359 bytes, window size 2097152 bytes
09-25 00:42:40.973  7916  8017 W CursorWindow: Window is full: requested allocation 60328 bytes, free space 53307 bytes, window size 2097152 bytes
09-25 00:42:42.125  6622  6628 W art     : Suspending all threads took: 18.003ms
09-25 00:42:42.215  7916  8270 W c       : md5 check exception 86139_zh
09-25 00:42:42.589  2929  3063 W ContextImpl: Calling a method in the system process without a qualified user: android.app.ContextImpl.sendBroadcast:763 com.android.server.statusbar.StatusBarManagerService.sendFlymeQuitSystemUIBroadcast:-1 com.android.server.statusbar.StatusBarManagerService.onPanelHidden:630 com.android.internal.statusbar.IStatusBarService$Stub.onTransact:237 com.android.server.statusbar.FlymeExtStatusBarManagerService.onTransact:33 
09-25 00:42:42.602  2929  3063 W InputMethodManagerService: Window already focused, ignoring focus gain of: com.android.internal.view.IInputMethodClient$Stub$Proxy@4562106 attribute=null, token = android.os.BinderProxy@bbb1069
09-25 00:42:43.895  8120  8120 W ContextImpl: Calling a method in the system process without a qualified user: android.app.ContextImpl.startActivity:-1 android.content.ContextWrapper.startActivity:331 com.meizu.logreport.utils.l.b:267 com.meizu.logreport.activity.AutoModeActivity$1.onClick:177 android.view.View.performClick:-1 
09-25 00:42:43.895  8120  8120 W ContextImpl: Calling a method in the system process without a qualified user: android.app.ContextImpl.startActivity:-1 android.app.ContextImpl.startActivity:-1 android.content.ContextWrapper.startActivity:331 com.meizu.logreport.utils.l.b:267 com.meizu.logreport.activity.AutoModeActivity$1.onClick:177 
09-25 00:42:44.084  8094  8109 E h       : Unable to connect to socket
09-25 00:42:44.084  8094  8109 E h       : java.io.IOException: Connection refused
09-25 00:42:44.084  8094  8109 E h       : 	at android.net.LocalSocketImpl.connectLocal(Native Method)
09-25 00:42:44.084  8094  8109 E h       : 	at android.net.LocalSocketImpl.connect(LocalSocketImpl.java:290)
09-25 00:42:44.084  8094  8109 E h       : 	at android.net.LocalSocket.connect(LocalSocket.java:130)
09-25 00:42:44.084  8094  8109 E h       : 	at com.android.flyme.bridge.softsim.h.b(Unknown Source)
09-25 00:42:44.084  8094  8109 E h       : 	at com.android.flyme.bridge.softsim.h.run(Unknown Source)
09-25 00:42:44.084  8094  8109 E h       : 	at java.lang.Thread.run(Thread.java:818)
09-25 00:42:44.149  7519  7530 W art     : Suspending all threads took: 5.145ms
09-25 00:42:45.333  7519  7519 E FilterVersion: versionUpgrade 0 to 1
09-25 00:42:45.350  7519  8428 W System.err: java.io.FileNotFoundException: /data/user/0/com.meizu.filemanager/files/scan_priority_dir.json: open failed: ENOENT (No such file or directory)
09-25 00:42:45.372  7519  8428 W System.err: 	at libcore.io.IoBridge.open(IoBridge.java:452)
09-25 00:42:45.372  7519  8428 W System.err: 	at java.io.FileInputStream.<init>(FileInputStream.java:76)
09-25 00:42:45.372  7519  8428 W System.err: 	at android.app.ContextImpl.openFileInput(ContextImpl.java:384)
09-25 00:42:45.372  7519  8428 W System.err: 	at android.content.ContextWrapper.openFileInput(ContextWrapper.java:177)
09-25 00:42:45.372  7519  8428 W System.err: 	at com.meizu.flyme.filemanager.mediascan.b.a.d(SourceFile:86)
09-25 00:42:45.372  7519  8428 W System.err: 	at com.meizu.flyme.filemanager.mediascan.b.a.<init>(SourceFile:56)
09-25 00:42:45.372  7519  8428 W System.err: 	at com.meizu.flyme.filemanager.mediascan.b.a.a(SourceFile:63)
09-25 00:42:45.372  7519  8428 W System.err: 	at com.meizu.flyme.filemanager.mediascan.c$a.run(SourceFile:111)
09-25 00:42:45.372  7519  8428 W System.err: 	at java.util.concurrent.Executors$RunnableAdapter.call(Executors.java:423)
09-25 00:42:45.372  7519  8428 W System.err: 	at java.util.concurrent.FutureTask.run(FutureTask.java:237)
09-25 00:42:45.372  7519  8428 W System.err: 	at java.util.concurrent.ThreadPoolExecutor.runWorker(ThreadPoolExecutor.java:1113)
09-25 00:42:45.372  7519  8428 W System.err: 	at java.util.concurrent.ThreadPoolExecutor$Worker.run(ThreadPoolExecutor.java:588)
09-25 00:42:45.372  7519  8428 W System.err: 	at java.lang.Thread.run(Thread.java:818)
09-25 00:42:45.372  7519  8428 W System.err: Caused by: android.system.ErrnoException: open failed: ENOENT (No such file or directory)
09-25 00:42:45.372  7519  8428 W System.err: 	at libcore.io.Posix.open(Native Method)
09-25 00:42:45.372  7519  8428 W System.err: 	at libcore.io.BlockGuardOs.open(BlockGuardOs.java:186)
09-25 00:42:45.372  7519  8428 W System.err: 	at libcore.io.IoBridge.open(IoBridge.java:438)
09-25 00:42:45.372  7519  8428 W System.err: 	... 12 more
09-25 00:42:45.481  4347  7638 W ContextImpl: Calling a method in the system process without a qualified user: android.app.ContextImpl.sendBroadcast:763 android.content.ContextWrapper.sendBroadcast:396 com.meizu.safe.alphame.c.a:90 com.meizu.safe.engine.a.i.c:262 com.meizu.safe.engine.a.i.a:356 
09-25 00:42:46.478  7519  8429 E MyScan  : ScanThread a scan cost time : 1133, path = /storage/emulated/0/
09-25 00:42:48.085  8094  8109 E h       : Unable to connect to socket
09-25 00:42:48.085  8094  8109 E h       : java.io.IOException: Connection refused
09-25 00:42:48.085  8094  8109 E h       : 	at android.net.LocalSocketImpl.connectLocal(Native Method)
09-25 00:42:48.085  8094  8109 E h       : 	at android.net.LocalSocketImpl.connect(LocalSocketImpl.java:290)
09-25 00:42:48.085  8094  8109 E h       : 	at android.net.LocalSocket.connect(LocalSocket.java:130)
09-25 00:42:48.085  8094  8109 E h       : 	at com.android.flyme.bridge.softsim.h.b(Unknown Source)
09-25 00:42:48.085  8094  8109 E h       : 	at com.android.flyme.bridge.softsim.h.run(Unknown Source)
09-25 00:42:48.085  8094  8109 E h       : 	at java.lang.Thread.run(Thread.java:818)
09-25 00:42:48.362  7519  7519 W SambaManager: can not got SAMBA_CLIENT_SERVICE
09-25 00:42:48.363  7519  7519 W SambaManager: can not got SAMBA_CLIENT_SERVICE
09-25 00:42:49.116  6675  6675 E Launcher: Error start clone app: java.lang.NullPointerException: Attempt to invoke virtual method 'int java.lang.reflect.Field.getInt(java.lang.Object)' on a null object reference
09-25 00:42:49.505  6675  6936 W OpenGLRenderer: Incorrectly called buildLayer on View: qr, destroying layer...
09-25 00:42:49.505  6675  6936 W OpenGLRenderer: Incorrectly called buildLayer on View: qr, destroying layer...
09-25 00:42:52.086  8094  8109 E h       : Unable to connect to socket
09-25 00:42:52.086  8094  8109 E h       : java.io.IOException: Connection refused
09-25 00:42:52.086  8094  8109 E h       : 	at android.net.LocalSocketImpl.connectLocal(Native Method)
09-25 00:42:52.086  8094  8109 E h       : 	at android.net.LocalSocketImpl.connect(LocalSocketImpl.java:290)
09-25 00:42:52.086  8094  8109 E h       : 	at android.net.LocalSocket.connect(LocalSocket.java:130)
09-25 00:42:52.086  8094  8109 E h       : 	at com.android.flyme.bridge.softsim.h.b(Unknown Source)
09-25 00:42:52.086  8094  8109 E h       : 	at com.android.flyme.bridge.softsim.h.run(Unknown Source)
09-25 00:42:52.086  8094  8109 E h       : 	at java.lang.Thread.run(Thread.java:818)
09-25 00:42:55.232  5897  5897 W ContextImpl: Calling a method in the system process without a qualified user: android.app.ContextImpl.bindService:1285 android.content.ContextWrapper.bindService:604 com.meizu.settings.accessibility.FlymeSystemUpdateBadgeHelper.bindQueryUpdateService:93 com.meizu.settings.accessibility.FlymeSystemUpdateBadgeHelper.queryUpdate:123 com.meizu.settings.home.FlymeDashboardSummary.updateBadge:213 
09-25 00:42:56.087  8094  8109 E h       : Unable to connect to socket
09-25 00:42:56.087  8094  8109 E h       : java.io.IOException: Connection refused
09-25 00:42:56.087  8094  8109 E h       : 	at android.net.LocalSocketImpl.connectLocal(Native Method)
09-25 00:42:56.087  8094  8109 E h       : 	at android.net.LocalSocketImpl.connect(LocalSocketImpl.java:290)
09-25 00:42:56.087  8094  8109 E h       : 	at android.net.LocalSocket.connect(LocalSocket.java:130)
09-25 00:42:56.087  8094  8109 E h       : 	at com.android.flyme.bridge.softsim.h.b(Unknown Source)
09-25 00:42:56.087  8094  8109 E h       : 	at com.android.flyme.bridge.softsim.h.run(Unknown Source)
09-25 00:42:56.087  8094  8109 E h       : 	at java.lang.Thread.run(Thread.java:818)
09-25 00:43:00.087  8094  8109 E h       : Unable to connect to socket
09-25 00:43:00.087  8094  8109 E h       : java.io.IOException: Connection refused
09-25 00:43:00.087  8094  8109 E h       : 	at android.net.LocalSocketImpl.connectLocal(Native Method)
09-25 00:43:00.087  8094  8109 E h       : 	at android.net.LocalSocketImpl.connect(LocalSocketImpl.java:290)
09-25 00:43:00.087  8094  8109 E h       : 	at android.net.LocalSocket.connect(LocalSocket.java:130)
09-25 00:43:00.087  8094  8109 E h       : 	at com.android.flyme.bridge.softsim.h.b(Unknown Source)
09-25 00:43:00.087  8094  8109 E h       : 	at com.android.flyme.bridge.softsim.h.run(Unknown Source)
09-25 00:43:00.087  8094  8109 E h       : 	at java.lang.Thread.run(Thread.java:818)
09-25 00:43:04.088  8094  8109 E h       : Unable to connect to socket
09-25 00:43:04.088  8094  8109 E h       : java.io.IOException: Connection refused
09-25 00:43:04.088  8094  8109 E h       : 	at android.net.LocalSocketImpl.connectLocal(Native Method)
09-25 00:43:04.088  8094  8109 E h       : 	at android.net.LocalSocketImpl.connect(LocalSocketImpl.java:290)
09-25 00:43:04.088  8094  8109 E h       : 	at android.net.LocalSocket.connect(LocalSocket.java:130)
09-25 00:43:04.088  8094  8109 E h       : 	at com.android.flyme.bridge.softsim.h.b(Unknown Source)
09-25 00:43:04.088  8094  8109 E h       : 	at com.android.flyme.bridge.softsim.h.run(Unknown Source)
09-25 00:43:04.088  8094  8109 E h       : 	at java.lang.Thread.run(Thread.java:818)
09-25 00:43:08.089  8094  8109 E h       : Unable to connect to socket
09-25 00:43:08.089  8094  8109 E h       : java.io.IOException: Connection refused
09-25 00:43:08.089  8094  8109 E h       : 	at android.net.LocalSocketImpl.connectLocal(Native Method)
09-25 00:43:08.089  8094  8109 E h       : 	at android.net.LocalSocketImpl.connect(LocalSocketImpl.java:290)
09-25 00:43:08.089  8094  8109 E h       : 	at android.net.LocalSocket.connect(LocalSocket.java:130)
09-25 00:43:08.089  8094  8109 E h       : 	at com.android.flyme.bridge.softsim.h.b(Unknown Source)
09-25 00:43:08.089  8094  8109 E h       : 	at com.android.flyme.bridge.softsim.h.run(Unknown Source)
09-25 00:43:08.089  8094  8109 E h       : 	at java.lang.Thread.run(Thread.java:818)
09-25 00:43:12.090  8094  8109 E h       : Unable to connect to socket
09-25 00:43:12.090  8094  8109 E h       : java.io.IOException: Connection refused
09-25 00:43:12.090  8094  8109 E h       : 	at android.net.LocalSocketImpl.connectLocal(Native Method)
09-25 00:43:12.090  8094  8109 E h       : 	at android.net.LocalSocketImpl.connect(LocalSocketImpl.java:290)
09-25 00:43:12.090  8094  8109 E h       : 	at android.net.LocalSocket.connect(LocalSocket.java:130)
09-25 00:43:12.090  8094  8109 E h       : 	at com.android.flyme.bridge.softsim.h.b(Unknown Source)
09-25 00:43:12.090  8094  8109 E h       : 	at com.android.flyme.bridge.softsim.h.run(Unknown Source)
09-25 00:43:12.090  8094  8109 E h       : 	at java.lang.Thread.run(Thread.java:818)
09-25 00:43:16.091  8094  8109 E h       : Unable to connect to socket
09-25 00:43:16.091  8094  8109 E h       : java.io.IOException: Connection refused
09-25 00:43:16.091  8094  8109 E h       : 	at android.net.LocalSocketImpl.connectLocal(Native Method)
09-25 00:43:16.091  8094  8109 E h       : 	at android.net.LocalSocketImpl.connect(LocalSocketImpl.java:290)
09-25 00:43:16.091  8094  8109 E h       : 	at android.net.LocalSocket.connect(LocalSocket.java:130)
09-25 00:43:16.091  8094  8109 E h       : 	at com.android.flyme.bridge.softsim.h.b(Unknown Source)
09-25 00:43:16.091  8094  8109 E h       : 	at com.android.flyme.bridge.softsim.h.run(Unknown Source)
09-25 00:43:16.091  8094  8109 E h       : 	at java.lang.Thread.run(Thread.java:818)
09-25 00:43:19.609  6675  6675 E Launcher: Error start clone app: java.lang.NullPointerException: Attempt to invoke virtual method 'int java.lang.reflect.Field.getInt(java.lang.Object)' on a null object reference
09-25 00:43:20.092  8094  8109 E h       : Unable to connect to socket
09-25 00:43:20.092  8094  8109 E h       : java.io.IOException: Connection refused
09-25 00:43:20.092  8094  8109 E h       : 	at android.net.LocalSocketImpl.connectLocal(Native Method)
09-25 00:43:20.092  8094  8109 E h       : 	at android.net.LocalSocketImpl.connect(LocalSocketImpl.java:290)
09-25 00:43:20.092  8094  8109 E h       : 	at android.net.LocalSocket.connect(LocalSocket.java:130)
09-25 00:43:20.092  8094  8109 E h       : 	at com.android.flyme.bridge.softsim.h.b(Unknown Source)
09-25 00:43:20.092  8094  8109 E h       : 	at com.android.flyme.bridge.softsim.h.run(Unknown Source)
09-25 00:43:20.092  8094  8109 E h       : 	at java.lang.Thread.run(Thread.java:818)
09-25 00:43:20.124  6675  6936 W OpenGLRenderer: Incorrectly called buildLayer on View: qr, destroying layer...
09-25 00:43:20.124  6675  6936 W OpenGLRenderer: Incorrectly called buildLayer on View: qr, destroying layer...
09-25 00:43:24.093  8094  8109 E h       : Unable to connect to socket
09-25 00:43:24.093  8094  8109 E h       : java.io.IOException: Connection refused
09-25 00:43:24.093  8094  8109 E h       : 	at android.net.LocalSocketImpl.connectLocal(Native Method)
09-25 00:43:24.093  8094  8109 E h       : 	at android.net.LocalSocketImpl.connect(LocalSocketImpl.java:290)
09-25 00:43:24.093  8094  8109 E h       : 	at android.net.LocalSocket.connect(LocalSocket.java:130)
09-25 00:43:24.093  8094  8109 E h       : 	at com.android.flyme.bridge.softsim.h.b(Unknown Source)
09-25 00:43:24.093  8094  8109 E h       : 	at com.android.flyme.bridge.softsim.h.run(Unknown Source)
09-25 00:43:24.093  8094  8109 E h       : 	at java.lang.Thread.run(Thread.java:818)
09-25 00:43:24.225  7519  8430 E MyScan  : ScanThread a scan cost time : 38873, path = /storage/C678-1709/
09-25 00:43:28.093  8094  8109 E h       : Unable to connect to socket
09-25 00:43:28.093  8094  8109 E h       : java.io.IOException: Connection refused
09-25 00:43:28.093  8094  8109 E h       : 	at android.net.LocalSocketImpl.connectLocal(Native Method)
09-25 00:43:28.093  8094  8109 E h       : 	at android.net.LocalSocketImpl.connect(LocalSocketImpl.java:290)
09-25 00:43:28.093  8094  8109 E h       : 	at android.net.LocalSocket.connect(LocalSocket.java:130)
09-25 00:43:28.093  8094  8109 E h       : 	at com.android.flyme.bridge.softsim.h.b(Unknown Source)
09-25 00:43:28.093  8094  8109 E h       : 	at com.android.flyme.bridge.softsim.h.run(Unknown Source)
09-25 00:43:28.093  8094  8109 E h       : 	at java.lang.Thread.run(Thread.java:818)
09-25 00:43:32.094  8094  8109 E h       : Unable to connect to socket
09-25 00:43:32.094  8094  8109 E h       : java.io.IOException: Connection refused
09-25 00:43:32.094  8094  8109 E h       : 	at android.net.LocalSocketImpl.connectLocal(Native Method)
09-25 00:43:32.094  8094  8109 E h       : 	at android.net.LocalSocketImpl.connect(LocalSocketImpl.java:290)
09-25 00:43:32.094  8094  8109 E h       : 	at android.net.LocalSocket.connect(LocalSocket.java:130)
09-25 00:43:32.094  8094  8109 E h       : 	at com.android.flyme.bridge.softsim.h.b(Unknown Source)
09-25 00:43:32.094  8094  8109 E h       : 	at com.android.flyme.bridge.softsim.h.run(Unknown Source)
09-25 00:43:32.094  8094  8109 E h       : 	at java.lang.Thread.run(Thread.java:818)
09-25 00:43:36.095  8094  8109 E h       : Unable to connect to socket
09-25 00:43:36.095  8094  8109 E h       : java.io.IOException: Connection refused
09-25 00:43:36.095  8094  8109 E h       : 	at android.net.LocalSocketImpl.connectLocal(Native Method)
09-25 00:43:36.095  8094  8109 E h       : 	at android.net.LocalSocketImpl.connect(LocalSocketImpl.java:290)
09-25 00:43:36.095  8094  8109 E h       : 	at android.net.LocalSocket.connect(LocalSocket.java:130)
09-25 00:43:36.095  8094  8109 E h       : 	at com.android.flyme.bridge.softsim.h.b(Unknown Source)
09-25 00:43:36.095  8094  8109 E h       : 	at com.android.flyme.bridge.softsim.h.run(Unknown Source)
09-25 00:43:36.095  8094  8109 E h       : 	at java.lang.Thread.run(Thread.java:818)
09-25 00:43:38.066  3160  3160 W StatusBar: removeFakeNotificationViews()---removeNotification for unknown pkg: com.meizu.logreport
09-25 00:43:40.096  8094  8109 E h       : Unable to initialize socket connection
09-25 00:43:40.121  8120  8120 W ContextImpl: Calling a method in the system process without a qualified user: android.app.ContextImpl.startActivity:-1 android.content.ContextWrapper.startActivity:331 com.meizu.logreport.utils.l.b:267 com.meizu.logreport.activity.ProModeActivity$7.onClick:561 android.view.View.performClick:-1 
09-25 00:43:40.125  8120  8120 W ContextImpl: Calling a method in the system process without a qualified user: android.app.ContextImpl.startActivity:-1 android.app.ContextImpl.startActivity:-1 android.content.ContextWrapper.startActivity:331 com.meizu.logreport.utils.l.b:267 com.meizu.logreport.activity.ProModeActivity$7.onClick:561 
09-25 00:43:40.841  7519  8713 E MyScan  : ScanThread a scan cost time : 466, path = /storage/emulated/0/
09-25 00:43:49.440  2929  3688 W ActivityManager: Activity is launching as a new task, so cancelling activity result.
09-25 00:43:51.900  8764  8764 W System  : ClassLoader referenced unknown path: /system/app/HTMLViewer/lib/arm64
09-25 00:43:52.292  8764  8764 E SysUtils: ApplicationContext is null in ApplicationStatus
09-25 00:43:52.415  8764  8764 W chromium: [WARNING:resource_bundle.cc(285)] locale_file_path.empty()
09-25 00:43:52.427  8764  8764 E libEGL  : validate_display:255 error 3008 (EGL_BAD_DISPLAY)
09-25 00:43:52.427  8764  8764 E libEGL  : validate_display:255 error 3008 (EGL_BAD_DISPLAY)
09-25 00:43:52.467  8764  8797 W AudioManagerAndroid: Requires BLUETOOTH permission
09-25 00:43:52.484  8764  8764 E DataReductionProxySettingListener: No DRP key due to exception:java.lang.ClassNotFoundException: com.android.webview.chromium.Drp
09-25 00:43:52.514  8764  8800 E chromium: [ERROR:unix_domain_server_socket_posix.cc(106)] Not implemented reached in virtual int net::UnixDomainServerSocket::GetLocalAddress(net::IPEndPoint*) const
09-25 00:43:52.575  8764  8764 W chromium: [WARNING:password_handler.cc(33)] create-->contents = 0x0000007f9feb2800, delegate = 0x0000007fb48cd9c0
09-25 00:43:52.575  8764  8764 W chromium: [WARNING:password_handler.cc(41)] attaching to web_contents 
09-25 00:43:52.576  8764  8764 W AwContents: onDetachedFromWindow called when already detached. Ignoring
09-25 00:43:52.591  8764  8764 W WebViewChromium: [doesSupportFullscreen] add className : com.android.htmlviewer.HTMLViewerActivity$ChromeClient, isSupport : false
09-25 00:43:52.594  8764  8764 E ContentSettingsAdapter: Content Settings method for save password: false
09-25 00:43:52.660  8764  8795 W chromium: [WARNING:data_reduction_proxy_config.cc(423)] SPDY proxy OFF at startup
09-25 00:43:53.044  8764  8764 W BindingManager: Cannot call determinedVisibility() - never saw a connection for the pid: 8764
09-25 00:43:53.377  8764  8764 W chromium: [WARNING:password_handler.cc(205)] OnPasswordFormsRendered called
09-25 00:43:53.377  8764  8764 W chromium: [WARNING:password_handler.cc(207)] OnPasswordFormsRendered IsEnabledSavePassword is false
09-25 00:43:53.394  2929  3348 W ActivityManager: Finishing task with all activities already finished
09-25 00:43:53.395  2929  3348 W ActivityManager: Duplicate finish request for ActivityRecord{4f0c7fd u0 android/com.android.internal.app.MzResolverActivity t12 f}
09-25 00:44:06.761  3673  3770 W ActivityThread: ClassLoader.loadClass: The class loader returned by Thread.getContextClassLoader() may fail for processes that host multiple applications. You should explicitly specify a context class loader. For example: Thread.setContextClassLoader(getClass().getClassLoader());
09-25 00:44:10.343  7519  8714 E MyScan  : ScanThread a scan cost time : 29967, path = /storage/C678-1709/
09-25 00:44:17.800  8764  8764 W chromium: [WARNING:aw_contents.cc(315)] SP>>> Destroy
09-25 00:44:17.879  7519  8894 E MyScan  : ScanThread a scan cost time : 564, path = /storage/emulated/0/
09-25 00:44:28.394  3960  5835 W ExifInterface: Skip the tag entry since tag number is not defined: 269
09-25 00:44:28.394  3960  5835 W ExifInterface: Skip the tag entry since tag number is not defined: 2
09-25 00:44:28.394  3960  5835 W ExifInterface: Skip the tag entry since tag number is not defined: 41995
09-25 00:44:28.426  3960  5835 W ExifInterface: Skip the tag entry since tag number is not defined: 269
09-25 00:44:28.426  3960  5835 W ExifInterface: Skip the tag entry since tag number is not defined: 2
09-25 00:44:28.426  3960  5835 W ExifInterface: Skip the tag entry since tag number is not defined: 41995
09-25 00:44:28.463  3960  5835 W ExifInterface: Skip the tag entry since tag number is not defined: 269
09-25 00:44:28.463  3960  5835 W ExifInterface: Skip the tag entry since tag number is not defined: 2
09-25 00:44:28.463  3960  5835 W ExifInterface: Skip the tag entry since tag number is not defined: 41995
09-25 00:44:28.478  3960  5835 W ExifInterface: Skip the tag entry since tag number is not defined: 41995
09-25 00:44:28.479  3960  5835 W ExifInterface: Skip the tag entry since tag number is not defined: 269
09-25 00:44:28.479  3960  5835 W ExifInterface: Skip the tag entry since tag number is not defined: 2
09-25 00:44:28.505  3960  5835 W ExifInterface: Skip the tag entry since tag number is not defined: 41995
09-25 00:44:28.505  3960  5835 W ExifInterface: Skip the tag entry since tag number is not defined: 269
09-25 00:44:28.505  3960  5835 W ExifInterface: Skip the tag entry since tag number is not defined: 2
09-25 00:44:28.522  3960  5835 W ExifInterface: Skip the tag entry since tag number is not defined: 41995
09-25 00:44:28.522  3960  5835 W ExifInterface: Skip the tag entry since tag number is not defined: 269
09-25 00:44:28.522  3960  5835 W ExifInterface: Skip the tag entry since tag number is not defined: 2
09-25 00:44:28.571  3960  5835 W ExifInterface: Skip the tag entry since tag number is not defined: 269
09-25 00:44:28.571  3960  5835 W ExifInterface: Skip the tag entry since tag number is not defined: 2
09-25 00:44:28.571  3960  5835 W ExifInterface: Skip the tag entry since tag number is not defined: 41995
09-25 00:44:28.596  3960  5835 W ExifInterface: Skip the tag entry since tag number is not defined: 269
09-25 00:44:28.596  3960  5835 W ExifInterface: Skip the tag entry since tag number is not defined: 2
09-25 00:44:28.596  3960  5835 W ExifInterface: Skip the tag entry since tag number is not defined: 41995
09-25 00:44:28.623  3960  5835 W ExifInterface: Skip the tag entry since tag number is not defined: 269
09-25 00:44:28.623  3960  5835 W ExifInterface: Skip the tag entry since tag number is not defined: 2
09-25 00:44:28.624  3960  5835 W ExifInterface: Skip the tag entry since tag number is not defined: 41995
09-25 00:44:28.651  3960  5835 W ExifInterface: Skip the tag entry since tag number is not defined: 269
09-25 00:44:28.651  3960  5835 W ExifInterface: Skip the tag entry since tag number is not defined: 2
09-25 00:44:28.651  3960  5835 W ExifInterface: Skip the tag entry since tag number is not defined: 41995
09-25 00:44:28.678  3960  5835 W ExifInterface: Skip the tag entry since tag number is not defined: 269
09-25 00:44:28.678  3960  5835 W ExifInterface: Skip the tag entry since tag number is not defined: 2
09-25 00:44:28.678  3960  5835 W ExifInterface: Skip the tag entry since tag number is not defined: 41995
09-25 00:44:28.705  3960  5835 W ExifInterface: Skip the tag entry since tag number is not defined: 269
09-25 00:44:28.706  3960  5835 W ExifInterface: Skip the tag entry since tag number is not defined: 2
09-25 00:44:28.706  3960  5835 W ExifInterface: Skip the tag entry since tag number is not defined: 41995
09-25 00:44:28.739  3960  5835 W ExifInterface: Skip the tag entry since tag number is not defined: 269
09-25 00:44:28.739  3960  5835 W ExifInterface: Skip the tag entry since tag number is not defined: 2
09-25 00:44:28.739  3960  5835 W ExifInterface: Skip the tag entry since tag number is not defined: 41995
09-25 00:44:28.766  3960  5835 W ExifInterface: Skip the tag entry since tag number is not defined: 269
09-25 00:44:28.767  3960  5835 W ExifInterface: Skip the tag entry since tag number is not defined: 2
09-25 00:44:28.767  3960  5835 W ExifInterface: Skip the tag entry since tag number is not defined: 41995
09-25 00:44:28.794  3960  5835 W ExifInterface: Skip the tag entry since tag number is not defined: 269
09-25 00:44:28.795  3960  5835 W ExifInterface: Skip the tag entry since tag number is not defined: 2
09-25 00:44:28.795  3960  5835 W ExifInterface: Skip the tag entry since tag number is not defined: 41995
09-25 00:44:28.817  3960  5835 W ExifInterface: Skip the tag entry since tag number is not defined: 269
09-25 00:44:28.817  3960  5835 W ExifInterface: Skip the tag entry since tag number is not defined: 2
09-25 00:44:28.817  3960  5835 W ExifInterface: Skip the tag entry since tag number is not defined: 41995
09-25 00:44:28.839  3960  5835 W ExifInterface: Skip the tag entry since tag number is not defined: 269
09-25 00:44:28.840  3960  5835 W ExifInterface: Skip the tag entry since tag number is not defined: 2
09-25 00:44:28.840  3960  5835 W ExifInterface: Skip the tag entry since tag number is not defined: 41995
09-25 00:44:28.865  3960  5835 W ExifInterface: Skip the tag entry since tag number is not defined: 269
09-25 00:44:28.865  3960  5835 W ExifInterface: Skip the tag entry since tag number is not defined: 2
09-25 00:44:28.865  3960  5835 W ExifInterface: Skip the tag entry since tag number is not defined: 41995
09-25 00:44:28.899  3960  5835 W ExifInterface: Skip the tag entry since tag number is not defined: 269
09-25 00:44:28.900  3960  5835 W ExifInterface: Skip the tag entry since tag number is not defined: 2
09-25 00:44:28.900  3960  5835 W ExifInterface: Skip the tag entry since tag number is not defined: 41995
09-25 00:44:28.924  3960  5835 W ExifInterface: Skip the tag entry since tag number is not defined: 269
09-25 00:44:28.924  3960  5835 W ExifInterface: Skip the tag entry since tag number is not defined: 2
09-25 00:44:28.924  3960  5835 W ExifInterface: Skip the tag entry since tag number is not defined: 41995
09-25 00:44:28.963  3960  5835 W ExifInterface: Skip the tag entry since tag number is not defined: 269
09-25 00:44:28.963  3960  5835 W ExifInterface: Skip the tag entry since tag number is not defined: 2
09-25 00:44:28.963  3960  5835 W ExifInterface: Skip the tag entry since tag number is not defined: 41995
09-25 00:44:28.996  3960  5835 W ExifInterface: Skip the tag entry since tag number is not defined: 269
09-25 00:44:28.997  3960  5835 W ExifInterface: Skip the tag entry since tag number is not defined: 2
09-25 00:44:28.997  3960  5835 W ExifInterface: Skip the tag entry since tag number is not defined: 41995
09-25 00:44:29.019  3960  5835 W ExifInterface: Skip the tag entry since tag number is not defined: 269
09-25 00:44:29.019  3960  5835 W ExifInterface: Skip the tag entry since tag number is not defined: 2
09-25 00:44:29.019  3960  5835 W ExifInterface: Skip the tag entry since tag number is not defined: 41995
09-25 00:44:29.053  3960  5835 W ExifInterface: Skip the tag entry since tag number is not defined: 269
09-25 00:44:29.053  3960  5835 W ExifInterface: Skip the tag entry since tag number is not defined: 2
09-25 00:44:29.053  3960  5835 W ExifInterface: Skip the tag entry since tag number is not defined: 41995
09-25 00:44:29.081  3960  5835 W ExifInterface: Skip the tag entry since tag number is not defined: 269
09-25 00:44:29.082  3960  5835 W ExifInterface: Skip the tag entry since tag number is not defined: 2
09-25 00:44:29.082  3960  5835 W ExifInterface: Skip the tag entry since tag number is not defined: 41995
09-25 00:44:29.110  3960  5835 W ExifInterface: Skip the tag entry since tag number is not defined: 269
09-25 00:44:29.110  3960  5835 W ExifInterface: Skip the tag entry since tag number is not defined: 2
09-25 00:44:29.110  3960  5835 W ExifInterface: Skip the tag entry since tag number is not defined: 41995
09-25 00:44:29.142  3960  5835 W ExifInterface: Skip the tag entry since tag number is not defined: 269
09-25 00:44:29.142  3960  5835 W ExifInterface: Skip the tag entry since tag number is not defined: 2
09-25 00:44:29.142  3960  5835 W ExifInterface: Skip the tag entry since tag number is not defined: 41995
09-25 00:44:29.176  3960  5835 W ExifInterface: Skip the tag entry since tag number is not defined: 269
09-25 00:44:29.176  3960  5835 W ExifInterface: Skip the tag entry since tag number is not defined: 2
09-25 00:44:29.176  3960  5835 W ExifInterface: Skip the tag entry since tag number is not defined: 41995
09-25 00:44:29.212  3960  5835 W ExifInterface: Skip the tag entry since tag number is not defined: 269
09-25 00:44:29.212  3960  5835 W ExifInterface: Skip the tag entry since tag number is not defined: 2
09-25 00:44:29.212  3960  5835 W ExifInterface: Skip the tag entry since tag number is not defined: 41995
09-25 00:44:29.246  3960  5835 W ExifInterface: Skip the tag entry since tag number is not defined: 269
09-25 00:44:29.246  3960  5835 W ExifInterface: Skip the tag entry since tag number is not defined: 2
09-25 00:44:29.246  3960  5835 W ExifInterface: Skip the tag entry since tag number is not defined: 41995
09-25 00:44:29.275  3960  5835 W ExifInterface: Skip the tag entry since tag number is not defined: 269
09-25 00:44:29.275  3960  5835 W ExifInterface: Skip the tag entry since tag number is not defined: 2
09-25 00:44:29.275  3960  5835 W ExifInterface: Skip the tag entry since tag number is not defined: 41995
09-25 00:44:29.304  3960  5835 W ExifInterface: Skip the tag entry since tag number is not defined: 269
09-25 00:44:29.305  3960  5835 W ExifInterface: Skip the tag entry since tag number is not defined: 2
09-25 00:44:29.305  3960  5835 W ExifInterface: Skip the tag entry since tag number is not defined: 41995
09-25 00:44:29.331  3960  5835 W ExifInterface: Skip the tag entry since tag number is not defined: 269
09-25 00:44:29.331  3960  5835 W ExifInterface: Skip the tag entry since tag number is not defined: 2
09-25 00:44:29.331  3960  5835 W ExifInterface: Skip the tag entry since tag number is not defined: 41995
09-25 00:44:29.363  3960  5835 W ExifInterface: Skip the tag entry since tag number is not defined: 269
09-25 00:44:29.363  3960  5835 W ExifInterface: Skip the tag entry since tag number is not defined: 2
09-25 00:44:29.363  3960  5835 W ExifInterface: Skip the tag entry since tag number is not defined: 41995
09-25 00:44:29.426  3960  5835 W ExifInterface: Skip the tag entry since tag number is not defined: 269
09-25 00:44:29.426  3960  5835 W ExifInterface: Skip the tag entry since tag number is not defined: 2
09-25 00:44:29.426  3960  5835 W ExifInterface: Skip the tag entry since tag number is not defined: 41995
09-25 00:44:29.477  3960  5835 W ExifInterface: Skip the tag entry since tag number is not defined: 269
09-25 00:44:29.478  3960  5835 W ExifInterface: Skip the tag entry since tag number is not defined: 2
09-25 00:44:29.478  3960  5835 W ExifInterface: Skip the tag entry since tag number is not defined: 41995
09-25 00:44:29.527  3960  5835 W ExifInterface: Skip the tag entry since tag number is not defined: 269
09-25 00:44:29.528  3960  5835 W ExifInterface: Skip the tag entry since tag number is not defined: 2
09-25 00:44:29.528  3960  5835 W ExifInterface: Skip the tag entry since tag number is not defined: 41995
09-25 00:44:29.554  3960  5835 W ExifInterface: Skip the tag entry since tag number is not defined: 269
09-25 00:44:29.554  3960  5835 W ExifInterface: Skip the tag entry since tag number is not defined: 2
09-25 00:44:29.554  3960  5835 W ExifInterface: Skip the tag entry since tag number is not defined: 41995
09-25 00:44:29.595  3960  5835 W ExifInterface: Skip the tag entry since tag number is not defined: 269
09-25 00:44:29.595  3960  5835 W ExifInterface: Skip the tag entry since tag number is not defined: 2
09-25 00:44:29.595  3960  5835 W ExifInterface: Skip the tag entry since tag number is not defined: 41995
09-25 00:44:29.609  3960  5835 W ExifInterface: Skip the tag entry since tag number is not defined: 269
09-25 00:44:29.609  3960  5835 W ExifInterface: Skip the tag entry since tag number is not defined: 2
09-25 00:44:29.609  3960  5835 W ExifInterface: Skip the tag entry since tag number is not defined: 41995
09-25 00:44:29.619  3960  5835 W ExifInterface: Skip the tag entry since tag number is not defined: 269
09-25 00:44:29.619  3960  5835 W ExifInterface: Skip the tag entry since tag number is not defined: 2
09-25 00:44:29.619  3960  5835 W ExifInterface: Skip the tag entry since tag number is not defined: 41995
09-25 00:44:29.632  3960  5835 W ExifInterface: Skip the tag entry since tag number is not defined: 269
09-25 00:44:29.632  3960  5835 W ExifInterface: Skip the tag entry since tag number is not defined: 2
09-25 00:44:29.632  3960  5835 W ExifInterface: Skip the tag entry since tag number is not defined: 41995
09-25 00:44:29.649  3960  5835 W ExifInterface: Skip the tag entry since tag number is not defined: 269
09-25 00:44:29.649  3960  5835 W ExifInterface: Skip the tag entry since tag number is not defined: 2
09-25 00:44:29.649  3960  5835 W ExifInterface: Skip the tag entry since tag number is not defined: 41995
09-25 00:44:29.669  3960  5835 W ExifInterface: Skip the tag entry since tag number is not defined: 269
09-25 00:44:29.669  3960  5835 W ExifInterface: Skip the tag entry since tag number is not defined: 2
09-25 00:44:29.670  3960  5835 W ExifInterface: Skip the tag entry since tag number is not defined: 41995
09-25 00:44:29.683  3960  5835 W ExifInterface: Skip the tag entry since tag number is not defined: 269
09-25 00:44:29.683  3960  5835 W ExifInterface: Skip the tag entry since tag number is not defined: 2
09-25 00:44:29.683  3960  5835 W ExifInterface: Skip the tag entry since tag number is not defined: 41995
09-25 00:44:29.697  3960  5835 W ExifInterface: Skip the tag entry since tag number is not defined: 269
09-25 00:44:29.697  3960  5835 W ExifInterface: Skip the tag entry since tag number is not defined: 2
09-25 00:44:29.697  3960  5835 W ExifInterface: Skip the tag entry since tag number is not defined: 41995
09-25 00:44:29.711  3960  5835 W ExifInterface: Skip the tag entry since tag number is not defined: 269
09-25 00:44:29.711  3960  5835 W ExifInterface: Skip the tag entry since tag number is not defined: 2
09-25 00:44:29.712  3960  5835 W ExifInterface: Skip the tag entry since tag number is not defined: 41995
09-25 00:44:29.736  3960  5835 W ExifInterface: Skip the tag entry since tag number is not defined: 269
09-25 00:44:29.736  3960  5835 W ExifInterface: Skip the tag entry since tag number is not defined: 2
09-25 00:44:29.737  3960  5835 W ExifInterface: Skip the tag entry since tag number is not defined: 41995
09-25 00:44:29.749  3960  5835 W ExifInterface: Skip the tag entry since tag number is not defined: 269
09-25 00:44:29.749  3960  5835 W ExifInterface: Skip the tag entry since tag number is not defined: 2
09-25 00:44:29.749  3960  5835 W ExifInterface: Skip the tag entry since tag number is not defined: 41995
09-25 00:44:29.760  3960  5835 W ExifInterface: Skip the tag entry since tag number is not defined: 269
09-25 00:44:29.760  3960  5835 W ExifInterface: Skip the tag entry since tag number is not defined: 2
09-25 00:44:29.760  3960  5835 W ExifInterface: Skip the tag entry since tag number is not defined: 41995
09-25 00:44:29.772  3960  5835 W ExifInterface: Skip the tag entry since tag number is not defined: 269
09-25 00:44:29.772  3960  5835 W ExifInterface: Skip the tag entry since tag number is not defined: 2
09-25 00:44:29.772  3960  5835 W ExifInterface: Skip the tag entry since tag number is not defined: 41995
09-25 00:44:29.804  3960  5835 W ExifInterface: Skip the tag entry since tag number is not defined: 269
09-25 00:44:29.805  3960  5835 W ExifInterface: Skip the tag entry since tag number is not defined: 2
09-25 00:44:29.805  3960  5835 W ExifInterface: Skip the tag entry since tag number is not defined: 41995
09-25 00:44:29.817  3960  5835 W ExifInterface: Skip the tag entry since tag number is not defined: 269
09-25 00:44:29.817  3960  5835 W ExifInterface: Skip the tag entry since tag number is not defined: 2
09-25 00:44:29.817  3960  5835 W ExifInterface: Skip the tag entry since tag number is not defined: 41995
09-25 00:44:29.828  3960  5835 W ExifInterface: Skip the tag entry since tag number is not defined: 269
09-25 00:44:29.828  3960  5835 W ExifInterface: Skip the tag entry since tag number is not defined: 2
09-25 00:44:29.829  3960  5835 W ExifInterface: Skip the tag entry since tag number is not defined: 41995
09-25 00:44:29.844  3960  5835 W ExifInterface: Skip the tag entry since tag number is not defined: 269
09-25 00:44:29.845  3960  5835 W ExifInterface: Skip the tag entry since tag number is not defined: 2
09-25 00:44:29.851  3960  5835 W ExifInterface: Skip the tag entry since tag number is not defined: 269
09-25 00:44:29.851  3960  5835 W ExifInterface: Skip the tag entry since tag number is not defined: 2
09-25 00:44:29.857  3960  5835 W ExifInterface: Skip the tag entry since tag number is not defined: 269
09-25 00:44:29.857  3960  5835 W ExifInterface: Skip the tag entry since tag number is not defined: 2
09-25 00:44:29.890  3960  5835 W ExifInterface: Skip the tag entry since tag number is not defined: 269
09-25 00:44:29.890  3960  5835 W ExifInterface: Skip the tag entry since tag number is not defined: 2
09-25 00:44:29.900  3960  5835 W ExifInterface: Skip the tag entry since tag number is not defined: 269
09-25 00:44:29.900  3960  5835 W ExifInterface: Skip the tag entry since tag number is not defined: 2
09-25 00:44:29.910  3960  5835 W ExifInterface: Skip the tag entry since tag number is not defined: 269
09-25 00:44:29.910  3960  5835 W ExifInterface: Skip the tag entry since tag number is not defined: 2
09-25 00:44:29.920  3960  5835 W ExifInterface: Skip the tag entry since tag number is not defined: 269
09-25 00:44:29.920  3960  5835 W ExifInterface: Skip the tag entry since tag number is not defined: 2
09-25 00:44:29.930  3960  5835 W ExifInterface: Skip the tag entry since tag number is not defined: 269
09-25 00:44:29.930  3960  5835 W ExifInterface: Skip the tag entry since tag number is not defined: 2
09-25 00:44:29.946  3960  5835 W ExifInterface: Skip the tag entry since tag number is not defined: 41995
09-25 00:44:29.947  3960  5835 W ExifInterface: Skip the tag entry since tag number is not defined: 269
09-25 00:44:29.947  3960  5835 W ExifInterface: Skip the tag entry since tag number is not defined: 2
09-25 00:44:29.971  3960  5835 W ExifInterface: Skip the tag entry since tag number is not defined: 41995
09-25 00:44:29.971  3960  5835 W ExifInterface: Skip the tag entry since tag number is not defined: 269
09-25 00:44:29.971  3960  5835 W ExifInterface: Skip the tag entry since tag number is not defined: 2
09-25 00:44:29.994  3960  5835 W ExifInterface: Skip the tag entry since tag number is not defined: 269
09-25 00:44:29.994  3960  5835 W ExifInterface: Skip the tag entry since tag number is not defined: 2
09-25 00:44:30.004  3960  5835 W ExifInterface: Skip the tag entry since tag number is not defined: 269
09-25 00:44:30.004  3960  5835 W ExifInterface: Skip the tag entry since tag number is not defined: 2
09-25 00:44:30.012  3960  5835 W ExifInterface: Skip the tag entry since tag number is not defined: 269
09-25 00:44:30.012  3960  5835 W ExifInterface: Skip the tag entry since tag number is not defined: 2
09-25 00:44:30.023  3960  5835 W ExifInterface: Skip the tag entry since tag number is not defined: 269
09-25 00:44:30.023  3960  5835 W ExifInterface: Skip the tag entry since tag number is not defined: 2
09-25 00:44:30.032  3960  5835 W ExifInterface: Skip the tag entry since tag number is not defined: 269
09-25 00:44:30.032  3960  5835 W ExifInterface: Skip the tag entry since tag number is not defined: 2
09-25 00:44:30.052  3960  5835 W ExifInterface: Skip the tag entry since tag number is not defined: 269
09-25 00:44:30.052  3960  5835 W ExifInterface: Skip the tag entry since tag number is not defined: 2
09-25 00:44:30.062  3960  5835 W ExifInterface: Skip the tag entry since tag number is not defined: 269
09-25 00:44:30.062  3960  5835 W ExifInterface: Skip the tag entry since tag number is not defined: 2
09-25 00:44:30.071  3960  5835 W ExifInterface: Skip the tag entry since tag number is not defined: 269
09-25 00:44:30.071  3960  5835 W ExifInterface: Skip the tag entry since tag number is not defined: 2
09-25 00:44:30.081  3960  5835 W ExifInterface: Skip the tag entry since tag number is not defined: 269
09-25 00:44:30.081  3960  5835 W ExifInterface: Skip the tag entry since tag number is not defined: 2
09-25 00:44:30.091  3960  5835 W ExifInterface: Skip the tag entry since tag number is not defined: 269
09-25 00:44:30.091  3960  5835 W ExifInterface: Skip the tag entry since tag number is not defined: 2
09-25 00:44:30.101  3960  5835 W ExifInterface: Skip the tag entry since tag number is not defined: 269
09-25 00:44:30.101  3960  5835 W ExifInterface: Skip the tag entry since tag number is not defined: 2
09-25 00:44:30.111  3960  5835 W ExifInterface: Skip the tag entry since tag number is not defined: 269
09-25 00:44:30.111  3960  5835 W ExifInterface: Skip the tag entry since tag number is not defined: 2
09-25 00:44:30.125  3960  5835 W ExifInterface: Skip the tag entry since tag number is not defined: 269
09-25 00:44:30.125  3960  5835 W ExifInterface: Skip the tag entry since tag number is not defined: 2
09-25 00:44:30.135  3960  5835 W ExifInterface: Skip the tag entry since tag number is not defined: 269
09-25 00:44:30.135  3960  5835 W ExifInterface: Skip the tag entry since tag number is not defined: 2
09-25 00:44:30.155  3960  5835 W ExifInterface: Skip the tag entry since tag number is not defined: 269
09-25 00:44:30.155  3960  5835 W ExifInterface: Skip the tag entry since tag number is not defined: 2
09-25 00:44:30.164  3960  5835 W ExifInterface: Skip the tag entry since tag number is not defined: 269
09-25 00:44:30.164  3960  5835 W ExifInterface: Skip the tag entry since tag number is not defined: 2
09-25 00:44:30.183  3960  5835 W ExifInterface: Skip the tag entry since tag number is not defined: 269
09-25 00:44:30.183  3960  5835 W ExifInterface: Skip the tag entry since tag number is not defined: 2
09-25 00:44:30.201  3960  5835 W ExifInterface: Skip the tag entry since tag number is not defined: 269
09-25 00:44:30.201  3960  5835 W ExifInterface: Skip the tag entry since tag number is not defined: 2
09-25 00:44:30.209  3960  5835 W ExifInterface: Skip the tag entry since tag number is not defined: 269
09-25 00:44:30.209  3960  5835 W ExifInterface: Skip the tag entry since tag number is not defined: 2
09-25 00:44:41.880  7519  8895 E MyScan  : ScanThread a scan cost time : 24564, path = /storage/C678-1709/
09-25 00:44:45.684  3960  5835 W ExifInterface: Skip the tag entry since tag number is not defined: 269
09-25 00:44:45.684  3960  5835 W ExifInterface: Skip the tag entry since tag number is not defined: 2
09-25 00:44:45.700  3960  5835 W ExifInterface: Skip the tag entry since tag number is not defined: 269
09-25 00:44:45.700  3960  5835 W ExifInterface: Skip the tag entry since tag number is not defined: 2
09-25 00:44:45.715  3960  5835 W ExifInterface: Skip the tag entry since tag number is not defined: 269
09-25 00:44:45.716  3960  5835 W ExifInterface: Skip the tag entry since tag number is not defined: 2
09-25 00:44:45.725  3960  5835 W ExifInterface: Skip the tag entry since tag number is not defined: 269
09-25 00:44:45.725  3960  5835 W ExifInterface: Skip the tag entry since tag number is not defined: 2
09-25 00:44:45.740  3960  5835 W ExifInterface: Skip the tag entry since tag number is not defined: 269
09-25 00:44:45.741  3960  5835 W ExifInterface: Skip the tag entry since tag number is not defined: 2
09-25 00:44:45.777  3960  5835 W ExifInterface: Skip the tag entry since tag number is not defined: 269
09-25 00:44:45.777  3960  5835 W ExifInterface: Skip the tag entry since tag number is not defined: 2
09-25 00:44:45.792  3960  5835 W ExifInterface: Skip the tag entry since tag number is not defined: 269
09-25 00:44:45.792  3960  5835 W ExifInterface: Skip the tag entry since tag number is not defined: 2
09-25 00:44:45.810  3960  5835 W ExifInterface: Skip the tag entry since tag number is not defined: 269
09-25 00:44:45.810  3960  5835 W ExifInterface: Skip the tag entry since tag number is not defined: 2
09-25 00:44:45.826  3960  5835 W ExifInterface: Skip the tag entry since tag number is not defined: 269
09-25 00:44:45.826  3960  5835 W ExifInterface: Skip the tag entry since tag number is not defined: 2
09-25 00:44:45.846  3960  5835 W ExifInterface: Skip the tag entry since tag number is not defined: 269
09-25 00:44:45.846  3960  5835 W ExifInterface: Skip the tag entry since tag number is not defined: 2
09-25 00:44:45.859  3960  5835 W ExifInterface: Skip the tag entry since tag number is not defined: 269
09-25 00:44:45.859  3960  5835 W ExifInterface: Skip the tag entry since tag number is not defined: 2
09-25 00:44:45.866  3960  5835 W ExifInterface: Skip the tag entry since tag number is not defined: 269
09-25 00:44:45.866  3960  5835 W ExifInterface: Skip the tag entry since tag number is not defined: 2
09-25 00:44:45.872  3960  5835 W ExifInterface: Skip the tag entry since tag number is not defined: 269
09-25 00:44:45.872  3960  5835 W ExifInterface: Skip the tag entry since tag number is not defined: 2
09-25 00:44:45.885  3960  5835 W ExifInterface: Skip the tag entry since tag number is not defined: 269
09-25 00:44:45.885  3960  5835 W ExifInterface: Skip the tag entry since tag number is not defined: 2
09-25 00:44:45.904  3960  5835 W ExifInterface: Skip the tag entry since tag number is not defined: 269
09-25 00:44:45.904  3960  5835 W ExifInterface: Skip the tag entry since tag number is not defined: 2
09-25 00:44:45.909  3960  5835 W ExifInterface: Skip the tag entry since tag number is not defined: 269
09-25 00:44:45.909  3960  5835 W ExifInterface: Skip the tag entry since tag number is not defined: 2
09-25 00:44:45.918  3960  5835 W ExifInterface: Skip the tag entry since tag number is not defined: 269
09-25 00:44:45.918  3960  5835 W ExifInterface: Skip the tag entry since tag number is not defined: 2
09-25 00:44:45.924  3960  5835 W ExifInterface: Skip the tag entry since tag number is not defined: 269
09-25 00:44:45.924  3960  5835 W ExifInterface: Skip the tag entry since tag number is not defined: 2
